Archive member included to satisfy reference by file (symbol)

c:/progra~1/raspbe~1/picosd~1.1/gcc-ar~1/bin/../lib/gcc/arm-none-eabi/10.3.1/thumb/v6-m/nofp\libgcc.a(_dvmd_tls.o)
                              GPIO/Onewire/CMakeFiles/Onewire.dir/C_/Program_Files/Raspberry_Pi/Pico_SDK_v1.5.1/pico-sdk/src/rp2_common/pico_divider/divider.S.obj (__aeabi_idiv0)
c:/progra~1/raspbe~1/picosd~1.1/gcc-ar~1/bin/../lib/gcc/arm-none-eabi/10.3.1/../../../../arm-none-eabi/lib/thumb/v6-m/nofp\libg.a(lib_a-calloc.o)
                              GPIO/Onewire/CMakeFiles/Onewire.dir/C_/Program_Files/Raspberry_Pi/Pico_SDK_v1.5.1/pico-sdk/src/rp2_common/pico_malloc/pico_malloc.c.obj (calloc)
c:/progra~1/raspbe~1/picosd~1.1/gcc-ar~1/bin/../lib/gcc/arm-none-eabi/10.3.1/../../../../arm-none-eabi/lib/thumb/v6-m/nofp\libg.a(lib_a-callocr.o)
                              c:/progra~1/raspbe~1/picosd~1.1/gcc-ar~1/bin/../lib/gcc/arm-none-eabi/10.3.1/../../../../arm-none-eabi/lib/thumb/v6-m/nofp\libg.a(lib_a-calloc.o) (_calloc_r)
c:/progra~1/raspbe~1/picosd~1.1/gcc-ar~1/bin/../lib/gcc/arm-none-eabi/10.3.1/../../../../arm-none-eabi/lib/thumb/v6-m/nofp\libg.a(lib_a-errno.o)
                              c:/progra~1/raspbe~1/picosd~1.1/gcc-ar~1/bin/../lib/gcc/arm-none-eabi/10.3.1/../../../../arm-none-eabi/lib/thumb/v6-m/nofp\libg.a(lib_a-callocr.o) (__errno)
c:/progra~1/raspbe~1/picosd~1.1/gcc-ar~1/bin/../lib/gcc/arm-none-eabi/10.3.1/../../../../arm-none-eabi/lib/thumb/v6-m/nofp\libg.a(lib_a-impure.o)
                              c:/progra~1/raspbe~1/picosd~1.1/gcc-ar~1/bin/../lib/gcc/arm-none-eabi/10.3.1/../../../../arm-none-eabi/lib/thumb/v6-m/nofp\libg.a(lib_a-calloc.o) (_impure_ptr)
c:/progra~1/raspbe~1/picosd~1.1/gcc-ar~1/bin/../lib/gcc/arm-none-eabi/10.3.1/../../../../arm-none-eabi/lib/thumb/v6-m/nofp\libg.a(lib_a-init.o)
                              c:/progra~1/raspbe~1/picosd~1.1/gcc-ar~1/bin/../lib/gcc/arm-none-eabi/10.3.1/../../../../arm-none-eabi/lib/thumb/v6-m/nofp/crt0.o (__libc_init_array)
c:/progra~1/raspbe~1/picosd~1.1/gcc-ar~1/bin/../lib/gcc/arm-none-eabi/10.3.1/../../../../arm-none-eabi/lib/thumb/v6-m/nofp\libg.a(lib_a-malloc.o)
                              GPIO/Onewire/CMakeFiles/Onewire.dir/C_/Program_Files/Raspberry_Pi/Pico_SDK_v1.5.1/pico-sdk/src/rp2_common/pico_malloc/pico_malloc.c.obj (malloc)
c:/progra~1/raspbe~1/picosd~1.1/gcc-ar~1/bin/../lib/gcc/arm-none-eabi/10.3.1/../../../../arm-none-eabi/lib/thumb/v6-m/nofp\libg.a(lib_a-mallocr.o)
                              c:/progra~1/raspbe~1/picosd~1.1/gcc-ar~1/bin/../lib/gcc/arm-none-eabi/10.3.1/../../../../arm-none-eabi/lib/thumb/v6-m/nofp\libg.a(lib_a-callocr.o) (_malloc_r)
c:/progra~1/raspbe~1/picosd~1.1/gcc-ar~1/bin/../lib/gcc/arm-none-eabi/10.3.1/../../../../arm-none-eabi/lib/thumb/v6-m/nofp\libg.a(lib_a-mlock.o)
                              c:/progra~1/raspbe~1/picosd~1.1/gcc-ar~1/bin/../lib/gcc/arm-none-eabi/10.3.1/../../../../arm-none-eabi/lib/thumb/v6-m/nofp\libg.a(lib_a-mallocr.o) (__malloc_lock)
c:/progra~1/raspbe~1/picosd~1.1/gcc-ar~1/bin/../lib/gcc/arm-none-eabi/10.3.1/../../../../arm-none-eabi/lib/thumb/v6-m/nofp\libg.a(lib_a-realloc.o)
                              GPIO/Onewire/CMakeFiles/Onewire.dir/C_/Program_Files/Raspberry_Pi/Pico_SDK_v1.5.1/pico-sdk/src/rp2_common/pico_malloc/pico_malloc.c.obj (realloc)
c:/progra~1/raspbe~1/picosd~1.1/gcc-ar~1/bin/../lib/gcc/arm-none-eabi/10.3.1/../../../../arm-none-eabi/lib/thumb/v6-m/nofp\libg.a(lib_a-reallocr.o)
                              c:/progra~1/raspbe~1/picosd~1.1/gcc-ar~1/bin/../lib/gcc/arm-none-eabi/10.3.1/../../../../arm-none-eabi/lib/thumb/v6-m/nofp\libg.a(lib_a-realloc.o) (_realloc_r)
c:/progra~1/raspbe~1/picosd~1.1/gcc-ar~1/bin/../lib/gcc/arm-none-eabi/10.3.1/../../../../arm-none-eabi/lib/thumb/v6-m/nofp\libg.a(lib_a-sbrkr.o)
                              c:/progra~1/raspbe~1/picosd~1.1/gcc-ar~1/bin/../lib/gcc/arm-none-eabi/10.3.1/../../../../arm-none-eabi/lib/thumb/v6-m/nofp\libg.a(lib_a-mallocr.o) (_sbrk_r)
c:/progra~1/raspbe~1/picosd~1.1/gcc-ar~1/bin/../lib/gcc/arm-none-eabi/10.3.1/../../../../arm-none-eabi/lib/thumb/v6-m/nofp\libg.a(lib_a-strlen-stub.o)
                              GPIO/Onewire/CMakeFiles/Onewire.dir/C_/Program_Files/Raspberry_Pi/Pico_SDK_v1.5.1/pico-sdk/src/rp2_common/pico_stdio/stdio.c.obj (strlen)
c:/progra~1/raspbe~1/picosd~1.1/gcc-ar~1/bin/../lib/gcc/arm-none-eabi/10.3.1/../../../../arm-none-eabi/lib/thumb/v6-m/nofp\libg.a(lib_a-freer.o)
                              c:/progra~1/raspbe~1/picosd~1.1/gcc-ar~1/bin/../lib/gcc/arm-none-eabi/10.3.1/../../../../arm-none-eabi/lib/thumb/v6-m/nofp\libg.a(lib_a-malloc.o) (_free_r)
c:/progra~1/raspbe~1/picosd~1.1/gcc-ar~1/bin/../lib/gcc/arm-none-eabi/10.3.1/../../../../arm-none-eabi/lib/thumb/v6-m/nofp\libg.a(lib_a-lock.o)
                              c:/progra~1/raspbe~1/picosd~1.1/gcc-ar~1/bin/../lib/gcc/arm-none-eabi/10.3.1/../../../../arm-none-eabi/lib/thumb/v6-m/nofp\libg.a(lib_a-mlock.o) (__retarget_lock_acquire_recursive)
[...]
Memory Configuration

Name             Origin             Length             Attributes
FLASH            0x10000000         0x00200000         xr
RAM              0x20000000         0x00040000         xrw
SCRATCH_X        0x20040000         0x00001000         xrw
SCRATCH_Y        0x20041000         0x00001000         xrw
*default*        0x00000000         0xffffffff

Linker script and memory map

LOAD c:/progra~1/raspbe~1/picosd~1.1/gcc-ar~1/bin/../lib/gcc/arm-none-eabi/10.3.1/thumb/v6-m/nofp/crti.o
LOAD c:/progra~1/raspbe~1/picosd~1.1/gcc-ar~1/bin/../lib/gcc/arm-none-eabi/10.3.1/thumb/v6-m/nofp/crtbegin.o
LOAD c:/progra~1/raspbe~1/picosd~1.1/gcc-ar~1/bin/../lib/gcc/arm-none-eabi/10.3.1/../../../../arm-none-eabi/lib/thumb/v6-m/nofp/crt0.o

.flash_begin    0x10000000        0x0
                0x10000000                __flash_binary_start = .

.boot2          0x10000000      0x100
                0x10000000                __boot2_start__ = .
 *(.boot2)
 .boot2         0x10000000      0x100 C:\Users\Britt\AppData\Local\Temp\ccoUapQZ.o
                0x10000100                __boot2_end__ = .
                0x00000001                ASSERT (((__boot2_end__ - __boot2_start__) == 0x100), ERROR: Pico second stage bootloader must be 256 bytes in size)

.text           0x10000100     0x7488
                0x10000100                __logical_binary_start = .
 *(.vectors)
 .vectors       0x10000100       0xd4 GPIO/Onewire/CMakeFiles/Onewire.dir/C_/Program_Files/Raspberry_Pi/Pico_SDK_v1.5.1/pico-sdk/src/rp2_common/pico_standard_link/crt0.S.obj
                0x10000100                __VECTOR_TABLE
                0x10000100                __vectors
                0x100001c0                isr_invalid
                0x100001c0                __default_isrs_start
                0x100001c2                isr_nmi
                0x100001c4                isr_hardfault
                0x100001c6                isr_svcall
                0x100001c8                isr_pendsv
                0x100001ca                isr_systick
                0x100001cc                isr_irq23
                0x100001cc                isr_irq18
                0x100001cc                isr_irq11
                0x100001cc                isr_irq28
                0x100001cc                isr_irq19
                0x100001cc                isr_irq0
                0x100001cc                isr_irq6
                0x100001cc                isr_irq5
                0x100001cc                isr_irq12
                0x100001cc                isr_irq22
                0x100001cc                isr_irq31
                0x100001cc                isr_irq17
                0x100001cc                isr_irq27
                0x100001cc                isr_irq30
                0x100001cc                isr_irq2
                0x100001cc                isr_irq10
                0x100001cc                isr_irq8
                0x100001cc                isr_irq24
                0x100001cc                isr_irq1
                0x100001cc                isr_irq7
                0x100001cc                isr_irq21
                0x100001cc                isr_irq20
                0x100001cc                isr_irq15
                0x100001cc                isr_irq25
                0x100001cc                isr_irq13
                0x100001cc                __unhandled_user_irq
                0x100001cc                isr_irq4
                0x100001cc                isr_irq16
                0x100001cc                isr_irq29
                0x100001cc                isr_irq26
                0x100001cc                __default_isrs_end
                0x100001cc                isr_irq3
                0x100001cc                isr_irq14
                0x100001cc                isr_irq9
                0x100001d2                unhandled_user_irq_num_in_r0
 *(.binary_info_header)
 .binary_info_header
                0x100001d4       0x14 GPIO/Onewire/CMakeFiles/Onewire.dir/C_/Program_Files/Raspberry_Pi/Pico_SDK_v1.5.1/pico-sdk/src/rp2_common/pico_standard_link/crt0.S.obj
                0x100001e8                __binary_info_header_end = .
 *(.reset)
 .reset         0x100001e8       0xa0 GPIO/Onewire/CMakeFiles/Onewire.dir/C_/Program_Files/Raspberry_Pi/Pico_SDK_v1.5.1/pico-sdk/src/rp2_common/pico_standard_link/crt0.S.obj
                0x100001e8                _entry_point
 .reset         0x10000288       0x30 GPIO/Onewire/CMakeFiles/Onewire.dir/C_/Program_Files/Raspberry_Pi/Pico_SDK_v1.5.1/pico-sdk/src/rp2_common/pico_standard_link/binary_info.c.obj
 *(.init)
 .init          0x100002b8        0x4 c:/progra~1/raspbe~1/picosd~1.1/gcc-ar~1/bin/../lib/gcc/arm-none-eabi/10.3.1/thumb/v6-m/nofp/crti.o
                0x100002b8                _init
 *(EXCLUDE_FILE(*libm.a: *libc.a:*lib_a-mem*.o *libgcc.a:) .text*)
 .text          0x100002bc       0x48 c:/progra~1/raspbe~1/picosd~1.1/gcc-ar~1/bin/../lib/gcc/arm-none-eabi/10.3.1/thumb/v6-m/nofp/crtbegin.o
 .text.main     0x10000304      0x154 GPIO/Onewire/CMakeFiles/Onewire.dir/Onewire_temp.c.obj
                0x10000304                main
 .text.gpio_set_function
                0x10000458       0x30 GPIO/Onewire/CMakeFiles/Onewire.dir/C_/Program_Files/Raspberry_Pi/Pico_SDK_v1.5.1/pico-sdk/src/rp2_common/hardware_gpio/gpio.c.obj
                0x10000458                gpio_set_function
 .text.gpio_init
                0x10000488       0x16 GPIO/Onewire/CMakeFiles/Onewire.dir/C_/Program_Files/Raspberry_Pi/Pico_SDK_v1.5.1/pico-sdk/src/rp2_common/hardware_gpio/gpio.c.obj
                0x10000488                gpio_init
 *fill*         0x1000049e        0x2 
 .text.running_on_fpga
                0x100004a0       0x14 GPIO/Onewire/CMakeFiles/Onewire.dir/C_/Program_Files/Raspberry_Pi/Pico_SDK_v1.5.1/pico-sdk/src/rp2_common/pico_platform/platform.c.obj
                0x100004a0                running_on_fpga
 .text.hw_claim_lock
                0x100004b4       0x18 GPIO/Onewire/CMakeFiles/Onewire.dir/C_/Program_Files/Raspberry_Pi/Pico_SDK_v1.5.1/pico-sdk/src/rp2_common/hardware_claim/claim.c.obj
                0x100004b4                hw_claim_lock
 .text.hw_claim_unlock
                0x100004cc       0x14 GPIO/Onewire/CMakeFiles/Onewire.dir/C_/Program_Files/Raspberry_Pi/Pico_SDK_v1.5.1/pico-sdk/src/rp2_common/hardware_claim/claim.c.obj
                0x100004cc                hw_claim_unlock
 .text.hw_claim_or_assert
                0x100004e0       0x32 GPIO/Onewire/CMakeFiles/Onewire.dir/C_/Program_Files/Raspberry_Pi/Pico_SDK_v1.5.1/pico-sdk/src/rp2_common/hardware_claim/claim.c.obj
                0x100004e0                hw_claim_or_assert
 .text.hw_claim_unused_from_range
                0x10000512       0x50 GPIO/Onewire/CMakeFiles/Onewire.dir/C_/Program_Files/Raspberry_Pi/Pico_SDK_v1.5.1/pico-sdk/src/rp2_common/hardware_claim/claim.c.obj
                0x10000512                hw_claim_unused_from_range
 *fill*         0x10000562        0x2 
 .text.spin_locks_reset
                0x10000564       0x20 GPIO/Onewire/CMakeFiles/Onewire.dir/C_/Program_Files/Raspberry_Pi/Pico_SDK_v1.5.1/pico-sdk/src/rp2_common/hardware_sync/sync.c.obj
                0x10000564                spin_locks_reset
 .text.next_striped_spin_lock_num
                0x10000584       0x1c GPIO/Onewire/CMakeFiles/Onewire.dir/C_/Program_Files/Raspberry_Pi/Pico_SDK_v1.5.1/pico-sdk/src/rp2_common/hardware_sync/sync.c.obj
                0x10000584                next_striped_spin_lock_num
 .text.spin_lock_claim_unused
                0x100005a0       0x20 GPIO/Onewire/CMakeFiles/Onewire.dir/C_/Program_Files/Raspberry_Pi/Pico_SDK_v1.5.1/pico-sdk/src/rp2_common/hardware_sync/sync.c.obj
                0x100005a0                spin_lock_claim_unused
 .text.set_raw_irq_handler_and_unlock
                0x100005c0       0x28 GPIO/Onewire/CMakeFiles/Onewire.dir/C_/Program_Files/Raspberry_Pi/Pico_SDK_v1.5.1/pico-sdk/src/rp2_common/hardware_irq/irq.c.obj
 .text.make_branch
                0x100005e8       0x48 GPIO/Onewire/CMakeFiles/Onewire.dir/C_/Program_Files/Raspberry_Pi/Pico_SDK_v1.5.1/pico-sdk/src/rp2_common/hardware_irq/irq.c.obj
 .text.insert_branch_and_link
                0x10000630       0x40 GPIO/Onewire/CMakeFiles/Onewire.dir/C_/Program_Files/Raspberry_Pi/Pico_SDK_v1.5.1/pico-sdk/src/rp2_common/hardware_irq/irq.c.obj
 .text.irq_is_enabled
                0x10000670       0x18 GPIO/Onewire/CMakeFiles/Onewire.dir/C_/Program_Files/Raspberry_Pi/Pico_SDK_v1.5.1/pico-sdk/src/rp2_common/hardware_irq/irq.c.obj
                0x10000670                irq_is_enabled
 .text.irq_set_mask_enabled
                0x10000688       0x20 GPIO/Onewire/CMakeFiles/Onewire.dir/C_/Program_Files/Raspberry_Pi/Pico_SDK_v1.5.1/pico-sdk/src/rp2_common/hardware_irq/irq.c.obj
                0x10000688                irq_set_mask_enabled
 .text.irq_set_enabled
                0x100006a8        0xe GPIO/Onewire/CMakeFiles/Onewire.dir/C_/Program_Files/Raspberry_Pi/Pico_SDK_v1.5.1/pico-sdk/src/rp2_common/hardware_irq/irq.c.obj
                0x100006a8                irq_set_enabled
 *fill*         0x100006b6        0x2 
 .text.irq_set_pending
                0x100006b8       0x10 GPIO/Onewire/CMakeFiles/Onewire.dir/C_/Program_Files/Raspberry_Pi/Pico_SDK_v1.5.1/pico-sdk/src/rp2_common/hardware_irq/irq.c.obj
                0x100006b8                irq_set_pending
 .text.irq_get_vtable_handler
                0x100006c8       0x10 GPIO/Onewire/CMakeFiles/Onewire.dir/C_/Program_Files/Raspberry_Pi/Pico_SDK_v1.5.1/pico-sdk/src/rp2_common/hardware_irq/irq.c.obj
                0x100006c8                irq_get_vtable_handler
 .text.irq_has_shared_handler
                0x100006d8       0x24 GPIO/Onewire/CMakeFiles/Onewire.dir/C_/Program_Files/Raspberry_Pi/Pico_SDK_v1.5.1/pico-sdk/src/rp2_common/hardware_irq/irq.c.obj
                0x100006d8                irq_has_shared_handler
 .text.irq_set_exclusive_handler
                0x100006fc       0x54 GPIO/Onewire/CMakeFiles/Onewire.dir/C_/Program_Files/Raspberry_Pi/Pico_SDK_v1.5.1/pico-sdk/src/rp2_common/hardware_irq/irq.c.obj
                0x100006fc                irq_set_exclusive_handler
 .text.irq_add_shared_handler
                0x10000750      0x234 GPIO/Onewire/CMakeFiles/Onewire.dir/C_/Program_Files/Raspberry_Pi/Pico_SDK_v1.5.1/pico-sdk/src/rp2_common/hardware_irq/irq.c.obj
                0x10000750                irq_add_shared_handler
 .text.irq_remove_handler
                0x10000984      0x1ac GPIO/Onewire/CMakeFiles/Onewire.dir/C_/Program_Files/Raspberry_Pi/Pico_SDK_v1.5.1/pico-sdk/src/rp2_common/hardware_irq/irq.c.obj
                0x10000984                irq_remove_handler
 .text.irq_add_tail_to_free_list
                0x10000b30       0xf0 GPIO/Onewire/CMakeFiles/Onewire.dir/C_/Program_Files/Raspberry_Pi/Pico_SDK_v1.5.1/pico-sdk/src/rp2_common/hardware_irq/irq.c.obj
                0x10000b30                irq_add_tail_to_free_list
 .text.irq_init_priorities
                0x10000c20       0x1c GPIO/Onewire/CMakeFiles/Onewire.dir/C_/Program_Files/Raspberry_Pi/Pico_SDK_v1.5.1/pico-sdk/src/rp2_common/hardware_irq/irq.c.obj
                0x10000c20                irq_init_priorities
 .text.user_irq_claim_unused
                0x10000c3c       0x28 GPIO/Onewire/CMakeFiles/Onewire.dir/C_/Program_Files/Raspberry_Pi/Pico_SDK_v1.5.1/pico-sdk/src/rp2_common/hardware_irq/irq.c.obj
                0x10000c3c                user_irq_claim_unused
 .text.lock_init
                0x10000c64       0x10 GPIO/Onewire/CMakeFiles/Onewire.dir/C_/Program_Files/Raspberry_Pi/Pico_SDK_v1.5.1/pico-sdk/src/common/pico_sync/lock_core.c.obj
                0x10000c64                lock_init
 .text.mutex_init
                0x10000c74       0x1a GPIO/Onewire/CMakeFiles/Onewire.dir/C_/Program_Files/Raspberry_Pi/Pico_SDK_v1.5.1/pico-sdk/src/common/pico_sync/mutex.c.obj
                0x10000c74                mutex_init
 .text.recursive_mutex_init
                0x10000c8e       0x1e GPIO/Onewire/CMakeFiles/Onewire.dir/C_/Program_Files/Raspberry_Pi/Pico_SDK_v1.5.1/pico-sdk/src/common/pico_sync/mutex.c.obj
                0x10000c8e                recursive_mutex_init
 .text.critical_section_init_with_lock_num
                0x10000cac       0x14 GPIO/Onewire/CMakeFiles/Onewire.dir/C_/Program_Files/Raspberry_Pi/Pico_SDK_v1.5.1/pico-sdk/src/common/pico_sync/critical_section.c.obj
                0x10000cac                critical_section_init_with_lock_num
 .text.critical_section_init
                0x10000cc0       0x14 GPIO/Onewire/CMakeFiles/Onewire.dir/C_/Program_Files/Raspberry_Pi/Pico_SDK_v1.5.1/pico-sdk/src/common/pico_sync/critical_section.c.obj
                0x10000cc0                critical_section_init
 .text.alarm_pool_post_alloc_init
                0x10000cd4       0x40 GPIO/Onewire/CMakeFiles/Onewire.dir/C_/Program_Files/Raspberry_Pi/Pico_SDK_v1.5.1/pico-sdk/src/common/pico_time/time.c.obj
 .text.sleep_until_callback
                0x10000d14       0x30 GPIO/Onewire/CMakeFiles/Onewire.dir/C_/Program_Files/Raspberry_Pi/Pico_SDK_v1.5.1/pico-sdk/src/common/pico_time/time.c.obj
 .text.timer_pool_entry_comparator
                0x10000d44       0x7c GPIO/Onewire/CMakeFiles/Onewire.dir/C_/Program_Files/Raspberry_Pi/Pico_SDK_v1.5.1/pico-sdk/src/common/pico_time/time.c.obj
                0x10000d44                timer_pool_entry_comparator
 .text.ph_add_child_node
                0x10000dc0       0xa4 GPIO/Onewire/CMakeFiles/Onewire.dir/C_/Program_Files/Raspberry_Pi/Pico_SDK_v1.5.1/pico-sdk/src/common/pico_time/time.c.obj
 .text.ph_merge_nodes
                0x10000e64       0x3e GPIO/Onewire/CMakeFiles/Onewire.dir/C_/Program_Files/Raspberry_Pi/Pico_SDK_v1.5.1/pico-sdk/src/common/pico_time/time.c.obj
 *fill*         0x10000ea2        0x2 
 .text.add_alarm_under_lock
                0x10000ea4      0x174 GPIO/Onewire/CMakeFiles/Onewire.dir/C_/Program_Files/Raspberry_Pi/Pico_SDK_v1.5.1/pico-sdk/src/common/pico_time/time.c.obj
 .text.alarm_pool_alarm_callback
                0x10001018      0x33c GPIO/Onewire/CMakeFiles/Onewire.dir/C_/Program_Files/Raspberry_Pi/Pico_SDK_v1.5.1/pico-sdk/src/common/pico_time/time.c.obj
 .text.alarm_pool_init_default
                0x10001354       0x40 GPIO/Onewire/CMakeFiles/Onewire.dir/C_/Program_Files/Raspberry_Pi/Pico_SDK_v1.5.1/pico-sdk/src/common/pico_time/time.c.obj
                0x10001354                alarm_pool_init_default
 .text.alarm_pool_get_default
                0x10001394       0x2c GPIO/Onewire/CMakeFiles/Onewire.dir/C_/Program_Files/Raspberry_Pi/Pico_SDK_v1.5.1/pico-sdk/src/common/pico_time/time.c.obj
                0x10001394                alarm_pool_get_default
 .text.alarm_pool_add_alarm_at
                0x100013c0      0x168 GPIO/Onewire/CMakeFiles/Onewire.dir/C_/Program_Files/Raspberry_Pi/Pico_SDK_v1.5.1/pico-sdk/src/common/pico_time/time.c.obj
                0x100013c0                alarm_pool_add_alarm_at
 .text.alarm_pool_cancel_alarm
                0x10001528       0xf8 GPIO/Onewire/CMakeFiles/Onewire.dir/C_/Program_Files/Raspberry_Pi/Pico_SDK_v1.5.1/pico-sdk/src/common/pico_time/time.c.obj
                0x10001528                alarm_pool_cancel_alarm
 .text.alarm_pool_core_num
                0x10001620        0x4 GPIO/Onewire/CMakeFiles/Onewire.dir/C_/Program_Files/Raspberry_Pi/Pico_SDK_v1.5.1/pico-sdk/src/common/pico_time/time.c.obj
                0x10001620                alarm_pool_core_num
 .text.best_effort_wfe_or_timeout
                0x10001624       0xac GPIO/Onewire/CMakeFiles/Onewire.dir/C_/Program_Files/Raspberry_Pi/Pico_SDK_v1.5.1/pico-sdk/src/common/pico_time/time.c.obj
                0x10001624                best_effort_wfe_or_timeout
 .text.hardware_alarm_irq_handler
                0x100016d0       0x90 GPIO/Onewire/CMakeFiles/Onewire.dir/C_/Program_Files/Raspberry_Pi/Pico_SDK_v1.5.1/pico-sdk/src/rp2_common/hardware_timer/timer.c.obj
 .text.hardware_alarm_claim
                0x10001760       0x18 GPIO/Onewire/CMakeFiles/Onewire.dir/C_/Program_Files/Raspberry_Pi/Pico_SDK_v1.5.1/pico-sdk/src/rp2_common/hardware_timer/timer.c.obj
                0x10001760                hardware_alarm_claim
 .text.time_us_64
                0x10001778       0x18 GPIO/Onewire/CMakeFiles/Onewire.dir/C_/Program_Files/Raspberry_Pi/Pico_SDK_v1.5.1/pico-sdk/src/rp2_common/hardware_timer/timer.c.obj
                0x10001778                time_us_64
 .text.hardware_alarm_set_callback
                0x10001790       0x90 GPIO/Onewire/CMakeFiles/Onewire.dir/C_/Program_Files/Raspberry_Pi/Pico_SDK_v1.5.1/pico-sdk/src/rp2_common/hardware_timer/timer.c.obj
                0x10001790                hardware_alarm_set_callback
 .text.hardware_alarm_set_target
                0x10001820       0xe8 GPIO/Onewire/CMakeFiles/Onewire.dir/C_/Program_Files/Raspberry_Pi/Pico_SDK_v1.5.1/pico-sdk/src/rp2_common/hardware_timer/timer.c.obj
                0x10001820                hardware_alarm_set_target
 .text.hardware_alarm_cancel
                0x10001908       0x40 GPIO/Onewire/CMakeFiles/Onewire.dir/C_/Program_Files/Raspberry_Pi/Pico_SDK_v1.5.1/pico-sdk/src/rp2_common/hardware_timer/timer.c.obj
                0x10001908                hardware_alarm_cancel
 .text.ph_add_child_node
                0x10001948       0xa4 GPIO/Onewire/CMakeFiles/Onewire.dir/C_/Program_Files/Raspberry_Pi/Pico_SDK_v1.5.1/pico-sdk/src/common/pico_util/pheap.c.obj
 .text.ph_merge_nodes
                0x100019ec       0x3e GPIO/Onewire/CMakeFiles/Onewire.dir/C_/Program_Files/Raspberry_Pi/Pico_SDK_v1.5.1/pico-sdk/src/common/pico_util/pheap.c.obj
 *fill*         0x10001a2a        0x2 
 .text.ph_clear
                0x10001a2c       0x70 GPIO/Onewire/CMakeFiles/Onewire.dir/C_/Program_Files/Raspberry_Pi/Pico_SDK_v1.5.1/pico-sdk/src/common/pico_util/pheap.c.obj
                0x10001a2c                ph_clear
 .text.ph_post_alloc_init
                0x10001a9c        0xe GPIO/Onewire/CMakeFiles/Onewire.dir/C_/Program_Files/Raspberry_Pi/Pico_SDK_v1.5.1/pico-sdk/src/common/pico_util/pheap.c.obj
                0x10001a9c                ph_post_alloc_init
 *fill*         0x10001aaa        0x2 
 .text.ph_merge_two_pass
                0x10001aac       0xa8 GPIO/Onewire/CMakeFiles/Onewire.dir/C_/Program_Files/Raspberry_Pi/Pico_SDK_v1.5.1/pico-sdk/src/common/pico_util/pheap.c.obj
                0x10001aac                ph_merge_two_pass
 .text.ph_remove_any_head
                0x10001b54      0x128 GPIO/Onewire/CMakeFiles/Onewire.dir/C_/Program_Files/Raspberry_Pi/Pico_SDK_v1.5.1/pico-sdk/src/common/pico_util/pheap.c.obj
 .text.ph_remove_head
                0x10001c7c       0x14 GPIO/Onewire/CMakeFiles/Onewire.dir/C_/Program_Files/Raspberry_Pi/Pico_SDK_v1.5.1/pico-sdk/src/common/pico_util/pheap.c.obj
                0x10001c7c                ph_remove_head
 .text.ph_remove_and_free_node
                0x10001c90       0xf8 GPIO/Onewire/CMakeFiles/Onewire.dir/C_/Program_Files/Raspberry_Pi/Pico_SDK_v1.5.1/pico-sdk/src/common/pico_util/pheap.c.obj
                0x10001c90                ph_remove_and_free_node
 .text.clock_configure
                0x10001d88      0x108 GPIO/Onewire/CMakeFiles/Onewire.dir/C_/Program_Files/Raspberry_Pi/Pico_SDK_v1.5.1/pico-sdk/src/rp2_common/hardware_clocks/clocks.c.obj
                0x10001d88                clock_configure
 .text.clocks_init
                0x10001e90      0x100 GPIO/Onewire/CMakeFiles/Onewire.dir/C_/Program_Files/Raspberry_Pi/Pico_SDK_v1.5.1/pico-sdk/src/rp2_common/hardware_clocks/clocks.c.obj
                0x10001e90                clocks_init
 .text.clock_get_hz
                0x10001f90        0xc GPIO/Onewire/CMakeFiles/Onewire.dir/C_/Program_Files/Raspberry_Pi/Pico_SDK_v1.5.1/pico-sdk/src/rp2_common/hardware_clocks/clocks.c.obj
                0x10001f90                clock_get_hz
 .text.pll_init
                0x10001f9c      0x120 GPIO/Onewire/CMakeFiles/Onewire.dir/C_/Program_Files/Raspberry_Pi/Pico_SDK_v1.5.1/pico-sdk/src/rp2_common/hardware_pll/pll.c.obj
                0x10001f9c                pll_init
 .text.watchdog_start_tick
                0x100020bc       0x10 GPIO/Onewire/CMakeFiles/Onewire.dir/C_/Program_Files/Raspberry_Pi/Pico_SDK_v1.5.1/pico-sdk/src/rp2_common/hardware_watchdog/watchdog.c.obj
                0x100020bc                watchdog_start_tick
 .text.watchdog_update
                0x100020cc       0x14 GPIO/Onewire/CMakeFiles/Onewire.dir/C_/Program_Files/Raspberry_Pi/Pico_SDK_v1.5.1/pico-sdk/src/rp2_common/hardware_watchdog/watchdog.c.obj
                0x100020cc                watchdog_update
 .text._watchdog_enable
                0x100020e0       0x78 GPIO/Onewire/CMakeFiles/Onewire.dir/C_/Program_Files/Raspberry_Pi/Pico_SDK_v1.5.1/pico-sdk/src/rp2_common/hardware_watchdog/watchdog.c.obj
                0x100020e0                _watchdog_enable
 .text.watchdog_reboot
                0x10002158       0x48 GPIO/Onewire/CMakeFiles/Onewire.dir/C_/Program_Files/Raspberry_Pi/Pico_SDK_v1.5.1/pico-sdk/src/rp2_common/hardware_watchdog/watchdog.c.obj
                0x10002158                watchdog_reboot
 .text.xosc_init
                0x100021a0       0x28 GPIO/Onewire/CMakeFiles/Onewire.dir/C_/Program_Files/Raspberry_Pi/Pico_SDK_v1.5.1/pico-sdk/src/rp2_common/hardware_xosc/xosc.c.obj
                0x100021a0                xosc_init
 .text._exit    0x100021c8        0x4 GPIO/Onewire/CMakeFiles/Onewire.dir/C_/Program_Files/Raspberry_Pi/Pico_SDK_v1.5.1/pico-sdk/src/rp2_common/pico_runtime/runtime.c.obj
                0x100021c8                _exit
 .text.exit     0x100021cc        0x6 GPIO/Onewire/CMakeFiles/Onewire.dir/C_/Program_Files/Raspberry_Pi/Pico_SDK_v1.5.1/pico-sdk/src/rp2_common/pico_runtime/runtime.c.obj
                0x100021cc                exit
 *fill*         0x100021d2        0x2 
 .text.__assert_func
                0x100021d4       0x3c GPIO/Onewire/CMakeFiles/Onewire.dir/C_/Program_Files/Raspberry_Pi/Pico_SDK_v1.5.1/pico-sdk/src/rp2_common/pico_runtime/runtime.c.obj
                0x100021d4                __assert_func
 .text.runtime_init
                0x10002210       0xf8 GPIO/Onewire/CMakeFiles/Onewire.dir/C_/Program_Files/Raspberry_Pi/Pico_SDK_v1.5.1/pico-sdk/src/rp2_common/pico_runtime/runtime.c.obj
                0x10002210                runtime_init
 .text.panic    0x10002308       0x30 GPIO/Onewire/CMakeFiles/Onewire.dir/C_/Program_Files/Raspberry_Pi/Pico_SDK_v1.5.1/pico-sdk/src/rp2_common/pico_runtime/runtime.c.obj
                0x10002308                panic
 .text._out_null
                0x10002338        0x2 GPIO/Onewire/CMakeFiles/Onewire.dir/C_/Program_Files/Raspberry_Pi/Pico_SDK_v1.5.1/pico-sdk/src/rp2_common/pico_printf/printf.c.obj
 .text._out_fct
                0x1000233a        0xe GPIO/Onewire/CMakeFiles/Onewire.dir/C_/Program_Files/Raspberry_Pi/Pico_SDK_v1.5.1/pico-sdk/src/rp2_common/pico_printf/printf.c.obj
 .text._atoi    0x10002348       0x24 GPIO/Onewire/CMakeFiles/Onewire.dir/C_/Program_Files/Raspberry_Pi/Pico_SDK_v1.5.1/pico-sdk/src/rp2_common/pico_printf/printf.c.obj
 .text._out_rev
                0x1000236c       0xae GPIO/Onewire/CMakeFiles/Onewire.dir/C_/Program_Files/Raspberry_Pi/Pico_SDK_v1.5.1/pico-sdk/src/rp2_common/pico_printf/printf.c.obj
 .text._ntoa_format
                0x1000241a      0x112 GPIO/Onewire/CMakeFiles/Onewire.dir/C_/Program_Files/Raspberry_Pi/Pico_SDK_v1.5.1/pico-sdk/src/rp2_common/pico_printf/printf.c.obj
 .text._ntoa_long
                0x1000252c       0xbc GPIO/Onewire/CMakeFiles/Onewire.dir/C_/Program_Files/Raspberry_Pi/Pico_SDK_v1.5.1/pico-sdk/src/rp2_common/pico_printf/printf.c.obj
 .text._ntoa_long_long
                0x100025e8       0xe2 GPIO/Onewire/CMakeFiles/Onewire.dir/C_/Program_Files/Raspberry_Pi/Pico_SDK_v1.5.1/pico-sdk/src/rp2_common/pico_printf/printf.c.obj
 *fill*         0x100026ca        0x2 
 .text._etoa    0x100026cc      0x414 GPIO/Onewire/CMakeFiles/Onewire.dir/C_/Program_Files/Raspberry_Pi/Pico_SDK_v1.5.1/pico-sdk/src/rp2_common/pico_printf/printf.c.obj
 .text._ftoa    0x10002ae0      0x354 GPIO/Onewire/CMakeFiles/Onewire.dir/C_/Program_Files/Raspberry_Pi/Pico_SDK_v1.5.1/pico-sdk/src/rp2_common/pico_printf/printf.c.obj
 .text._vsnprintf
                0x10002e34      0x624 GPIO/Onewire/CMakeFiles/Onewire.dir/C_/Program_Files/Raspberry_Pi/Pico_SDK_v1.5.1/pico-sdk/src/rp2_common/pico_printf/printf.c.obj
 .text.vfctprintf
                0x10003458       0x20 GPIO/Onewire/CMakeFiles/Onewire.dir/C_/Program_Files/Raspberry_Pi/Pico_SDK_v1.5.1/pico-sdk/src/rp2_common/pico_printf/printf.c.obj
                0x10003458                vfctprintf
 .text          0x10003478       0x10 GPIO/Onewire/CMakeFiles/Onewire.dir/C_/Program_Files/Raspberry_Pi/Pico_SDK_v1.5.1/pico-sdk/src/rp2_common/pico_bit_ops/bit_ops_aeabi.S.obj
 .text.rom_func_lookup
                0x10003488       0x10 GPIO/Onewire/CMakeFiles/Onewire.dir/C_/Program_Files/Raspberry_Pi/Pico_SDK_v1.5.1/pico-sdk/src/rp2_common/pico_bootrom/bootrom.c.obj
                0x10003488                rom_func_lookup
 .text.rom_data_lookup
                0x10003498       0x10 GPIO/Onewire/CMakeFiles/Onewire.dir/C_/Program_Files/Raspberry_Pi/Pico_SDK_v1.5.1/pico-sdk/src/rp2_common/pico_bootrom/bootrom.c.obj
                0x10003498                rom_data_lookup
 .text.rom_funcs_lookup
                0x100034a8       0x36 GPIO/Onewire/CMakeFiles/Onewire.dir/C_/Program_Files/Raspberry_Pi/Pico_SDK_v1.5.1/pico-sdk/src/rp2_common/pico_bootrom/bootrom.c.obj
                0x100034a8                rom_funcs_lookup
 *fill*         0x100034de        0x2 
 .text.__wrap___aeabi_idiv
                0x100034e0       0x50 GPIO/Onewire/CMakeFiles/Onewire.dir/C_/Program_Files/Raspberry_Pi/Pico_SDK_v1.5.1/pico-sdk/src/rp2_common/pico_divider/divider.S.obj
                0x100034e0                __wrap___aeabi_idivmod
                0x100034e0                divmod_s32s32
                0x100034e0                div_s32s32
                0x100034e0                __wrap___aeabi_idiv
                0x100034e8                divmod_s32s32_unsafe
                0x10003514                divmod_s32s32_savestate
 .text.__wrap___aeabi_uidiv
                0x10003530       0x4c GPIO/Onewire/CMakeFiles/Onewire.dir/C_/Program_Files/Raspberry_Pi/Pico_SDK_v1.5.1/pico-sdk/src/rp2_common/pico_divider/divider.S.obj
                0x10003530                __wrap___aeabi_uidiv
                0x10003530                __wrap___aeabi_uidivmod
                0x10003530                div_u32u32
                0x10003530                divmod_u32u32
                0x10003538                divmod_u32u32_unsafe
                0x10003560                divmod_u32u32_savestate
 .text.__wrap___aeabi_ldiv
                0x1000357c      0x424 GPIO/Onewire/CMakeFiles/Onewire.dir/C_/Program_Files/Raspberry_Pi/Pico_SDK_v1.5.1/pico-sdk/src/rp2_common/pico_divider/divider.S.obj
                0x1000357c                div_s64s64
                0x1000357c                divmod_s64s64
                0x1000357c                __wrap___aeabi_ldivmod
                0x100035ac                divmod_u64u64
                0x100035ac                div_u64u64
                0x100035ac                __wrap___aeabi_uldivmod
                0x100035bc                divmod_u64u64_savestate
                0x100035dc                divmod_s64s64_unsafe
                0x10003664                divmod_u64u64_unsafe
 .text.__wrap___aeabi_darithmetic
                0x100039a0       0x80 GPIO/Onewire/CMakeFiles/Onewire.dir/C_/Program_Files/Raspberry_Pi/Pico_SDK_v1.5.1/pico-sdk/src/rp2_common/pico_double/double_aeabi.S.obj
                0x100039a0                __wrap___aeabi_drsub
                0x100039a6                __wrap___aeabi_dsub
                0x100039b8                __wrap___aeabi_dadd
                0x100039ca                __wrap___aeabi_ddiv
                0x10003a06                __wrap___aeabi_dmul
 .text.__wrap___aeabi_cdcmple
                0x10003a20       0x6c GPIO/Onewire/CMakeFiles/Onewire.dir/C_/Program_Files/Raspberry_Pi/Pico_SDK_v1.5.1/pico-sdk/src/rp2_common/pico_double/double_aeabi.S.obj
                0x10003a20                __wrap___aeabi_cdrcmple
                0x10003a30                __wrap___aeabi_cdcmpeq
                0x10003a30                __wrap___aeabi_cdcmple
 .text.__wrap___aeabi_dcmplt
                0x10003a8c        0xc GPIO/Onewire/CMakeFiles/Onewire.dir/C_/Program_Files/Raspberry_Pi/Pico_SDK_v1.5.1/pico-sdk/src/rp2_common/pico_double/double_aeabi.S.obj
                0x10003a8c                __wrap___aeabi_dcmplt
 .text.__wrap___aeabi_dcmple
                0x10003a98       0x10 GPIO/Onewire/CMakeFiles/Onewire.dir/C_/Program_Files/Raspberry_Pi/Pico_SDK_v1.5.1/pico-sdk/src/rp2_common/pico_double/double_aeabi.S.obj
                0x10003a98                __wrap___aeabi_dcmple
 .text.__wrap___aeabi_dcmpge
                0x10003aa8       0x10 GPIO/Onewire/CMakeFiles/Onewire.dir/C_/Program_Files/Raspberry_Pi/Pico_SDK_v1.5.1/pico-sdk/src/rp2_common/pico_double/double_aeabi.S.obj
                0x10003aa8                __wrap___aeabi_dcmpge
 .text.__wrap___aeabi_dcmpgt
                0x10003ab8        0xa GPIO/Onewire/CMakeFiles/Onewire.dir/C_/Program_Files/Raspberry_Pi/Pico_SDK_v1.5.1/pico-sdk/src/rp2_common/pico_double/double_aeabi.S.obj
                0x10003ab8                __wrap___aeabi_dcmpgt
 .text.__wrap___aeabi_dcmpun
                0x10003ac2       0x1c GPIO/Onewire/CMakeFiles/Onewire.dir/C_/Program_Files/Raspberry_Pi/Pico_SDK_v1.5.1/pico-sdk/src/rp2_common/pico_double/double_aeabi.S.obj
                0x10003ac2                __wrap___aeabi_dcmpun
 *fill*         0x10003ade        0x2 
 .text.__wrap___aeabi_i2d
                0x10003ae0       0x38 GPIO/Onewire/CMakeFiles/Onewire.dir/C_/Program_Files/Raspberry_Pi/Pico_SDK_v1.5.1/pico-sdk/src/rp2_common/pico_double/double_aeabi.S.obj
                0x10003ae0                __wrap___aeabi_ui2d
                0x10003ae8                __wrap___aeabi_i2d
 .text.__wrap___aeabi_d2iz
                0x10003b18       0x48 GPIO/Onewire/CMakeFiles/Onewire.dir/C_/Program_Files/Raspberry_Pi/Pico_SDK_v1.5.1/pico-sdk/src/rp2_common/pico_double/double_aeabi.S.obj
                0x10003b18                double2int_z
                0x10003b18                __wrap___aeabi_d2iz
 .text.__wrap___aeabi_d2uiz
                0x10003b60       0x18 GPIO/Onewire/CMakeFiles/Onewire.dir/C_/Program_Files/Raspberry_Pi/Pico_SDK_v1.5.1/pico-sdk/src/rp2_common/pico_double/double_aeabi.S.obj
                0x10003b60                __wrap___aeabi_d2uiz
                0x10003b60                double2uint
 .text.__wrap___aeabi_d2f
                0x10003b78       0x18 GPIO/Onewire/CMakeFiles/Onewire.dir/C_/Program_Files/Raspberry_Pi/Pico_SDK_v1.5.1/pico-sdk/src/rp2_common/pico_double/double_aeabi.S.obj
                0x10003b78                __wrap___aeabi_d2f
 .text.__aeabi_double_init
                0x10003b90       0xc8 GPIO/Onewire/CMakeFiles/Onewire.dir/C_/Program_Files/Raspberry_Pi/Pico_SDK_v1.5.1/pico-sdk/src/rp2_common/pico_double/double_init_rom.c.obj
                0x10003b90                __aeabi_double_init
 .text.double_table_shim_on_use_helper
                0x10003c58       0x34 GPIO/Onewire/CMakeFiles/Onewire.dir/C_/Program_Files/Raspberry_Pi/Pico_SDK_v1.5.1/pico-sdk/src/rp2_common/pico_double/double_v1_rom_shim.S.obj
                0x10003c58                double_table_shim_on_use_helper
 .text.__wrap___aeabi_dsub
                0x10003c8c       0x10 GPIO/Onewire/CMakeFiles/Onewire.dir/C_/Program_Files/Raspberry_Pi/Pico_SDK_v1.5.1/pico-sdk/src/rp2_common/pico_double/double_v1_rom_shim.S.obj
                0x10003c8c                drsub_shim
                0x10003c92                dsub_shim
 .text.dadd_shim
                0x10003c9c      0x15c GPIO/Onewire/CMakeFiles/Onewire.dir/C_/Program_Files/Raspberry_Pi/Pico_SDK_v1.5.1/pico-sdk/src/rp2_common/pico_double/double_v1_rom_shim.S.obj
                0x10003c9c                dadd_shim
 .text.dmul_shim
                0x10003df8      0x15c GPIO/Onewire/CMakeFiles/Onewire.dir/C_/Program_Files/Raspberry_Pi/Pico_SDK_v1.5.1/pico-sdk/src/rp2_common/pico_double/double_v1_rom_shim.S.obj
                0x10003df8                dmul_shim
 .text.ddiv_shim
                0x10003f54      0x1b0 GPIO/Onewire/CMakeFiles/Onewire.dir/C_/Program_Files/Raspberry_Pi/Pico_SDK_v1.5.1/pico-sdk/src/rp2_common/pico_double/double_v1_rom_shim.S.obj
                0x10003f54                ddiv_shim
 .text.double2uint_shim
                0x10004104        0xe GPIO/Onewire/CMakeFiles/Onewire.dir/C_/Program_Files/Raspberry_Pi/Pico_SDK_v1.5.1/pico-sdk/src/rp2_common/pico_double/double_v1_rom_shim.S.obj
                0x10004104                double2uint_shim
                0x10004106                double2ufix_shim
 *fill*         0x10004112        0x2 
 .text.double2uint64_shim
                0x10004114       0x70 GPIO/Onewire/CMakeFiles/Onewire.dir/C_/Program_Files/Raspberry_Pi/Pico_SDK_v1.5.1/pico-sdk/src/rp2_common/pico_double/double_v1_rom_shim.S.obj
                0x10004114                double2uint64_shim
                0x10004116                double2ufix64_shim
                0x10004136                d2fix_a
 .text.double2float_shim
                0x10004184       0x5c GPIO/Onewire/CMakeFiles/Onewire.dir/C_/Program_Files/Raspberry_Pi/Pico_SDK_v1.5.1/pico-sdk/src/rp2_common/pico_double/double_v1_rom_shim.S.obj
                0x10004184                double2float_shim
 .text.dunpacks
                0x100041e0       0x3c GPIO/Onewire/CMakeFiles/Onewire.dir/C_/Program_Files/Raspberry_Pi/Pico_SDK_v1.5.1/pico-sdk/src/rp2_common/pico_double/double_v1_rom_shim.S.obj
                0x100041e0                dunpacks
 .text.__aeabi_lmul
                0x1000421c       0x32 GPIO/Onewire/CMakeFiles/Onewire.dir/C_/Program_Files/Raspberry_Pi/Pico_SDK_v1.5.1/pico-sdk/src/rp2_common/pico_int64_ops/pico_int64_ops_aeabi.S.obj
                0x1000421c                __wrap___aeabi_lmul
 *fill*         0x1000424e        0x2 
 .text.__wrap___aeabi_farithmetic
                0x10004250       0x58 GPIO/Onewire/CMakeFiles/Onewire.dir/C_/Program_Files/Raspberry_Pi/Pico_SDK_v1.5.1/pico-sdk/src/rp2_common/pico_float/float_aeabi.S.obj
                0x10004250                __wrap___aeabi_frsub
                0x10004256                __wrap___aeabi_fsub
                0x10004260                __wrap___aeabi_fadd
                0x1000426a                __wrap___aeabi_fdiv
                0x10004296                __wrap___aeabi_fmul
 .text.__wrap___aeabi_ui2f
                0x100042a8        0xa GPIO/Onewire/CMakeFiles/Onewire.dir/C_/Program_Files/Raspberry_Pi/Pico_SDK_v1.5.1/pico-sdk/src/rp2_common/pico_float/float_aeabi.S.obj
                0x100042a8                __wrap___aeabi_ui2f
 *fill*         0x100042b2        0x2 
 .text.__wrap___aeabi_i2f
                0x100042b4       0x44 GPIO/Onewire/CMakeFiles/Onewire.dir/C_/Program_Files/Raspberry_Pi/Pico_SDK_v1.5.1/pico-sdk/src/rp2_common/pico_float/float_aeabi.S.obj
                0x100042b4                __wrap___aeabi_i2f
 .text.__wrap___aeabi_f2uiz
                0x100042f8       0x10 GPIO/Onewire/CMakeFiles/Onewire.dir/C_/Program_Files/Raspberry_Pi/Pico_SDK_v1.5.1/pico-sdk/src/rp2_common/pico_float/float_aeabi.S.obj
                0x100042f8                __wrap___aeabi_f2uiz
 .text.__aeabi_float_init
                0x10004308       0xfc GPIO/Onewire/CMakeFiles/Onewire.dir/C_/Program_Files/Raspberry_Pi/Pico_SDK_v1.5.1/pico-sdk/src/rp2_common/pico_float/float_init_rom.c.obj
                0x10004308                __aeabi_float_init
 .text.float_table_shim_on_use_helper
                0x10004404       0x34 GPIO/Onewire/CMakeFiles/Onewire.dir/C_/Program_Files/Raspberry_Pi/Pico_SDK_v1.5.1/pico-sdk/src/rp2_common/pico_float/float_v1_rom_shim.S.obj
                0x10004404                float_table_shim_on_use_helper
 .text          0x10004438       0x10 GPIO/Onewire/CMakeFiles/Onewire.dir/C_/Program_Files/Raspberry_Pi/Pico_SDK_v1.5.1/pico-sdk/src/rp2_common/pico_mem_ops/mem_ops_aeabi.S.obj
                0x10004438                __aeabi_mem_init
 .text.memset   0x10004448        0xc GPIO/Onewire/CMakeFiles/Onewire.dir/C_/Program_Files/Raspberry_Pi/Pico_SDK_v1.5.1/pico-sdk/src/rp2_common/pico_mem_ops/mem_ops_aeabi.S.obj
                0x10004448                __wrap_memset
 .text.memcpy   0x10004454        0xc GPIO/Onewire/CMakeFiles/Onewire.dir/C_/Program_Files/Raspberry_Pi/Pico_SDK_v1.5.1/pico-sdk/src/rp2_common/pico_mem_ops/mem_ops_aeabi.S.obj
                0x10004454                __wrap_memcpy
                0x10004454                __wrap___aeabi_memcpy
 .text.stdio_out_chars_no_crlf
                0x10004460        0xe GPIO/Onewire/CMakeFiles/Onewire.dir/C_/Program_Files/Raspberry_Pi/Pico_SDK_v1.5.1/pico-sdk/src/rp2_common/pico_stdio/stdio.c.obj
 *fill*         0x1000446e        0x2 
 .text.stdio_out_chars_crlf
                0x10004470       0x80 GPIO/Onewire/CMakeFiles/Onewire.dir/C_/Program_Files/Raspberry_Pi/Pico_SDK_v1.5.1/pico-sdk/src/rp2_common/pico_stdio/stdio.c.obj
 .text.stdio_stack_buffer_flush
                0x100044f0       0x44 GPIO/Onewire/CMakeFiles/Onewire.dir/C_/Program_Files/Raspberry_Pi/Pico_SDK_v1.5.1/pico-sdk/src/rp2_common/pico_stdio/stdio.c.obj
 .text.stdio_buffered_printer
                0x10004534       0x20 GPIO/Onewire/CMakeFiles/Onewire.dir/C_/Program_Files/Raspberry_Pi/Pico_SDK_v1.5.1/pico-sdk/src/rp2_common/pico_stdio/stdio.c.obj
 .text.stdout_serialize_begin
                0x10004554       0x5c GPIO/Onewire/CMakeFiles/Onewire.dir/C_/Program_Files/Raspberry_Pi/Pico_SDK_v1.5.1/pico-sdk/src/rp2_common/pico_stdio/stdio.c.obj
                0x10004554                stdout_serialize_begin
 .text.stdout_serialize_end
                0x100045b0       0x10 GPIO/Onewire/CMakeFiles/Onewire.dir/C_/Program_Files/Raspberry_Pi/Pico_SDK_v1.5.1/pico-sdk/src/rp2_common/pico_stdio/stdio.c.obj
                0x100045b0                stdout_serialize_end
 .text.stdio_put_string
                0x100045c0       0x98 GPIO/Onewire/CMakeFiles/Onewire.dir/C_/Program_Files/Raspberry_Pi/Pico_SDK_v1.5.1/pico-sdk/src/rp2_common/pico_stdio/stdio.c.obj
 .text.__wrap_putchar
                0x10004658       0x1c GPIO/Onewire/CMakeFiles/Onewire.dir/C_/Program_Files/Raspberry_Pi/Pico_SDK_v1.5.1/pico-sdk/src/rp2_common/pico_stdio/stdio.c.obj
                0x10004658                __wrap_putchar
 .text.stdio_set_driver_enabled
                0x10004674       0x2c GPIO/Onewire/CMakeFiles/Onewire.dir/C_/Program_Files/Raspberry_Pi/Pico_SDK_v1.5.1/pico-sdk/src/rp2_common/pico_stdio/stdio.c.obj
                0x10004674                stdio_set_driver_enabled
 .text.stdio_flush
                0x100046a0       0x20 GPIO/Onewire/CMakeFiles/Onewire.dir/C_/Program_Files/Raspberry_Pi/Pico_SDK_v1.5.1/pico-sdk/src/rp2_common/pico_stdio/stdio.c.obj
                0x100046a0                stdio_flush
 .text.__wrap_puts
                0x100046c0       0x1e GPIO/Onewire/CMakeFiles/Onewire.dir/C_/Program_Files/Raspberry_Pi/Pico_SDK_v1.5.1/pico-sdk/src/rp2_common/pico_stdio/stdio.c.obj
                0x100046c0                __wrap_puts
 *fill*         0x100046de        0x2 
 .text.__wrap_vprintf
                0x100046e0       0x40 GPIO/Onewire/CMakeFiles/Onewire.dir/C_/Program_Files/Raspberry_Pi/Pico_SDK_v1.5.1/pico-sdk/src/rp2_common/pico_stdio/stdio.c.obj
                0x100046e0                __wrap_vprintf
 .text.__wrap_printf
                0x10004720       0x18 GPIO/Onewire/CMakeFiles/Onewire.dir/C_/Program_Files/Raspberry_Pi/Pico_SDK_v1.5.1/pico-sdk/src/rp2_common/pico_stdio/stdio.c.obj
                0x10004720                __wrap_printf
 .text.stdio_init_all
                0x10004738        0x8 GPIO/Onewire/CMakeFiles/Onewire.dir/C_/Program_Files/Raspberry_Pi/Pico_SDK_v1.5.1/pico-sdk/src/rp2_common/pico_stdio/stdio.c.obj
                0x10004738                stdio_init_all
 .text.resetd_init
                0x10004740        0x2 GPIO/Onewire/CMakeFiles/Onewire.dir/C_/Program_Files/Raspberry_Pi/Pico_SDK_v1.5.1/pico-sdk/src/rp2_common/pico_stdio_usb/reset_interface.c.obj
 *fill*         0x10004742        0x2 
 .text.resetd_reset
                0x10004744        0xc GPIO/Onewire/CMakeFiles/Onewire.dir/C_/Program_Files/Raspberry_Pi/Pico_SDK_v1.5.1/pico-sdk/src/rp2_common/pico_stdio_usb/reset_interface.c.obj
 .text.resetd_open
                0x10004750       0x34 GPIO/Onewire/CMakeFiles/Onewire.dir/C_/Program_Files/Raspberry_Pi/Pico_SDK_v1.5.1/pico-sdk/src/rp2_common/pico_stdio_usb/reset_interface.c.obj
 .text.resetd_xfer_cb
                0x10004784        0x4 GPIO/Onewire/CMakeFiles/Onewire.dir/C_/Program_Files/Raspberry_Pi/Pico_SDK_v1.5.1/pico-sdk/src/rp2_common/pico_stdio_usb/reset_interface.c.obj
 .text.reset_usb_boot
                0x10004788       0x18 GPIO/Onewire/CMakeFiles/Onewire.dir/C_/Program_Files/Raspberry_Pi/Pico_SDK_v1.5.1/pico-sdk/src/rp2_common/pico_stdio_usb/reset_interface.c.obj
 .text.resetd_control_xfer_cb
                0x100047a0       0x5c GPIO/Onewire/CMakeFiles/Onewire.dir/C_/Program_Files/Raspberry_Pi/Pico_SDK_v1.5.1/pico-sdk/src/rp2_common/pico_stdio_usb/reset_interface.c.obj
 .text.usbd_app_driver_get_cb
                0x100047fc        0xc GPIO/Onewire/CMakeFiles/Onewire.dir/C_/Program_Files/Raspberry_Pi/Pico_SDK_v1.5.1/pico-sdk/src/rp2_common/pico_stdio_usb/reset_interface.c.obj
                0x100047fc                usbd_app_driver_get_cb
 .text.tud_cdc_line_coding_cb
                0x10004808       0x28 GPIO/Onewire/CMakeFiles/Onewire.dir/C_/Program_Files/Raspberry_Pi/Pico_SDK_v1.5.1/pico-sdk/src/rp2_common/pico_stdio_usb/reset_interface.c.obj
                0x10004808                tud_cdc_line_coding_cb
 .text.stdio_usb_set_chars_available_callback
                0x10004830       0x14 GPIO/Onewire/CMakeFiles/Onewire.dir/C_/Program_Files/Raspberry_Pi/Pico_SDK_v1.5.1/pico-sdk/src/rp2_common/pico_stdio_usb/stdio_usb.c.obj
                0x10004830                stdio_usb_set_chars_available_callback
 .text.usb_irq  0x10004844       0x10 GPIO/Onewire/CMakeFiles/Onewire.dir/C_/Program_Files/Raspberry_Pi/Pico_SDK_v1.5.1/pico-sdk/src/rp2_common/pico_stdio_usb/stdio_usb.c.obj
 .text.timer_task
                0x10004854       0x5c GPIO/Onewire/CMakeFiles/Onewire.dir/C_/Program_Files/Raspberry_Pi/Pico_SDK_v1.5.1/pico-sdk/src/rp2_common/pico_stdio_usb/stdio_usb.c.obj
 .text.low_priority_worker_irq
                0x100048b0       0xdc GPIO/Onewire/CMakeFiles/Onewire.dir/C_/Program_Files/Raspberry_Pi/Pico_SDK_v1.5.1/pico-sdk/src/rp2_common/pico_stdio_usb/stdio_usb.c.obj
 .text.tud_cdc_rx_cb
                0x1000498c       0x20 GPIO/Onewire/CMakeFiles/Onewire.dir/C_/Program_Files/Raspberry_Pi/Pico_SDK_v1.5.1/pico-sdk/src/rp2_common/pico_stdio_usb/stdio_usb.c.obj
                0x1000498c                tud_cdc_rx_cb
 .text.stdio_usb_init
                0x100049ac      0x11c GPIO/Onewire/CMakeFiles/Onewire.dir/C_/Program_Files/Raspberry_Pi/Pico_SDK_v1.5.1/pico-sdk/src/rp2_common/pico_stdio_usb/stdio_usb.c.obj
                0x100049ac                stdio_usb_init
 .text.stdio_usb_connected
                0x10004ac8        0xa GPIO/Onewire/CMakeFiles/Onewire.dir/C_/Program_Files/Raspberry_Pi/Pico_SDK_v1.5.1/pico-sdk/src/rp2_common/pico_stdio_usb/stdio_usb.c.obj
                0x10004ac8                stdio_usb_connected
 *fill*         0x10004ad2        0x2 
 .text.stdio_usb_in_chars
                0x10004ad4       0xc4 GPIO/Onewire/CMakeFiles/Onewire.dir/C_/Program_Files/Raspberry_Pi/Pico_SDK_v1.5.1/pico-sdk/src/rp2_common/pico_stdio_usb/stdio_usb.c.obj
                0x10004ad4                stdio_usb_in_chars
 .text.stdio_usb_out_chars
                0x10004b98      0x114 GPIO/Onewire/CMakeFiles/Onewire.dir/C_/Program_Files/Raspberry_Pi/Pico_SDK_v1.5.1/pico-sdk/src/rp2_common/pico_stdio_usb/stdio_usb.c.obj
 .text.tud_descriptor_device_cb
                0x10004cac        0x8 GPIO/Onewire/CMakeFiles/Onewire.dir/C_/Program_Files/Raspberry_Pi/Pico_SDK_v1.5.1/pico-sdk/src/rp2_common/pico_stdio_usb/stdio_usb_descriptors.c.obj
                0x10004cac                tud_descriptor_device_cb
 .text.tud_descriptor_configuration_cb
                0x10004cb4        0x8 GPIO/Onewire/CMakeFiles/Onewire.dir/C_/Program_Files/Raspberry_Pi/Pico_SDK_v1.5.1/pico-sdk/src/rp2_common/pico_stdio_usb/stdio_usb_descriptors.c.obj
                0x10004cb4                tud_descriptor_configuration_cb
 .text.tud_descriptor_string_cb
                0x10004cbc       0x6c GPIO/Onewire/CMakeFiles/Onewire.dir/C_/Program_Files/Raspberry_Pi/Pico_SDK_v1.5.1/pico-sdk/src/rp2_common/pico_stdio_usb/stdio_usb_descriptors.c.obj
                0x10004cbc                tud_descriptor_string_cb
 .text._retrieve_unique_id_on_boot
                0x10004d28       0x10 GPIO/Onewire/CMakeFiles/Onewire.dir/C_/Program_Files/Raspberry_Pi/Pico_SDK_v1.5.1/pico-sdk/src/rp2_common/pico_unique_id/unique_id.c.obj
 .text.pico_get_unique_board_id_string
                0x10004d38       0x60 GPIO/Onewire/CMakeFiles/Onewire.dir/C_/Program_Files/Raspberry_Pi/Pico_SDK_v1.5.1/pico-sdk/src/rp2_common/pico_unique_id/unique_id.c.obj
                0x10004d38                pico_get_unique_board_id_string
 .text.flash_get_unique_id
                0x10004d98       0x46 GPIO/Onewire/CMakeFiles/Onewire.dir/C_/Program_Files/Raspberry_Pi/Pico_SDK_v1.5.1/pico-sdk/src/rp2_common/hardware_flash/flash.c.obj
                0x10004d98                flash_get_unique_id
 *fill*         0x10004dde        0x2 
 .text.hw_endpoint_get_by_addr
                0x10004de0       0x18 GPIO/Onewire/CMakeFiles/Onewire.dir/C_/Program_Files/Raspberry_Pi/Pico_SDK_v1.5.1/pico-sdk/lib/tinyusb/src/portable/raspberrypi/rp2040/dcd_rp2040.c.obj
 .text._hw_endpoint_alloc
                0x10004df8       0x70 GPIO/Onewire/CMakeFiles/Onewire.dir/C_/Program_Files/Raspberry_Pi/Pico_SDK_v1.5.1/pico-sdk/lib/tinyusb/src/portable/raspberrypi/rp2040/dcd_rp2040.c.obj
 .text.hw_endpoint_init
                0x10004e68       0x88 GPIO/Onewire/CMakeFiles/Onewire.dir/C_/Program_Files/Raspberry_Pi/Pico_SDK_v1.5.1/pico-sdk/lib/tinyusb/src/portable/raspberrypi/rp2040/dcd_rp2040.c.obj
 .text.hw_endpoint_xfer
                0x10004ef0       0x14 GPIO/Onewire/CMakeFiles/Onewire.dir/C_/Program_Files/Raspberry_Pi/Pico_SDK_v1.5.1/pico-sdk/lib/tinyusb/src/portable/raspberrypi/rp2040/dcd_rp2040.c.obj
 .text.dcd_int_enable
                0x10004f04       0x2c GPIO/Onewire/CMakeFiles/Onewire.dir/C_/Program_Files/Raspberry_Pi/Pico_SDK_v1.5.1/pico-sdk/lib/tinyusb/src/portable/raspberrypi/rp2040/dcd_rp2040.c.obj
                0x10004f04                dcd_int_enable
 .text.dcd_set_address
                0x10004f30       0x2c GPIO/Onewire/CMakeFiles/Onewire.dir/C_/Program_Files/Raspberry_Pi/Pico_SDK_v1.5.1/pico-sdk/lib/tinyusb/src/portable/raspberrypi/rp2040/dcd_rp2040.c.obj
                0x10004f30                dcd_set_address
 .text.dcd_connect
                0x10004f5c       0x10 GPIO/Onewire/CMakeFiles/Onewire.dir/C_/Program_Files/Raspberry_Pi/Pico_SDK_v1.5.1/pico-sdk/lib/tinyusb/src/portable/raspberrypi/rp2040/dcd_rp2040.c.obj
                0x10004f5c                dcd_connect
 .text.dcd_init
                0x10004f6c       0x80 GPIO/Onewire/CMakeFiles/Onewire.dir/C_/Program_Files/Raspberry_Pi/Pico_SDK_v1.5.1/pico-sdk/lib/tinyusb/src/portable/raspberrypi/rp2040/dcd_rp2040.c.obj
                0x10004f6c                dcd_init
 .text.dcd_edpt0_status_complete
                0x10004fec       0x1c GPIO/Onewire/CMakeFiles/Onewire.dir/C_/Program_Files/Raspberry_Pi/Pico_SDK_v1.5.1/pico-sdk/lib/tinyusb/src/portable/raspberrypi/rp2040/dcd_rp2040.c.obj
                0x10004fec                dcd_edpt0_status_complete
 .text.dcd_edpt_open
                0x10005008       0x40 GPIO/Onewire/CMakeFiles/Onewire.dir/C_/Program_Files/Raspberry_Pi/Pico_SDK_v1.5.1/pico-sdk/lib/tinyusb/src/portable/raspberrypi/rp2040/dcd_rp2040.c.obj
                0x10005008                dcd_edpt_open
 .text.dcd_edpt_close_all
                0x10005048        0x8 GPIO/Onewire/CMakeFiles/Onewire.dir/C_/Program_Files/Raspberry_Pi/Pico_SDK_v1.5.1/pico-sdk/lib/tinyusb/src/portable/raspberrypi/rp2040/dcd_rp2040.c.obj
                0x10005048                dcd_edpt_close_all
 .text.dcd_edpt_xfer
                0x10005050       0x34 GPIO/Onewire/CMakeFiles/Onewire.dir/C_/Program_Files/Raspberry_Pi/Pico_SDK_v1.5.1/pico-sdk/lib/tinyusb/src/portable/raspberrypi/rp2040/dcd_rp2040.c.obj
                0x10005050                dcd_edpt_xfer
 .text.dcd_edpt_stall
                0x10005084       0x2c GPIO/Onewire/CMakeFiles/Onewire.dir/C_/Program_Files/Raspberry_Pi/Pico_SDK_v1.5.1/pico-sdk/lib/tinyusb/src/portable/raspberrypi/rp2040/dcd_rp2040.c.obj
                0x10005084                dcd_edpt_stall
 .text.dcd_edpt_clear_stall
                0x100050b0       0x20 GPIO/Onewire/CMakeFiles/Onewire.dir/C_/Program_Files/Raspberry_Pi/Pico_SDK_v1.5.1/pico-sdk/lib/tinyusb/src/portable/raspberrypi/rp2040/dcd_rp2040.c.obj
                0x100050b0                dcd_edpt_clear_stall
 .text.rp2040_usb_init
                0x100050d0       0x4c GPIO/Onewire/CMakeFiles/Onewire.dir/C_/Program_Files/Raspberry_Pi/Pico_SDK_v1.5.1/pico-sdk/lib/tinyusb/src/portable/raspberrypi/rp2040/rp2040_usb.c.obj
                0x100050d0                rp2040_usb_init
 .text.hw_endpoint_xfer_start
                0x1000511c       0x50 GPIO/Onewire/CMakeFiles/Onewire.dir/C_/Program_Files/Raspberry_Pi/Pico_SDK_v1.5.1/pico-sdk/lib/tinyusb/src/portable/raspberrypi/rp2040/rp2040_usb.c.obj
                0x1000511c                hw_endpoint_xfer_start
 .text.configuration_reset
                0x1000516c       0x84 GPIO/Onewire/CMakeFiles/Onewire.dir/C_/Program_Files/Raspberry_Pi/Pico_SDK_v1.5.1/pico-sdk/lib/tinyusb/src/device/usbd.c.obj
 .text.usbd_reset
                0x100051f0        0xc GPIO/Onewire/CMakeFiles/Onewire.dir/C_/Program_Files/Raspberry_Pi/Pico_SDK_v1.5.1/pico-sdk/lib/tinyusb/src/device/usbd.c.obj
 .text.invoke_class_control
                0x100051fc       0x1a GPIO/Onewire/CMakeFiles/Onewire.dir/C_/Program_Files/Raspberry_Pi/Pico_SDK_v1.5.1/pico-sdk/lib/tinyusb/src/device/usbd.c.obj
 *fill*         0x10005216        0x2 
 .text.process_set_config
                0x10005218      0x178 GPIO/Onewire/CMakeFiles/Onewire.dir/C_/Program_Files/Raspberry_Pi/Pico_SDK_v1.5.1/pico-sdk/lib/tinyusb/src/device/usbd.c.obj
 .text.process_get_descriptor
                0x10005390       0xdc GPIO/Onewire/CMakeFiles/Onewire.dir/C_/Program_Files/Raspberry_Pi/Pico_SDK_v1.5.1/pico-sdk/lib/tinyusb/src/device/usbd.c.obj
 .text.tud_mounted
                0x1000546c       0x10 GPIO/Onewire/CMakeFiles/Onewire.dir/C_/Program_Files/Raspberry_Pi/Pico_SDK_v1.5.1/pico-sdk/lib/tinyusb/src/device/usbd.c.obj
                0x1000546c                tud_mounted
 .text.tud_suspended
                0x1000547c       0x10 GPIO/Onewire/CMakeFiles/Onewire.dir/C_/Program_Files/Raspberry_Pi/Pico_SDK_v1.5.1/pico-sdk/lib/tinyusb/src/device/usbd.c.obj
                0x1000547c                tud_suspended
 .text.tud_inited
                0x1000548c       0x14 GPIO/Onewire/CMakeFiles/Onewire.dir/C_/Program_Files/Raspberry_Pi/Pico_SDK_v1.5.1/pico-sdk/lib/tinyusb/src/device/usbd.c.obj
                0x1000548c                tud_inited
 .text.tud_init
                0x100054a0       0xcc GPIO/Onewire/CMakeFiles/Onewire.dir/C_/Program_Files/Raspberry_Pi/Pico_SDK_v1.5.1/pico-sdk/lib/tinyusb/src/device/usbd.c.obj
                0x100054a0                tud_init
 .text.usbd_defer_func
                0x1000556c       0x2a GPIO/Onewire/CMakeFiles/Onewire.dir/C_/Program_Files/Raspberry_Pi/Pico_SDK_v1.5.1/pico-sdk/lib/tinyusb/src/device/usbd.c.obj
                0x1000556c                usbd_defer_func
 *fill*         0x10005596        0x2 
 .text.usbd_edpt_open
                0x10005598       0x34 GPIO/Onewire/CMakeFiles/Onewire.dir/C_/Program_Files/Raspberry_Pi/Pico_SDK_v1.5.1/pico-sdk/lib/tinyusb/src/device/usbd.c.obj
                0x10005598                usbd_edpt_open
 .text.usbd_open_edpt_pair
                0x100055cc       0x62 GPIO/Onewire/CMakeFiles/Onewire.dir/C_/Program_Files/Raspberry_Pi/Pico_SDK_v1.5.1/pico-sdk/lib/tinyusb/src/device/usbd.c.obj
                0x100055cc                usbd_open_edpt_pair
 *fill*         0x1000562e        0x2 
 .text.usbd_edpt_claim
                0x10005630       0x28 GPIO/Onewire/CMakeFiles/Onewire.dir/C_/Program_Files/Raspberry_Pi/Pico_SDK_v1.5.1/pico-sdk/lib/tinyusb/src/device/usbd.c.obj
                0x10005630                usbd_edpt_claim
 .text.usbd_edpt_release
                0x10005658       0x28 GPIO/Onewire/CMakeFiles/Onewire.dir/C_/Program_Files/Raspberry_Pi/Pico_SDK_v1.5.1/pico-sdk/lib/tinyusb/src/device/usbd.c.obj
                0x10005658                usbd_edpt_release
 .text.usbd_edpt_xfer
                0x10005680       0x78 GPIO/Onewire/CMakeFiles/Onewire.dir/C_/Program_Files/Raspberry_Pi/Pico_SDK_v1.5.1/pico-sdk/lib/tinyusb/src/device/usbd.c.obj
                0x10005680                usbd_edpt_xfer
 .text.usbd_edpt_stall
                0x100056f8       0x48 GPIO/Onewire/CMakeFiles/Onewire.dir/C_/Program_Files/Raspberry_Pi/Pico_SDK_v1.5.1/pico-sdk/lib/tinyusb/src/device/usbd.c.obj
                0x100056f8                usbd_edpt_stall
 .text.usbd_edpt_clear_stall
                0x10005740       0x48 GPIO/Onewire/CMakeFiles/Onewire.dir/C_/Program_Files/Raspberry_Pi/Pico_SDK_v1.5.1/pico-sdk/lib/tinyusb/src/device/usbd.c.obj
                0x10005740                usbd_edpt_clear_stall
 .text.usbd_edpt_stalled
                0x10005788       0x1c GPIO/Onewire/CMakeFiles/Onewire.dir/C_/Program_Files/Raspberry_Pi/Pico_SDK_v1.5.1/pico-sdk/lib/tinyusb/src/device/usbd.c.obj
                0x10005788                usbd_edpt_stalled
 .text.process_control_request
                0x100057a4      0x37c GPIO/Onewire/CMakeFiles/Onewire.dir/C_/Program_Files/Raspberry_Pi/Pico_SDK_v1.5.1/pico-sdk/lib/tinyusb/src/device/usbd.c.obj
 .text.tud_task_ext
                0x10005b20      0x1b8 GPIO/Onewire/CMakeFiles/Onewire.dir/C_/Program_Files/Raspberry_Pi/Pico_SDK_v1.5.1/pico-sdk/lib/tinyusb/src/device/usbd.c.obj
                0x10005b20                tud_task_ext
 .text._data_stage_xact
                0x10005cd8       0x58 GPIO/Onewire/CMakeFiles/Onewire.dir/C_/Program_Files/Raspberry_Pi/Pico_SDK_v1.5.1/pico-sdk/lib/tinyusb/src/device/usbd_control.c.obj
 .text.tud_control_status
                0x10005d30       0x38 GPIO/Onewire/CMakeFiles/Onewire.dir/C_/Program_Files/Raspberry_Pi/Pico_SDK_v1.5.1/pico-sdk/lib/tinyusb/src/device/usbd_control.c.obj
                0x10005d30                tud_control_status
 .text.tud_control_xfer
                0x10005d68       0x74 GPIO/Onewire/CMakeFiles/Onewire.dir/C_/Program_Files/Raspberry_Pi/Pico_SDK_v1.5.1/pico-sdk/lib/tinyusb/src/device/usbd_control.c.obj
                0x10005d68                tud_control_xfer
 .text.usbd_control_reset
                0x10005ddc       0x14 GPIO/Onewire/CMakeFiles/Onewire.dir/C_/Program_Files/Raspberry_Pi/Pico_SDK_v1.5.1/pico-sdk/lib/tinyusb/src/device/usbd_control.c.obj
                0x10005ddc                usbd_control_reset
 .text.usbd_control_set_complete_callback
                0x10005df0        0xc GPIO/Onewire/CMakeFiles/Onewire.dir/C_/Program_Files/Raspberry_Pi/Pico_SDK_v1.5.1/pico-sdk/lib/tinyusb/src/device/usbd_control.c.obj
                0x10005df0                usbd_control_set_complete_callback
 .text.usbd_control_set_request
                0x10005dfc       0x1c GPIO/Onewire/CMakeFiles/Onewire.dir/C_/Program_Files/Raspberry_Pi/Pico_SDK_v1.5.1/pico-sdk/lib/tinyusb/src/device/usbd_control.c.obj
                0x10005dfc                usbd_control_set_request
 .text.usbd_control_xfer_cb
                0x10005e18       0xcc GPIO/Onewire/CMakeFiles/Onewire.dir/C_/Program_Files/Raspberry_Pi/Pico_SDK_v1.5.1/pico-sdk/lib/tinyusb/src/device/usbd_control.c.obj
                0x10005e18                usbd_control_xfer_cb
 .text._prep_out_transaction
                0x10005ee4       0x4a GPIO/Onewire/CMakeFiles/Onewire.dir/C_/Program_Files/Raspberry_Pi/Pico_SDK_v1.5.1/pico-sdk/lib/tinyusb/src/class/cdc/cdc_device.c.obj
 *fill*         0x10005f2e        0x2 
 .text.tud_cdc_n_connected
                0x10005f30       0x44 GPIO/Onewire/CMakeFiles/Onewire.dir/C_/Program_Files/Raspberry_Pi/Pico_SDK_v1.5.1/pico-sdk/lib/tinyusb/src/class/cdc/cdc_device.c.obj
                0x10005f30                tud_cdc_n_connected
 .text.tud_cdc_n_available
                0x10005f74       0x18 GPIO/Onewire/CMakeFiles/Onewire.dir/C_/Program_Files/Raspberry_Pi/Pico_SDK_v1.5.1/pico-sdk/lib/tinyusb/src/class/cdc/cdc_device.c.obj
                0x10005f74                tud_cdc_n_available
 .text.tud_cdc_n_read
                0x10005f8c       0x28 GPIO/Onewire/CMakeFiles/Onewire.dir/C_/Program_Files/Raspberry_Pi/Pico_SDK_v1.5.1/pico-sdk/lib/tinyusb/src/class/cdc/cdc_device.c.obj
                0x10005f8c                tud_cdc_n_read
 .text.tud_cdc_n_write_flush
                0x10005fb4       0xb8 GPIO/Onewire/CMakeFiles/Onewire.dir/C_/Program_Files/Raspberry_Pi/Pico_SDK_v1.5.1/pico-sdk/lib/tinyusb/src/class/cdc/cdc_device.c.obj
                0x10005fb4                tud_cdc_n_write_flush
 .text.tud_cdc_n_write
                0x1000606c       0x38 GPIO/Onewire/CMakeFiles/Onewire.dir/C_/Program_Files/Raspberry_Pi/Pico_SDK_v1.5.1/pico-sdk/lib/tinyusb/src/class/cdc/cdc_device.c.obj
                0x1000606c                tud_cdc_n_write
 .text.tud_cdc_n_write_available
                0x100060a4       0x1c GPIO/Onewire/CMakeFiles/Onewire.dir/C_/Program_Files/Raspberry_Pi/Pico_SDK_v1.5.1/pico-sdk/lib/tinyusb/src/class/cdc/cdc_device.c.obj
                0x100060a4                tud_cdc_n_write_available
 .text.cdcd_init
                0x100060c0       0xbc GPIO/Onewire/CMakeFiles/Onewire.dir/C_/Program_Files/Raspberry_Pi/Pico_SDK_v1.5.1/pico-sdk/lib/tinyusb/src/class/cdc/cdc_device.c.obj
                0x100060c0                cdcd_init
 .text.cdcd_reset
                0x1000617c       0x44 GPIO/Onewire/CMakeFiles/Onewire.dir/C_/Program_Files/Raspberry_Pi/Pico_SDK_v1.5.1/pico-sdk/lib/tinyusb/src/class/cdc/cdc_device.c.obj
                0x1000617c                cdcd_reset
 .text.cdcd_open
                0x100061c0       0xcc GPIO/Onewire/CMakeFiles/Onewire.dir/C_/Program_Files/Raspberry_Pi/Pico_SDK_v1.5.1/pico-sdk/lib/tinyusb/src/class/cdc/cdc_device.c.obj
                0x100061c0                cdcd_open
 .text.cdcd_control_xfer_cb
                0x1000628c      0x134 GPIO/Onewire/CMakeFiles/Onewire.dir/C_/Program_Files/Raspberry_Pi/Pico_SDK_v1.5.1/pico-sdk/lib/tinyusb/src/class/cdc/cdc_device.c.obj
                0x1000628c                cdcd_control_xfer_cb
 .text.cdcd_xfer_cb
                0x100063c0      0x130 GPIO/Onewire/CMakeFiles/Onewire.dir/C_/Program_Files/Raspberry_Pi/Pico_SDK_v1.5.1/pico-sdk/lib/tinyusb/src/class/cdc/cdc_device.c.obj
                0x100063c0                cdcd_xfer_cb
 .text.tusb_init
                0x100064f0        0xa GPIO/Onewire/CMakeFiles/Onewire.dir/C_/Program_Files/Raspberry_Pi/Pico_SDK_v1.5.1/pico-sdk/lib/tinyusb/src/tusb.c.obj
                0x100064f0                tusb_init
 .text.tusb_inited
                0x100064fa        0xe GPIO/Onewire/CMakeFiles/Onewire.dir/C_/Program_Files/Raspberry_Pi/Pico_SDK_v1.5.1/pico-sdk/lib/tinyusb/src/tusb.c.obj
                0x100064fa                tusb_inited
 .text.tu_edpt_claim
                0x10006508       0x50 GPIO/Onewire/CMakeFiles/Onewire.dir/C_/Program_Files/Raspberry_Pi/Pico_SDK_v1.5.1/pico-sdk/lib/tinyusb/src/tusb.c.obj
                0x10006508                tu_edpt_claim
 .text.tu_edpt_release
                0x10006558       0x3c GPIO/Onewire/CMakeFiles/Onewire.dir/C_/Program_Files/Raspberry_Pi/Pico_SDK_v1.5.1/pico-sdk/lib/tinyusb/src/tusb.c.obj
                0x10006558                tu_edpt_release
 .text.tu_edpt_validate
                0x10006594       0x78 GPIO/Onewire/CMakeFiles/Onewire.dir/C_/Program_Files/Raspberry_Pi/Pico_SDK_v1.5.1/pico-sdk/lib/tinyusb/src/tusb.c.obj
                0x10006594                tu_edpt_validate
 .text.tu_edpt_bind_driver
                0x1000660c       0x26 GPIO/Onewire/CMakeFiles/Onewire.dir/C_/Program_Files/Raspberry_Pi/Pico_SDK_v1.5.1/pico-sdk/lib/tinyusb/src/tusb.c.obj
                0x1000660c                tu_edpt_bind_driver
 .text.advance_index
                0x10006632       0x1a GPIO/Onewire/CMakeFiles/Onewire.dir/C_/Program_Files/Raspberry_Pi/Pico_SDK_v1.5.1/pico-sdk/lib/tinyusb/src/common/tusb_fifo.c.obj
 .text._tu_fifo_peek
                0x1000664c       0x56 GPIO/Onewire/CMakeFiles/Onewire.dir/C_/Program_Files/Raspberry_Pi/Pico_SDK_v1.5.1/pico-sdk/lib/tinyusb/src/common/tusb_fifo.c.obj
 .text._ff_pull_const_addr
                0x100066a2       0x4c GPIO/Onewire/CMakeFiles/Onewire.dir/C_/Program_Files/Raspberry_Pi/Pico_SDK_v1.5.1/pico-sdk/lib/tinyusb/src/common/tusb_fifo.c.obj
 .text._ff_pull_n
                0x100066ee      0x110 GPIO/Onewire/CMakeFiles/Onewire.dir/C_/Program_Files/Raspberry_Pi/Pico_SDK_v1.5.1/pico-sdk/lib/tinyusb/src/common/tusb_fifo.c.obj
 .text._tu_fifo_peek_n
                0x100067fe       0x6a GPIO/Onewire/CMakeFiles/Onewire.dir/C_/Program_Files/Raspberry_Pi/Pico_SDK_v1.5.1/pico-sdk/lib/tinyusb/src/common/tusb_fifo.c.obj
 .text._tu_fifo_read_n
                0x10006868       0x4e GPIO/Onewire/CMakeFiles/Onewire.dir/C_/Program_Files/Raspberry_Pi/Pico_SDK_v1.5.1/pico-sdk/lib/tinyusb/src/common/tusb_fifo.c.obj
 .text._ff_push_const_addr
                0x100068b6       0x40 GPIO/Onewire/CMakeFiles/Onewire.dir/C_/Program_Files/Raspberry_Pi/Pico_SDK_v1.5.1/pico-sdk/lib/tinyusb/src/common/tusb_fifo.c.obj
 .text._ff_push_n
                0x100068f6      0x10c GPIO/Onewire/CMakeFiles/Onewire.dir/C_/Program_Files/Raspberry_Pi/Pico_SDK_v1.5.1/pico-sdk/lib/tinyusb/src/common/tusb_fifo.c.obj
 .text._tu_fifo_write_n
                0x10006a02       0xf0 GPIO/Onewire/CMakeFiles/Onewire.dir/C_/Program_Files/Raspberry_Pi/Pico_SDK_v1.5.1/pico-sdk/lib/tinyusb/src/common/tusb_fifo.c.obj
 .text.tu_fifo_config
                0x10006af2       0x7c GPIO/Onewire/CMakeFiles/Onewire.dir/C_/Program_Files/Raspberry_Pi/Pico_SDK_v1.5.1/pico-sdk/lib/tinyusb/src/common/tusb_fifo.c.obj
                0x10006af2                tu_fifo_config
 .text.tu_fifo_count
                0x10006b6e       0x2a GPIO/Onewire/CMakeFiles/Onewire.dir/C_/Program_Files/Raspberry_Pi/Pico_SDK_v1.5.1/pico-sdk/lib/tinyusb/src/common/tusb_fifo.c.obj
                0x10006b6e                tu_fifo_count
 .text.tu_fifo_empty
                0x10006b98       0x10 GPIO/Onewire/CMakeFiles/Onewire.dir/C_/Program_Files/Raspberry_Pi/Pico_SDK_v1.5.1/pico-sdk/lib/tinyusb/src/common/tusb_fifo.c.obj
                0x10006b98                tu_fifo_empty
 .text.tu_fifo_full
                0x10006ba8       0x28 GPIO/Onewire/CMakeFiles/Onewire.dir/C_/Program_Files/Raspberry_Pi/Pico_SDK_v1.5.1/pico-sdk/lib/tinyusb/src/common/tusb_fifo.c.obj
                0x10006ba8                tu_fifo_full
 .text.tu_fifo_remaining
                0x10006bd0       0x2c GPIO/Onewire/CMakeFiles/Onewire.dir/C_/Program_Files/Raspberry_Pi/Pico_SDK_v1.5.1/pico-sdk/lib/tinyusb/src/common/tusb_fifo.c.obj
                0x10006bd0                tu_fifo_remaining
 .text.tu_fifo_read
                0x10006bfc       0x42 GPIO/Onewire/CMakeFiles/Onewire.dir/C_/Program_Files/Raspberry_Pi/Pico_SDK_v1.5.1/pico-sdk/lib/tinyusb/src/common/tusb_fifo.c.obj
                0x10006bfc                tu_fifo_read
 .text.tu_fifo_read_n
                0x10006c3e        0xa GPIO/Onewire/CMakeFiles/Onewire.dir/C_/Program_Files/Raspberry_Pi/Pico_SDK_v1.5.1/pico-sdk/lib/tinyusb/src/common/tusb_fifo.c.obj
                0x10006c3e                tu_fifo_read_n
 .text.tu_fifo_write
                0x10006c48       0x64 GPIO/Onewire/CMakeFiles/Onewire.dir/C_/Program_Files/Raspberry_Pi/Pico_SDK_v1.5.1/pico-sdk/lib/tinyusb/src/common/tusb_fifo.c.obj
                0x10006c48                tu_fifo_write
 .text.tu_fifo_write_n
                0x10006cac        0xa GPIO/Onewire/CMakeFiles/Onewire.dir/C_/Program_Files/Raspberry_Pi/Pico_SDK_v1.5.1/pico-sdk/lib/tinyusb/src/common/tusb_fifo.c.obj
                0x10006cac                tu_fifo_write_n
 .text.tu_fifo_clear
                0x10006cb6       0x3e GPIO/Onewire/CMakeFiles/Onewire.dir/C_/Program_Files/Raspberry_Pi/Pico_SDK_v1.5.1/pico-sdk/lib/tinyusb/src/common/tusb_fifo.c.obj
                0x10006cb6                tu_fifo_clear
 .text.tu_fifo_set_overwritable
                0x10006cf4       0x46 GPIO/Onewire/CMakeFiles/Onewire.dir/C_/Program_Files/Raspberry_Pi/Pico_SDK_v1.5.1/pico-sdk/lib/tinyusb/src/common/tusb_fifo.c.obj
                0x10006cf4                tu_fifo_set_overwritable
 *fill*         0x10006d3a        0x2 
 .text._pio_can_add_program_at_offset
                0x10006d3c       0x3c GPIO/Onewire/CMakeFiles/Onewire.dir/C_/Program_Files/Raspberry_Pi/Pico_SDK_v1.5.1/pico-sdk/src/rp2_common/hardware_pio/pio.c.obj
 .text._pio_find_offset_for_program
                0x10006d78       0x7c GPIO/Onewire/CMakeFiles/Onewire.dir/C_/Program_Files/Raspberry_Pi/Pico_SDK_v1.5.1/pico-sdk/src/rp2_common/hardware_pio/pio.c.obj
 .text._pio_add_program_at_offset
                0x10006df4       0x78 GPIO/Onewire/CMakeFiles/Onewire.dir/C_/Program_Files/Raspberry_Pi/Pico_SDK_v1.5.1/pico-sdk/src/rp2_common/hardware_pio/pio.c.obj
 .text.pio_claim_unused_sm
                0x10006e6c       0x3c GPIO/Onewire/CMakeFiles/Onewire.dir/C_/Program_Files/Raspberry_Pi/Pico_SDK_v1.5.1/pico-sdk/src/rp2_common/hardware_pio/pio.c.obj
                0x10006e6c                pio_claim_unused_sm
 .text.pio_can_add_program
                0x10006ea8       0x26 GPIO/Onewire/CMakeFiles/Onewire.dir/C_/Program_Files/Raspberry_Pi/Pico_SDK_v1.5.1/pico-sdk/src/rp2_common/hardware_pio/pio.c.obj
                0x10006ea8                pio_can_add_program
 *fill*         0x10006ece        0x2 
 .text.pio_add_program
                0x10006ed0       0x38 GPIO/Onewire/CMakeFiles/Onewire.dir/C_/Program_Files/Raspberry_Pi/Pico_SDK_v1.5.1/pico-sdk/src/rp2_common/hardware_pio/pio.c.obj
                0x10006ed0                pio_add_program
 .text.pio_sm_init
                0x10006f08       0xe4 GPIO/Onewire/CMakeFiles/Onewire.dir/C_/Program_Files/Raspberry_Pi/Pico_SDK_v1.5.1/pico-sdk/src/rp2_common/hardware_pio/pio.c.obj
                0x10006f08                pio_sm_init
 .text.onewire_sm_init
                0x10006fec      0x158 GPIO/Onewire/CMakeFiles/Onewire.dir/onewire_library/onewire_library.c.obj
 .text.ow_init  0x10007144       0x68 GPIO/Onewire/CMakeFiles/Onewire.dir/onewire_library/onewire_library.c.obj
                0x10007144                ow_init
 .text.ow_send  0x100071ac       0x32 GPIO/Onewire/CMakeFiles/Onewire.dir/onewire_library/onewire_library.c.obj
                0x100071ac                ow_send
 .text.ow_read  0x100071de       0x36 GPIO/Onewire/CMakeFiles/Onewire.dir/onewire_library/onewire_library.c.obj
                0x100071de                ow_read
 .text.ow_reset
                0x10007214       0x46 GPIO/Onewire/CMakeFiles/Onewire.dir/onewire_library/onewire_library.c.obj
                0x10007214                ow_reset
 .text.ow_romsearch
                0x1000725a      0x1ec GPIO/Onewire/CMakeFiles/Onewire.dir/onewire_library/onewire_library.c.obj
                0x1000725a                ow_romsearch
 *fill*         0x10007446        0x2 
 .text.strlen   0x10007448       0x5c c:/progra~1/raspbe~1/picosd~1.1/gcc-ar~1/bin/../lib/gcc/arm-none-eabi/10.3.1/../../../../arm-none-eabi/lib/thumb/v6-m/nofp\libg.a(lib_a-strlen-stub.o)
                0x10007448                strlen
 *(.fini)
 .fini          0x100074a4        0x4 c:/progra~1/raspbe~1/picosd~1.1/gcc-ar~1/bin/../lib/gcc/arm-none-eabi/10.3.1/thumb/v6-m/nofp/crti.o
                0x100074a4                _fini
 .fini.__stub   0x100074a8       0xe0 linker stubs
 *crtbegin.o(.ctors)
 *crtbegin?.o(.ctors)
 *(EXCLUDE_FILE(*crtend.o *crtend?.o) .ctors)
 *(SORT_BY_NAME(.ctors.*))
 *(.ctors)
 *crtbegin.o(.dtors)
 *crtbegin?.o(.dtors)
 *(EXCLUDE_FILE(*crtend.o *crtend?.o) .dtors)
 *(SORT_BY_NAME(.dtors.*))
 *(.dtors)
 *(.eh_frame*)
 .eh_frame      0x10007588        0x0 c:/progra~1/raspbe~1/picosd~1.1/gcc-ar~1/bin/../lib/gcc/arm-none-eabi/10.3.1/thumb/v6-m/nofp/crtbegin.o
                0x10007588                . = ALIGN (0x4)

.glue_7         0x10007588        0x0
 .glue_7        0x10007588        0x0 linker stubs

.glue_7t        0x10007588        0x0
 .glue_7t       0x10007588        0x0 linker stubs

.vfp11_veneer   0x10007588        0x0
 .vfp11_veneer  0x10007588        0x0 linker stubs

.v4_bx          0x10007588        0x0
 .v4_bx         0x10007588        0x0 linker stubs

.iplt           0x10007588        0x0
 .iplt          0x10007588        0x0 c:/progra~1/raspbe~1/picosd~1.1/gcc-ar~1/bin/../lib/gcc/arm-none-eabi/10.3.1/thumb/v6-m/nofp/crtbegin.o

.rodata         0x10007588     0x184c
 *(EXCLUDE_FILE(*libm.a: *libc.a:*lib_a-mem*.o *libgcc.a:) .rodata*)
 .rodata.main.str1.4
                0x10007588       0x66 GPIO/Onewire/CMakeFiles/Onewire.dir/Onewire_temp.c.obj
 *fill*         0x100075ee        0x2 
 .rodata.onewire_program
                0x100075f0        0x6 GPIO/Onewire/CMakeFiles/Onewire.dir/Onewire_temp.c.obj
 *fill*         0x100075f6        0x2 
 .rodata.onewire_program_instructions
                0x100075f8       0x22 GPIO/Onewire/CMakeFiles/Onewire.dir/Onewire_temp.c.obj
 *fill*         0x1000761a        0x2 
 .rodata.spin_lock_claim_unused.str1.4
                0x1000761c       0x1b GPIO/Onewire/CMakeFiles/Onewire.dir/C_/Program_Files/Raspberry_Pi/Pico_SDK_v1.5.1/pico-sdk/src/rp2_common/hardware_sync/sync.c.obj
 *fill*         0x10007637        0x1 
 .rodata.make_branch.str1.4
                0x10007638       0x89 GPIO/Onewire/CMakeFiles/Onewire.dir/C_/Program_Files/Raspberry_Pi/Pico_SDK_v1.5.1/pico-sdk/src/rp2_common/hardware_irq/irq.c.obj
 *fill*         0x100076c1        0x3 
 .rodata.insert_branch_and_link.str1.4
                0x100076c4       0x10 GPIO/Onewire/CMakeFiles/Onewire.dir/C_/Program_Files/Raspberry_Pi/Pico_SDK_v1.5.1/pico-sdk/src/rp2_common/hardware_irq/irq.c.obj
 .rodata.irq_set_exclusive_handler.str1.4
                0x100076d4       0x36 GPIO/Onewire/CMakeFiles/Onewire.dir/C_/Program_Files/Raspberry_Pi/Pico_SDK_v1.5.1/pico-sdk/src/rp2_common/hardware_irq/irq.c.obj
 *fill*         0x1000770a        0x2 
 .rodata.irq_add_shared_handler.str1.4
                0x1000770c       0xd9 GPIO/Onewire/CMakeFiles/Onewire.dir/C_/Program_Files/Raspberry_Pi/Pico_SDK_v1.5.1/pico-sdk/src/rp2_common/hardware_irq/irq.c.obj
 *fill*         0x100077e5        0x3 
 .rodata.irq_remove_handler.str1.4
                0x100077e8       0x3a GPIO/Onewire/CMakeFiles/Onewire.dir/C_/Program_Files/Raspberry_Pi/Pico_SDK_v1.5.1/pico-sdk/src/rp2_common/hardware_irq/irq.c.obj
 *fill*         0x10007822        0x2 
 .rodata.irq_add_tail_to_free_list.str1.4
                0x10007824       0x3a GPIO/Onewire/CMakeFiles/Onewire.dir/C_/Program_Files/Raspberry_Pi/Pico_SDK_v1.5.1/pico-sdk/src/rp2_common/hardware_irq/irq.c.obj
 *fill*         0x1000785e        0x2 
 .rodata.user_irq_claim_unused.str1.4
                0x10007860       0x1b GPIO/Onewire/CMakeFiles/Onewire.dir/C_/Program_Files/Raspberry_Pi/Pico_SDK_v1.5.1/pico-sdk/src/rp2_common/hardware_irq/irq.c.obj
 *fill*         0x1000787b        0x1 
 .rodata.__func__.0
                0x1000787c       0x1a GPIO/Onewire/CMakeFiles/Onewire.dir/C_/Program_Files/Raspberry_Pi/Pico_SDK_v1.5.1/pico-sdk/src/rp2_common/hardware_irq/irq.c.obj
 *fill*         0x10007896        0x2 
 .rodata.__func__.1
                0x10007898       0x17 GPIO/Onewire/CMakeFiles/Onewire.dir/C_/Program_Files/Raspberry_Pi/Pico_SDK_v1.5.1/pico-sdk/src/rp2_common/hardware_irq/irq.c.obj
 *fill*         0x100078af        0x1 
 .rodata.__func__.2
                0x100078b0       0x13 GPIO/Onewire/CMakeFiles/Onewire.dir/C_/Program_Files/Raspberry_Pi/Pico_SDK_v1.5.1/pico-sdk/src/rp2_common/hardware_irq/irq.c.obj
 *fill*         0x100078c3        0x1 
 .rodata.__func__.3
                0x100078c4        0xc GPIO/Onewire/CMakeFiles/Onewire.dir/C_/Program_Files/Raspberry_Pi/Pico_SDK_v1.5.1/pico-sdk/src/rp2_common/hardware_irq/irq.c.obj
 .rodata.__func__.4
                0x100078d0        0xf GPIO/Onewire/CMakeFiles/Onewire.dir/C_/Program_Files/Raspberry_Pi/Pico_SDK_v1.5.1/pico-sdk/src/rp2_common/hardware_irq/irq.c.obj
 *fill*         0x100078df        0x1 
 .rodata.__func__.5
                0x100078e0       0x17 GPIO/Onewire/CMakeFiles/Onewire.dir/C_/Program_Files/Raspberry_Pi/Pico_SDK_v1.5.1/pico-sdk/src/rp2_common/hardware_irq/irq.c.obj
 *fill*         0x100078f7        0x1 
 .rodata.__func__.6
                0x100078f8       0x1a GPIO/Onewire/CMakeFiles/Onewire.dir/C_/Program_Files/Raspberry_Pi/Pico_SDK_v1.5.1/pico-sdk/src/rp2_common/hardware_irq/irq.c.obj
 *fill*         0x10007912        0x2 
 .rodata.str1.4
                0x10007914      0x125 GPIO/Onewire/CMakeFiles/Onewire.dir/C_/Program_Files/Raspberry_Pi/Pico_SDK_v1.5.1/pico-sdk/src/common/pico_sync/mutex.c.obj
 *fill*         0x10007a39        0x3 
 .rodata.__func__.1
                0x10007a3c        0xb GPIO/Onewire/CMakeFiles/Onewire.dir/C_/Program_Files/Raspberry_Pi/Pico_SDK_v1.5.1/pico-sdk/src/common/pico_sync/mutex.c.obj
 *fill*         0x10007a47        0x1 
 .rodata.__func__.3
                0x10007a48       0x18 GPIO/Onewire/CMakeFiles/Onewire.dir/C_/Program_Files/Raspberry_Pi/Pico_SDK_v1.5.1/pico-sdk/src/common/pico_sync/mutex.c.obj
 .rodata.__func__.4
                0x10007a60       0x15 GPIO/Onewire/CMakeFiles/Onewire.dir/C_/Program_Files/Raspberry_Pi/Pico_SDK_v1.5.1/pico-sdk/src/common/pico_sync/mutex.c.obj
 *fill*         0x10007a75        0x3 
 .rodata.repeating_timer_callback.str1.4
                0x10007a78       0x67 GPIO/Onewire/CMakeFiles/Onewire.dir/C_/Program_Files/Raspberry_Pi/Pico_SDK_v1.5.1/pico-sdk/src/common/pico_time/time.c.obj
 *fill*         0x10007adf        0x1 
 .rodata.timer_pool_entry_comparator.str1.4
                0x10007ae0       0x22 GPIO/Onewire/CMakeFiles/Onewire.dir/C_/Program_Files/Raspberry_Pi/Pico_SDK_v1.5.1/pico-sdk/src/common/pico_time/time.c.obj
 *fill*         0x10007b02        0x2 
 .rodata.ph_add_child_node.str1.4
                0x10007b04       0xb2 GPIO/Onewire/CMakeFiles/Onewire.dir/C_/Program_Files/Raspberry_Pi/Pico_SDK_v1.5.1/pico-sdk/src/common/pico_time/time.c.obj
 *fill*         0x10007bb6        0x2 
 .rodata.add_alarm_under_lock.str1.4
                0x10007bb8       0x28 GPIO/Onewire/CMakeFiles/Onewire.dir/C_/Program_Files/Raspberry_Pi/Pico_SDK_v1.5.1/pico-sdk/src/common/pico_time/time.c.obj
                                 0x2b (size before relaxing)
 .rodata.alarm_pool_alarm_callback.str1.4
                0x10007be0       0x98 GPIO/Onewire/CMakeFiles/Onewire.dir/C_/Program_Files/Raspberry_Pi/Pico_SDK_v1.5.1/pico-sdk/src/common/pico_time/time.c.obj
                                0x118 (size before relaxing)
 .rodata.alarm_pool_get_default.str1.4
                0x10007c78       0x21 GPIO/Onewire/CMakeFiles/Onewire.dir/C_/Program_Files/Raspberry_Pi/Pico_SDK_v1.5.1/pico-sdk/src/common/pico_time/time.c.obj
 *fill*         0x10007c99        0x3 
 .rodata.alarm_pool_cancel_alarm.str1.4
                0x10007c9c       0x27 GPIO/Onewire/CMakeFiles/Onewire.dir/C_/Program_Files/Raspberry_Pi/Pico_SDK_v1.5.1/pico-sdk/src/common/pico_time/time.c.obj
 *fill*         0x10007cc3        0x1 
 .rodata.__func__.1
                0x10007cc4       0x18 GPIO/Onewire/CMakeFiles/Onewire.dir/C_/Program_Files/Raspberry_Pi/Pico_SDK_v1.5.1/pico-sdk/src/common/pico_time/time.c.obj
 .rodata.__func__.10
                0x10007cdc       0x15 GPIO/Onewire/CMakeFiles/Onewire.dir/C_/Program_Files/Raspberry_Pi/Pico_SDK_v1.5.1/pico-sdk/src/common/pico_time/time.c.obj
 *fill*         0x10007cf1        0x3 
 .rodata.__func__.11
                0x10007cf4       0x1a GPIO/Onewire/CMakeFiles/Onewire.dir/C_/Program_Files/Raspberry_Pi/Pico_SDK_v1.5.1/pico-sdk/src/common/pico_time/time.c.obj
 *fill*         0x10007d0e        0x2 
 .rodata.__func__.12
                0x10007d10        0xa GPIO/Onewire/CMakeFiles/Onewire.dir/C_/Program_Files/Raspberry_Pi/Pico_SDK_v1.5.1/pico-sdk/src/common/pico_time/time.c.obj
 *fill*         0x10007d1a        0x2 
 .rodata.__func__.3
                0x10007d1c       0x17 GPIO/Onewire/CMakeFiles/Onewire.dir/C_/Program_Files/Raspberry_Pi/Pico_SDK_v1.5.1/pico-sdk/src/common/pico_time/time.c.obj
 *fill*         0x10007d33        0x1 
 .rodata.__func__.4
                0x10007d34       0x12 GPIO/Onewire/CMakeFiles/Onewire.dir/C_/Program_Files/Raspberry_Pi/Pico_SDK_v1.5.1/pico-sdk/src/common/pico_time/time.c.obj
 *fill*         0x10007d46        0x2 
 .rodata.__func__.5
                0x10007d48        0xd GPIO/Onewire/CMakeFiles/Onewire.dir/C_/Program_Files/Raspberry_Pi/Pico_SDK_v1.5.1/pico-sdk/src/common/pico_time/time.c.obj
 *fill*         0x10007d55        0x3 
 .rodata.__func__.6
                0x10007d58       0x12 GPIO/Onewire/CMakeFiles/Onewire.dir/C_/Program_Files/Raspberry_Pi/Pico_SDK_v1.5.1/pico-sdk/src/common/pico_time/time.c.obj
 *fill*         0x10007d6a        0x2 
 .rodata.__func__.7
                0x10007d6c        0xf GPIO/Onewire/CMakeFiles/Onewire.dir/C_/Program_Files/Raspberry_Pi/Pico_SDK_v1.5.1/pico-sdk/src/common/pico_time/time.c.obj
 *fill*         0x10007d7b        0x1 
 .rodata.__func__.8
                0x10007d7c        0xc GPIO/Onewire/CMakeFiles/Onewire.dir/C_/Program_Files/Raspberry_Pi/Pico_SDK_v1.5.1/pico-sdk/src/common/pico_time/time.c.obj
 .rodata.__func__.9
                0x10007d88       0x15 GPIO/Onewire/CMakeFiles/Onewire.dir/C_/Program_Files/Raspberry_Pi/Pico_SDK_v1.5.1/pico-sdk/src/common/pico_time/time.c.obj
 *fill*         0x10007d9d        0x3 
 .rodata.hardware_alarm_claim.str1.4
                0x10007da0       0x22 GPIO/Onewire/CMakeFiles/Onewire.dir/C_/Program_Files/Raspberry_Pi/Pico_SDK_v1.5.1/pico-sdk/src/rp2_common/hardware_timer/timer.c.obj
 *fill*         0x10007dc2        0x2 
 .rodata.hardware_alarm_set_target.str1.4
                0x10007dc4       0x81 GPIO/Onewire/CMakeFiles/Onewire.dir/C_/Program_Files/Raspberry_Pi/Pico_SDK_v1.5.1/pico-sdk/src/rp2_common/hardware_timer/timer.c.obj
 *fill*         0x10007e45        0x3 
 .rodata.__func__.0
                0x10007e48       0x1a GPIO/Onewire/CMakeFiles/Onewire.dir/C_/Program_Files/Raspberry_Pi/Pico_SDK_v1.5.1/pico-sdk/src/rp2_common/hardware_timer/timer.c.obj
 .rodata.ph_add_child_node.str1.4
                0x10007e62       0xb2 GPIO/Onewire/CMakeFiles/Onewire.dir/C_/Program_Files/Raspberry_Pi/Pico_SDK_v1.5.1/pico-sdk/src/common/pico_util/pheap.c.obj
 *fill*         0x10007e62        0x2 
 .rodata.ph_remove_any_head.str1.4
                0x10007e64       0xa8 GPIO/Onewire/CMakeFiles/Onewire.dir/C_/Program_Files/Raspberry_Pi/Pico_SDK_v1.5.1/pico-sdk/src/common/pico_util/pheap.c.obj
                                 0xbc (size before relaxing)
 .rodata.ph_remove_and_free_node.str1.4
                0x10007f0c       0x1e GPIO/Onewire/CMakeFiles/Onewire.dir/C_/Program_Files/Raspberry_Pi/Pico_SDK_v1.5.1/pico-sdk/src/common/pico_util/pheap.c.obj
                                 0x26 (size before relaxing)
 *fill*         0x10007f2a        0x2 
 .rodata.__func__.0
                0x10007f2c       0x18 GPIO/Onewire/CMakeFiles/Onewire.dir/C_/Program_Files/Raspberry_Pi/Pico_SDK_v1.5.1/pico-sdk/src/common/pico_util/pheap.c.obj
 .rodata.__func__.1
                0x10007f44       0x13 GPIO/Onewire/CMakeFiles/Onewire.dir/C_/Program_Files/Raspberry_Pi/Pico_SDK_v1.5.1/pico-sdk/src/common/pico_util/pheap.c.obj
 *fill*         0x10007f57        0x1 
 .rodata.__func__.2
                0x10007f58       0x12 GPIO/Onewire/CMakeFiles/Onewire.dir/C_/Program_Files/Raspberry_Pi/Pico_SDK_v1.5.1/pico-sdk/src/common/pico_util/pheap.c.obj
 *fill*         0x10007f6a        0x2 
 .rodata.__func__.3
                0x10007f6c        0xc GPIO/Onewire/CMakeFiles/Onewire.dir/C_/Program_Files/Raspberry_Pi/Pico_SDK_v1.5.1/pico-sdk/src/common/pico_util/pheap.c.obj
 .rodata.clock_configure.str1.4
                0x10007f78       0x73 GPIO/Onewire/CMakeFiles/Onewire.dir/C_/Program_Files/Raspberry_Pi/Pico_SDK_v1.5.1/pico-sdk/src/rp2_common/hardware_clocks/clocks.c.obj
 *fill*         0x10007feb        0x1 
 .rodata.__func__.1
                0x10007fec       0x10 GPIO/Onewire/CMakeFiles/Onewire.dir/C_/Program_Files/Raspberry_Pi/Pico_SDK_v1.5.1/pico-sdk/src/rp2_common/hardware_clocks/clocks.c.obj
 .rodata.pll_init.str1.4
                0x10007ffc      0x140 GPIO/Onewire/CMakeFiles/Onewire.dir/C_/Program_Files/Raspberry_Pi/Pico_SDK_v1.5.1/pico-sdk/src/rp2_common/hardware_pll/pll.c.obj
 .rodata.__func__.0
                0x1000813c        0x9 GPIO/Onewire/CMakeFiles/Onewire.dir/C_/Program_Files/Raspberry_Pi/Pico_SDK_v1.5.1/pico-sdk/src/rp2_common/hardware_pll/pll.c.obj
 *fill*         0x10008145        0x3 
 .rodata.__assert_func.str1.4
                0x10008148       0x3f GPIO/Onewire/CMakeFiles/Onewire.dir/C_/Program_Files/Raspberry_Pi/Pico_SDK_v1.5.1/pico-sdk/src/rp2_common/pico_runtime/runtime.c.obj
                                 0x43 (size before relaxing)
 *fill*         0x10008187        0x1 
 .rodata.runtime_init.str1.4
                0x10008188       0x7d GPIO/Onewire/CMakeFiles/Onewire.dir/C_/Program_Files/Raspberry_Pi/Pico_SDK_v1.5.1/pico-sdk/src/rp2_common/pico_runtime/runtime.c.obj
 *fill*         0x10008205        0x3 
 .rodata.panic.str1.4
                0x10008208       0x10 GPIO/Onewire/CMakeFiles/Onewire.dir/C_/Program_Files/Raspberry_Pi/Pico_SDK_v1.5.1/pico-sdk/src/rp2_common/pico_runtime/runtime.c.obj
                                 0x12 (size before relaxing)
 .rodata.__func__.2
                0x10008218        0xd GPIO/Onewire/CMakeFiles/Onewire.dir/C_/Program_Files/Raspberry_Pi/Pico_SDK_v1.5.1/pico-sdk/src/rp2_common/pico_runtime/runtime.c.obj
 *fill*         0x10008225        0x3 
 .rodata._ftoa.str1.4
                0x10008228       0x15 GPIO/Onewire/CMakeFiles/Onewire.dir/C_/Program_Files/Raspberry_Pi/Pico_SDK_v1.5.1/pico-sdk/src/rp2_common/pico_printf/printf.c.obj
 *fill*         0x1000823d        0x3 
 .rodata._vsnprintf
                0x10008240      0x1e0 GPIO/Onewire/CMakeFiles/Onewire.dir/C_/Program_Files/Raspberry_Pi/Pico_SDK_v1.5.1/pico-sdk/src/rp2_common/pico_printf/printf.c.obj
 .rodata.pow10.0
                0x10008420       0x50 GPIO/Onewire/CMakeFiles/Onewire.dir/C_/Program_Files/Raspberry_Pi/Pico_SDK_v1.5.1/pico-sdk/src/rp2_common/pico_printf/printf.c.obj
 .rodata.__aeabi_double_init.str1.4
                0x10008470       0xb8 GPIO/Onewire/CMakeFiles/Onewire.dir/C_/Program_Files/Raspberry_Pi/Pico_SDK_v1.5.1/pico-sdk/src/rp2_common/pico_double/double_init_rom.c.obj
 .rodata.__func__.0
                0x10008528       0x14 GPIO/Onewire/CMakeFiles/Onewire.dir/C_/Program_Files/Raspberry_Pi/Pico_SDK_v1.5.1/pico-sdk/src/rp2_common/pico_double/double_init_rom.c.obj
 .rodata.__aeabi_float_init.str1.4
                0x1000853c       0x96 GPIO/Onewire/CMakeFiles/Onewire.dir/C_/Program_Files/Raspberry_Pi/Pico_SDK_v1.5.1/pico-sdk/src/rp2_common/pico_float/float_init_rom.c.obj
                                 0x9a (size before relaxing)
 *fill*         0x100085d2        0x2 
 .rodata.__func__.0
                0x100085d4       0x13 GPIO/Onewire/CMakeFiles/Onewire.dir/C_/Program_Files/Raspberry_Pi/Pico_SDK_v1.5.1/pico-sdk/src/rp2_common/pico_float/float_init_rom.c.obj
 *fill*         0x100085e7        0x1 
 .rodata.str1.4
                0x100085e8       0x3c GPIO/Onewire/CMakeFiles/Onewire.dir/C_/Program_Files/Raspberry_Pi/Pico_SDK_v1.5.1/pico-sdk/src/rp2_common/pico_standard_link/binary_info.c.obj
 .rodata.__bi_44
                0x10008624        0xc GPIO/Onewire/CMakeFiles/Onewire.dir/C_/Program_Files/Raspberry_Pi/Pico_SDK_v1.5.1/pico-sdk/src/rp2_common/pico_standard_link/binary_info.c.obj
 .rodata.__bi_75
                0x10008630        0xc GPIO/Onewire/CMakeFiles/Onewire.dir/C_/Program_Files/Raspberry_Pi/Pico_SDK_v1.5.1/pico-sdk/src/rp2_common/pico_standard_link/binary_info.c.obj
 .rodata.__bi_81
                0x1000863c        0xc GPIO/Onewire/CMakeFiles/Onewire.dir/C_/Program_Files/Raspberry_Pi/Pico_SDK_v1.5.1/pico-sdk/src/rp2_common/pico_standard_link/binary_info.c.obj
 .rodata.stdout_serialize_begin.str1.4
                0x10008648       0x7d GPIO/Onewire/CMakeFiles/Onewire.dir/C_/Program_Files/Raspberry_Pi/Pico_SDK_v1.5.1/pico-sdk/src/rp2_common/pico_stdio/stdio.c.obj
 .rodata.__func__.3
                0x10008648       0x15 GPIO/Onewire/CMakeFiles/Onewire.dir/C_/Program_Files/Raspberry_Pi/Pico_SDK_v1.5.1/pico-sdk/src/rp2_common/pico_stdio/stdio.c.obj
 *fill*         0x1000865d        0x3 
 .rodata.crlf_str.2
                0x10008660        0x2 GPIO/Onewire/CMakeFiles/Onewire.dir/C_/Program_Files/Raspberry_Pi/Pico_SDK_v1.5.1/pico-sdk/src/rp2_common/pico_stdio/stdio.c.obj
 *fill*         0x10008662        0x2 
 .rodata._resetd_driver
                0x10008664       0x18 GPIO/Onewire/CMakeFiles/Onewire.dir/C_/Program_Files/Raspberry_Pi/Pico_SDK_v1.5.1/pico-sdk/src/rp2_common/pico_stdio_usb/reset_interface.c.obj
 .rodata.low_priority_worker_irq.str1.4
                0x1000867c       0x7d GPIO/Onewire/CMakeFiles/Onewire.dir/C_/Program_Files/Raspberry_Pi/Pico_SDK_v1.5.1/pico-sdk/src/rp2_common/pico_stdio_usb/stdio_usb.c.obj
 .rodata.stdio_usb_init.str1.4
                0x1000867c       0x61 GPIO/Onewire/CMakeFiles/Onewire.dir/C_/Program_Files/Raspberry_Pi/Pico_SDK_v1.5.1/pico-sdk/src/rp2_common/pico_stdio_usb/stdio_usb.c.obj
                                 0x69 (size before relaxing)
 *fill*         0x100086dd        0x3 
 .rodata.str1.4
                0x100086e0       0x13 GPIO/Onewire/CMakeFiles/Onewire.dir/C_/Program_Files/Raspberry_Pi/Pico_SDK_v1.5.1/pico-sdk/src/rp2_common/pico_stdio_usb/stdio_usb.c.obj
 *fill*         0x100086f3        0x1 
 .rodata.__bi_182.0
                0x100086f4        0xc GPIO/Onewire/CMakeFiles/Onewire.dir/C_/Program_Files/Raspberry_Pi/Pico_SDK_v1.5.1/pico-sdk/src/rp2_common/pico_stdio_usb/stdio_usb.c.obj
 .rodata.__func__.1
                0x10008700        0xf GPIO/Onewire/CMakeFiles/Onewire.dir/C_/Program_Files/Raspberry_Pi/Pico_SDK_v1.5.1/pico-sdk/src/rp2_common/pico_stdio_usb/stdio_usb.c.obj
 *fill*         0x1000870f        0x1 
 .rodata.__func__.3
                0x10008710       0x15 GPIO/Onewire/CMakeFiles/Onewire.dir/C_/Program_Files/Raspberry_Pi/Pico_SDK_v1.5.1/pico-sdk/src/rp2_common/pico_stdio_usb/stdio_usb.c.obj
 *fill*         0x10008725        0x3 
 .rodata.str1.4
                0x10008728       0x2a GPIO/Onewire/CMakeFiles/Onewire.dir/C_/Program_Files/Raspberry_Pi/Pico_SDK_v1.5.1/pico-sdk/src/rp2_common/pico_stdio_usb/stdio_usb_descriptors.c.obj
 *fill*         0x10008752        0x2 
 .rodata.usbd_desc_cfg
                0x10008754       0x54 GPIO/Onewire/CMakeFiles/Onewire.dir/C_/Program_Files/Raspberry_Pi/Pico_SDK_v1.5.1/pico-sdk/src/rp2_common/pico_stdio_usb/stdio_usb_descriptors.c.obj
 .rodata.usbd_desc_device
                0x100087a8       0x12 GPIO/Onewire/CMakeFiles/Onewire.dir/C_/Program_Files/Raspberry_Pi/Pico_SDK_v1.5.1/pico-sdk/src/rp2_common/pico_stdio_usb/stdio_usb_descriptors.c.obj
 *fill*         0x100087ba        0x2 
 .rodata.usbd_desc_str
                0x100087bc       0x18 GPIO/Onewire/CMakeFiles/Onewire.dir/C_/Program_Files/Raspberry_Pi/Pico_SDK_v1.5.1/pico-sdk/src/rp2_common/pico_stdio_usb/stdio_usb_descriptors.c.obj
 .rodata.pico_get_unique_board_id_string.str1.4
                0x100087d4       0x69 GPIO/Onewire/CMakeFiles/Onewire.dir/C_/Program_Files/Raspberry_Pi/Pico_SDK_v1.5.1/pico-sdk/src/rp2_common/pico_unique_id/unique_id.c.obj
 *fill*         0x1000883d        0x3 
 .rodata.__func__.0
                0x10008840       0x20 GPIO/Onewire/CMakeFiles/Onewire.dir/C_/Program_Files/Raspberry_Pi/Pico_SDK_v1.5.1/pico-sdk/src/rp2_common/pico_unique_id/unique_id.c.obj
 .rodata.str1.4
                0x10008860      0x176 GPIO/Onewire/CMakeFiles/Onewire.dir/C_/Program_Files/Raspberry_Pi/Pico_SDK_v1.5.1/pico-sdk/src/rp2_common/hardware_flash/flash.c.obj
 *fill*         0x100089d6        0x2 
 .rodata.__func__.0
                0x100089d8        0xd GPIO/Onewire/CMakeFiles/Onewire.dir/C_/Program_Files/Raspberry_Pi/Pico_SDK_v1.5.1/pico-sdk/src/rp2_common/hardware_flash/flash.c.obj
 *fill*         0x100089e5        0x3 
 .rodata._hw_endpoint_alloc.str1.4
                0x100089e8       0xd1 GPIO/Onewire/CMakeFiles/Onewire.dir/C_/Program_Files/Raspberry_Pi/Pico_SDK_v1.5.1/pico-sdk/lib/tinyusb/src/portable/raspberrypi/rp2040/dcd_rp2040.c.obj
 *fill*         0x10008ab9        0x3 
 .rodata.str1.4
                0x10008abc       0x14 GPIO/Onewire/CMakeFiles/Onewire.dir/C_/Program_Files/Raspberry_Pi/Pico_SDK_v1.5.1/pico-sdk/lib/tinyusb/src/portable/raspberrypi/rp2040/dcd_rp2040.c.obj
 .rodata.dcd_int_enable.str1.4
                0x10008ad0        0xc GPIO/Onewire/CMakeFiles/Onewire.dir/C_/Program_Files/Raspberry_Pi/Pico_SDK_v1.5.1/pico-sdk/lib/tinyusb/src/portable/raspberrypi/rp2040/dcd_rp2040.c.obj
 .rodata.__func__.0
                0x10008adc        0xe GPIO/Onewire/CMakeFiles/Onewire.dir/C_/Program_Files/Raspberry_Pi/Pico_SDK_v1.5.1/pico-sdk/lib/tinyusb/src/portable/raspberrypi/rp2040/dcd_rp2040.c.obj
 *fill*         0x10008aea        0x2 
 .rodata.__func__.1
                0x10008aec        0xe GPIO/Onewire/CMakeFiles/Onewire.dir/C_/Program_Files/Raspberry_Pi/Pico_SDK_v1.5.1/pico-sdk/lib/tinyusb/src/portable/raspberrypi/rp2040/dcd_rp2040.c.obj
 *fill*         0x10008afa        0x2 
 .rodata.__func__.3
                0x10008afc       0x10 GPIO/Onewire/CMakeFiles/Onewire.dir/C_/Program_Files/Raspberry_Pi/Pico_SDK_v1.5.1/pico-sdk/lib/tinyusb/src/portable/raspberrypi/rp2040/dcd_rp2040.c.obj
 .rodata.__func__.5
                0x10008b0c        0xf GPIO/Onewire/CMakeFiles/Onewire.dir/C_/Program_Files/Raspberry_Pi/Pico_SDK_v1.5.1/pico-sdk/lib/tinyusb/src/portable/raspberrypi/rp2040/dcd_rp2040.c.obj
 *fill*         0x10008b1b        0x1 
 .rodata.__func__.6
                0x10008b1c       0x13 GPIO/Onewire/CMakeFiles/Onewire.dir/C_/Program_Files/Raspberry_Pi/Pico_SDK_v1.5.1/pico-sdk/lib/tinyusb/src/portable/raspberrypi/rp2040/dcd_rp2040.c.obj
 *fill*         0x10008b2f        0x1 
 .rodata.__func__.7
                0x10008b30        0x9 GPIO/Onewire/CMakeFiles/Onewire.dir/C_/Program_Files/Raspberry_Pi/Pico_SDK_v1.5.1/pico-sdk/lib/tinyusb/src/portable/raspberrypi/rp2040/dcd_rp2040.c.obj
 *fill*         0x10008b39        0x3 
 .rodata.str1.4
                0x10008b3c      0x103 GPIO/Onewire/CMakeFiles/Onewire.dir/C_/Program_Files/Raspberry_Pi/Pico_SDK_v1.5.1/pico-sdk/lib/tinyusb/src/portable/raspberrypi/rp2040/rp2040_usb.c.obj
 *fill*         0x10008c3f        0x1 
 .rodata.__func__.0
                0x10008c40        0xf GPIO/Onewire/CMakeFiles/Onewire.dir/C_/Program_Files/Raspberry_Pi/Pico_SDK_v1.5.1/pico-sdk/lib/tinyusb/src/portable/raspberrypi/rp2040/rp2040_usb.c.obj
 *fill*         0x10008c4f        0x1 
 .rodata.process_get_descriptor
                0x10008c50       0x40 GPIO/Onewire/CMakeFiles/Onewire.dir/C_/Program_Files/Raspberry_Pi/Pico_SDK_v1.5.1/pico-sdk/lib/tinyusb/src/device/usbd.c.obj
 .rodata.process_control_request
                0x10008c90       0x28 GPIO/Onewire/CMakeFiles/Onewire.dir/C_/Program_Files/Raspberry_Pi/Pico_SDK_v1.5.1/pico-sdk/lib/tinyusb/src/device/usbd.c.obj
 .rodata.tud_task_ext
                0x10008cb8       0x24 GPIO/Onewire/CMakeFiles/Onewire.dir/C_/Program_Files/Raspberry_Pi/Pico_SDK_v1.5.1/pico-sdk/lib/tinyusb/src/device/usbd.c.obj
 .rodata._usbd_driver
                0x10008cdc       0x18 GPIO/Onewire/CMakeFiles/Onewire.dir/C_/Program_Files/Raspberry_Pi/Pico_SDK_v1.5.1/pico-sdk/lib/tinyusb/src/device/usbd.c.obj
 .rodata._pio_find_offset_for_program.str1.4
                0x10008cf4       0x85 GPIO/Onewire/CMakeFiles/Onewire.dir/C_/Program_Files/Raspberry_Pi/Pico_SDK_v1.5.1/pico-sdk/src/rp2_common/hardware_pio/pio.c.obj
 *fill*         0x10008d79        0x3 
 .rodata._pio_add_program_at_offset.str1.4
                0x10008d7c       0x11 GPIO/Onewire/CMakeFiles/Onewire.dir/C_/Program_Files/Raspberry_Pi/Pico_SDK_v1.5.1/pico-sdk/src/rp2_common/hardware_pio/pio.c.obj
 *fill*         0x10008d8d        0x3 
 .rodata.pio_claim_unused_sm.str1.4
                0x10008d90       0x24 GPIO/Onewire/CMakeFiles/Onewire.dir/C_/Program_Files/Raspberry_Pi/Pico_SDK_v1.5.1/pico-sdk/src/rp2_common/hardware_pio/pio.c.obj
 .rodata.__func__.1
                0x10008db4       0x1d GPIO/Onewire/CMakeFiles/Onewire.dir/C_/Program_Files/Raspberry_Pi/Pico_SDK_v1.5.1/pico-sdk/src/rp2_common/hardware_pio/pio.c.obj
                0x10008dd4                . = ALIGN (0x4)
 *fill*         0x10008dd1        0x3 
 *(SORT_BY_ALIGNMENT(SORT_BY_NAME(.flashdata*)))
                0x10008dd4                . = ALIGN (0x4)

.ARM.extab
 *(.ARM.extab* .gnu.linkonce.armextab.*)
                0x10008dd4                __exidx_start = .

.ARM.exidx
 *(.ARM.exidx* .gnu.linkonce.armexidx.*)
                0x10008dd4                __exidx_end = .
                0x10008dd4                . = ALIGN (0x4)
                0x10008dd4                __binary_info_start = .

.binary_info    0x10008dd4       0x20
 *(.binary_info.keep.*)
 .binary_info.keep.__bi_ptr22
                0x10008dd4        0x4 GPIO/Onewire/CMakeFiles/Onewire.dir/C_/Program_Files/Raspberry_Pi/Pico_SDK_v1.5.1/pico-sdk/src/rp2_common/pico_standard_link/binary_info.c.obj
 .binary_info.keep.__bi_ptr30
                0x10008dd8        0x4 GPIO/Onewire/CMakeFiles/Onewire.dir/C_/Program_Files/Raspberry_Pi/Pico_SDK_v1.5.1/pico-sdk/src/rp2_common/pico_standard_link/binary_info.c.obj
 .binary_info.keep.__bi_ptr38
                0x10008ddc        0x4 GPIO/Onewire/CMakeFiles/Onewire.dir/C_/Program_Files/Raspberry_Pi/Pico_SDK_v1.5.1/pico-sdk/src/rp2_common/pico_standard_link/binary_info.c.obj
 .binary_info.keep.__bi_ptr44
                0x10008de0        0x4 GPIO/Onewire/CMakeFiles/Onewire.dir/C_/Program_Files/Raspberry_Pi/Pico_SDK_v1.5.1/pico-sdk/src/rp2_common/pico_standard_link/binary_info.c.obj
 .binary_info.keep.__bi_ptr50