Archive member included to satisfy reference by file (symbol)

c:/progra~1/raspbe~1/picosd~1.1/gcc-ar~1/bin/../lib/gcc/arm-none-eabi/10.3.1/thumb/v6-m/nofp\libgcc.a(_dvmd_tls.o)
                              complex/weatherstation/CMakeFiles/weatherstation.dir/C_/Program_Files/Raspberry_Pi/Pico_SDK_v1.5.1/pico-sdk/src/rp2_common/pico_divider/divider.S.obj (__aeabi_idiv0)
c:/progra~1/raspbe~1/picosd~1.1/gcc-ar~1/bin/../lib/gcc/arm-none-eabi/10.3.1/../../../../arm-none-eabi/lib/thumb/v6-m/nofp\libg.a(lib_a-calloc.o)
                              complex/weatherstation/CMakeFiles/weatherstation.dir/C_/Program_Files/Raspberry_Pi/Pico_SDK_v1.5.1/pico-sdk/src/rp2_common/pico_malloc/pico_malloc.c.obj (calloc)
c:/progra~1/raspbe~1/picosd~1.1/gcc-ar~1/bin/../lib/gcc/arm-none-eabi/10.3.1/../../../../arm-none-eabi/lib/thumb/v6-m/nofp\libg.a(lib_a-callocr.o)
                              c:/progra~1/raspbe~1/picosd~1.1/gcc-ar~1/bin/../lib/gcc/arm-none-eabi/10.3.1/../../../../arm-none-eabi/lib/thumb/v6-m/nofp\libg.a(lib_a-calloc.o) (_calloc_r)
c:/progra~1/raspbe~1/picosd~1.1/gcc-ar~1/bin/../lib/gcc/arm-none-eabi/10.3.1/../../../../arm-none-eabi/lib/thumb/v6-m/nofp\libg.a(lib_a-errno.o)
                              c:/progra~1/raspbe~1/picosd~1.1/gcc-ar~1/bin/../lib/gcc/arm-none-eabi/10.3.1/../../../../arm-none-eabi/lib/thumb/v6-m/nofp\libg.a(lib_a-callocr.o) (__errno)
c:/progra~1/raspbe~1/picosd~1.1/gcc-ar~1/bin/../lib/gcc/arm-none-eabi/10.3.1/../../../../arm-none-eabi/lib/thumb/v6-m/nofp\libg.a(lib_a-impure.o)
                              c:/progra~1/raspbe~1/picosd~1.1/gcc-ar~1/bin/../lib/gcc/arm-none-eabi/10.3.1/../../../../arm-none-eabi/lib/thumb/v6-m/nofp\libg.a(lib_a-calloc.o) (_impure_ptr)
c:/progra~1/raspbe~1/picosd~1.1/gcc-ar~1/bin/../lib/gcc/arm-none-eabi/10.3.1/../../../../arm-none-eabi/lib/thumb/v6-m/nofp\libg.a(lib_a-init.o)
                              c:/progra~1/raspbe~1/picosd~1.1/gcc-ar~1/bin/../lib/gcc/arm-none-eabi/10.3.1/../../../../arm-none-eabi/lib/thumb/v6-m/nofp/crt0.o (__libc_init_array)
c:/progra~1/raspbe~1/picosd~1.1/gcc-ar~1/bin/../lib/gcc/arm-none-eabi/10.3.1/../../../../arm-none-eabi/lib/thumb/v6-m/nofp\libg.a(lib_a-malloc.o)
                              complex/weatherstation/CMakeFiles/weatherstation.dir/C_/Program_Files/Raspberry_Pi/Pico_SDK_v1.5.1/pico-sdk/src/rp2_common/pico_malloc/pico_malloc.c.obj (malloc)
c:/progra~1/raspbe~1/picosd~1.1/gcc-ar~1/bin/../lib/gcc/arm-none-eabi/10.3.1/../../../../arm-none-eabi/lib/thumb/v6-m/nofp\libg.a(lib_a-mallocr.o)
                              c:/progra~1/raspbe~1/picosd~1.1/gcc-ar~1/bin/../lib/gcc/arm-none-eabi/10.3.1/../../../../arm-none-eabi/lib/thumb/v6-m/nofp\libg.a(lib_a-callocr.o) (_malloc_r)
c:/progra~1/raspbe~1/picosd~1.1/gcc-ar~1/bin/../lib/gcc/arm-none-eabi/10.3.1/../../../../arm-none-eabi/lib/thumb/v6-m/nofp\libg.a(lib_a-mlock.o)
                              c:/progra~1/raspbe~1/picosd~1.1/gcc-ar~1/bin/../lib/gcc/arm-none-eabi/10.3.1/../../../../arm-none-eabi/lib/thumb/v6-m/nofp\libg.a(lib_a-mallocr.o) (__malloc_lock)
c:/progra~1/raspbe~1/picosd~1.1/gcc-ar~1/bin/../lib/gcc/arm-none-eabi/10.3.1/../../../../arm-none-eabi/lib/thumb/v6-m/nofp\libg.a(lib_a-realloc.o)
                              complex/weatherstation/CMakeFiles/weatherstation.dir/C_/Program_Files/Raspberry_Pi/Pico_SDK_v1.5.1/pico-sdk/src/rp2_common/pico_malloc/pico_malloc.c.obj (realloc)
c:/progra~1/raspbe~1/picosd~1.1/gcc-ar~1/bin/../lib/gcc/arm-none-eabi/10.3.1/../../../../arm-none-eabi/lib/thumb/v6-m/nofp\libg.a(lib_a-reallocr.o)
                              c:/progra~1/raspbe~1/picosd~1.1/gcc-ar~1/bin/../lib/gcc/arm-none-eabi/10.3.1/../../../../arm-none-eabi/lib/thumb/v6-m/nofp\libg.a(lib_a-realloc.o) (_realloc_r)
c:/progra~1/raspbe~1/picosd~1.1/gcc-ar~1/bin/../lib/gcc/arm-none-eabi/10.3.1/../../../../arm-none-eabi/lib/thumb/v6-m/nofp\libg.a(lib_a-sbrkr.o)
                              c:/progra~1/raspbe~1/picosd~1.1/gcc-ar~1/bin/../lib/gcc/arm-none-eabi/10.3.1/../../../../arm-none-eabi/lib/thumb/v6-m/nofp\libg.a(lib_a-mallocr.o) (_sbrk_r)
c:/progra~1/raspbe~1/picosd~1.1/gcc-ar~1/bin/../lib/gcc/arm-none-eabi/10.3.1/../../../../arm-none-eabi/lib/thumb/v6-m/nofp\libg.a(lib_a-strlen-stub.o)
                              complex/weatherstation/CMakeFiles/weatherstation.dir/weatherstation.c.obj (strlen)
c:/progra~1/raspbe~1/picosd~1.1/gcc-ar~1/bin/../lib/gcc/arm-none-eabi/10.3.1/../../../../arm-none-eabi/lib/thumb/v6-m/nofp\libg.a(lib_a-freer.o)
                              c:/progra~1/raspbe~1/picosd~1.1/gcc-ar~1/bin/../lib/gcc/arm-none-eabi/10.3.1/../../../../arm-none-eabi/lib/thumb/v6-m/nofp\libg.a(lib_a-malloc.o) (_free_r)
c:/progra~1/raspbe~1/picosd~1.1/gcc-ar~1/bin/../lib/gcc/arm-none-eabi/10.3.1/../../../../arm-none-eabi/lib/thumb/v6-m/nofp\libg.a(lib_a-lock.o)
[...]
Memory Configuration

Name             Origin             Length             Attributes
FLASH            0x10000000         0x00200000         xr
RAM              0x20000000         0x00040000         xrw
SCRATCH_X        0x20040000         0x00001000         xrw
SCRATCH_Y        0x20041000         0x00001000         xrw
*default*        0x00000000         0xffffffff

Linker script and memory map

LOAD c:/progra~1/raspbe~1/picosd~1.1/gcc-ar~1/bin/../lib/gcc/arm-none-eabi/10.3.1/thumb/v6-m/nofp/crti.o
LOAD c:/progra~1/raspbe~1/picosd~1.1/gcc-ar~1/bin/../lib/gcc/arm-none-eabi/10.3.1/thumb/v6-m/nofp/crtbegin.o
LOAD c:/progra~1/raspbe~1/picosd~1.1/gcc-ar~1/bin/../lib/gcc/arm-none-eabi/10.3.1/../../../../arm-none-eabi/lib/thumb/v6-m/nofp/crt0.o

.flash_begin    0x10000000        0x0
                0x10000000                __flash_binary_start = .

.boot2          0x10000000      0x100
                0x10000000                __boot2_start__ = .
 *(.boot2)
 .boot2         0x10000000      0x100 C:\Users\Britt\AppData\Local\Temp\ccy5Domo.o
                0x10000100                __boot2_end__ = .
                0x00000001                ASSERT (((__boot2_end__ - __boot2_start__) == 0x100), ERROR: Pico second stage bootloader must be 256 bytes in size)

.text           0x10000100     0x4b98
                0x10000100                __logical_binary_start = .
 *(.vectors)
 .vectors       0x10000100       0xd4 complex/weatherstation/CMakeFiles/weatherstation.dir/C_/Program_Files/Raspberry_Pi/Pico_SDK_v1.5.1/pico-sdk/src/rp2_common/pico_standard_link/crt0.S.obj
                0x10000100                __VECTOR_TABLE
                0x10000100                __vectors
                0x100001c0                isr_invalid
                0x100001c0                __default_isrs_start
                0x100001c2                isr_nmi
                0x100001c4                isr_hardfault
                0x100001c6                isr_svcall
                0x100001c8                isr_pendsv
                0x100001ca                isr_systick
                0x100001cc                isr_irq23
                0x100001cc                isr_irq18
                0x100001cc                isr_irq11
                0x100001cc                isr_irq28
                0x100001cc                isr_irq19
                0x100001cc                isr_irq0
                0x100001cc                isr_irq6
                0x100001cc                isr_irq5
                0x100001cc                isr_irq12
                0x100001cc                isr_irq22
                0x100001cc                isr_irq31
                0x100001cc                isr_irq17
                0x100001cc                isr_irq27
                0x100001cc                isr_irq30
                0x100001cc                isr_irq2
                0x100001cc                isr_irq10
                0x100001cc                isr_irq8
                0x100001cc                isr_irq24
                0x100001cc                isr_irq1
                0x100001cc                isr_irq7
                0x100001cc                isr_irq21
                0x100001cc                isr_irq20
                0x100001cc                isr_irq15
                0x100001cc                isr_irq25
                0x100001cc                isr_irq13
                0x100001cc                __unhandled_user_irq
                0x100001cc                isr_irq4
                0x100001cc                isr_irq16
                0x100001cc                isr_irq29
                0x100001cc                isr_irq26
                0x100001cc                __default_isrs_end
                0x100001cc                isr_irq3
                0x100001cc                isr_irq14
                0x100001cc                isr_irq9
                0x100001d2                unhandled_user_irq_num_in_r0
 *(.binary_info_header)
 .binary_info_header
                0x100001d4       0x14 complex/weatherstation/CMakeFiles/weatherstation.dir/C_/Program_Files/Raspberry_Pi/Pico_SDK_v1.5.1/pico-sdk/src/rp2_common/pico_standard_link/crt0.S.obj
                0x100001e8                __binary_info_header_end = .
 *(.reset)
 .reset         0x100001e8       0xa0 complex/weatherstation/CMakeFiles/weatherstation.dir/C_/Program_Files/Raspberry_Pi/Pico_SDK_v1.5.1/pico-sdk/src/rp2_common/pico_standard_link/crt0.S.obj
                0x100001e8                _entry_point
 .reset         0x10000288       0x30 complex/weatherstation/CMakeFiles/weatherstation.dir/C_/Program_Files/Raspberry_Pi/Pico_SDK_v1.5.1/pico-sdk/src/rp2_common/pico_standard_link/binary_info.c.obj
 *(.init)
 .init          0x100002b8        0x4 c:/progra~1/raspbe~1/picosd~1.1/gcc-ar~1/bin/../lib/gcc/arm-none-eabi/10.3.1/thumb/v6-m/nofp/crti.o
                0x100002b8                _init
 *(EXCLUDE_FILE(*libm.a: *libc.a:*lib_a-mem*.o *libgcc.a:) .text*)
 .text          0x100002bc       0x48 c:/progra~1/raspbe~1/picosd~1.1/gcc-ar~1/bin/../lib/gcc/arm-none-eabi/10.3.1/thumb/v6-m/nofp/crtbegin.o
 .text.main     0x10000304      0x18c complex/weatherstation/CMakeFiles/weatherstation.dir/weatherstation.c.obj
                0x10000304                main
 .text.gpio_set_function
                0x10000490       0x30 complex/weatherstation/CMakeFiles/weatherstation.dir/C_/Program_Files/Raspberry_Pi/Pico_SDK_v1.5.1/pico-sdk/src/rp2_common/hardware_gpio/gpio.c.obj
                0x10000490                gpio_set_function
 .text.gpio_set_pulls
                0x100004c0       0x34 complex/weatherstation/CMakeFiles/weatherstation.dir/C_/Program_Files/Raspberry_Pi/Pico_SDK_v1.5.1/pico-sdk/src/rp2_common/hardware_gpio/gpio.c.obj
                0x100004c0                gpio_set_pulls
 .text.running_on_fpga
                0x100004f4       0x14 complex/weatherstation/CMakeFiles/weatherstation.dir/C_/Program_Files/Raspberry_Pi/Pico_SDK_v1.5.1/pico-sdk/src/rp2_common/pico_platform/platform.c.obj
                0x100004f4                running_on_fpga
 .text.hw_claim_lock
                0x10000508       0x18 complex/weatherstation/CMakeFiles/weatherstation.dir/C_/Program_Files/Raspberry_Pi/Pico_SDK_v1.5.1/pico-sdk/src/rp2_common/hardware_claim/claim.c.obj
                0x10000508                hw_claim_lock
 .text.hw_claim_unlock
                0x10000520       0x14 complex/weatherstation/CMakeFiles/weatherstation.dir/C_/Program_Files/Raspberry_Pi/Pico_SDK_v1.5.1/pico-sdk/src/rp2_common/hardware_claim/claim.c.obj
                0x10000520                hw_claim_unlock
 .text.hw_claim_or_assert
                0x10000534       0x32 complex/weatherstation/CMakeFiles/weatherstation.dir/C_/Program_Files/Raspberry_Pi/Pico_SDK_v1.5.1/pico-sdk/src/rp2_common/hardware_claim/claim.c.obj
                0x10000534                hw_claim_or_assert
 *fill*         0x10000566        0x2 
 .text.spin_locks_reset
                0x10000568       0x20 complex/weatherstation/CMakeFiles/weatherstation.dir/C_/Program_Files/Raspberry_Pi/Pico_SDK_v1.5.1/pico-sdk/src/rp2_common/hardware_sync/sync.c.obj
                0x10000568                spin_locks_reset
 .text.next_striped_spin_lock_num
                0x10000588       0x1c complex/weatherstation/CMakeFiles/weatherstation.dir/C_/Program_Files/Raspberry_Pi/Pico_SDK_v1.5.1/pico-sdk/src/rp2_common/hardware_sync/sync.c.obj
                0x10000588                next_striped_spin_lock_num
 .text.set_raw_irq_handler_and_unlock
                0x100005a4       0x28 complex/weatherstation/CMakeFiles/weatherstation.dir/C_/Program_Files/Raspberry_Pi/Pico_SDK_v1.5.1/pico-sdk/src/rp2_common/hardware_irq/irq.c.obj
 .text.make_branch
                0x100005cc       0x48 complex/weatherstation/CMakeFiles/weatherstation.dir/C_/Program_Files/Raspberry_Pi/Pico_SDK_v1.5.1/pico-sdk/src/rp2_common/hardware_irq/irq.c.obj
 .text.insert_branch_and_link
                0x10000614       0x40 complex/weatherstation/CMakeFiles/weatherstation.dir/C_/Program_Files/Raspberry_Pi/Pico_SDK_v1.5.1/pico-sdk/src/rp2_common/hardware_irq/irq.c.obj
 .text.irq_is_enabled
                0x10000654       0x18 complex/weatherstation/CMakeFiles/weatherstation.dir/C_/Program_Files/Raspberry_Pi/Pico_SDK_v1.5.1/pico-sdk/src/rp2_common/hardware_irq/irq.c.obj
                0x10000654                irq_is_enabled
 .text.irq_set_mask_enabled
                0x1000066c       0x20 complex/weatherstation/CMakeFiles/weatherstation.dir/C_/Program_Files/Raspberry_Pi/Pico_SDK_v1.5.1/pico-sdk/src/rp2_common/hardware_irq/irq.c.obj
                0x1000066c                irq_set_mask_enabled
 .text.irq_set_enabled
                0x1000068c        0xe complex/weatherstation/CMakeFiles/weatherstation.dir/C_/Program_Files/Raspberry_Pi/Pico_SDK_v1.5.1/pico-sdk/src/rp2_common/hardware_irq/irq.c.obj
                0x1000068c                irq_set_enabled
 *fill*         0x1000069a        0x2 
 .text.irq_get_vtable_handler
                0x1000069c       0x10 complex/weatherstation/CMakeFiles/weatherstation.dir/C_/Program_Files/Raspberry_Pi/Pico_SDK_v1.5.1/pico-sdk/src/rp2_common/hardware_irq/irq.c.obj
                0x1000069c                irq_get_vtable_handler
 .text.irq_set_exclusive_handler
                0x100006ac       0x54 complex/weatherstation/CMakeFiles/weatherstation.dir/C_/Program_Files/Raspberry_Pi/Pico_SDK_v1.5.1/pico-sdk/src/rp2_common/hardware_irq/irq.c.obj
                0x100006ac                irq_set_exclusive_handler
 .text.irq_remove_handler
                0x10000700      0x1ac complex/weatherstation/CMakeFiles/weatherstation.dir/C_/Program_Files/Raspberry_Pi/Pico_SDK_v1.5.1/pico-sdk/src/rp2_common/hardware_irq/irq.c.obj
                0x10000700                irq_remove_handler
 .text.irq_add_tail_to_free_list
                0x100008ac       0xf0 complex/weatherstation/CMakeFiles/weatherstation.dir/C_/Program_Files/Raspberry_Pi/Pico_SDK_v1.5.1/pico-sdk/src/rp2_common/hardware_irq/irq.c.obj
                0x100008ac                irq_add_tail_to_free_list
 .text.irq_init_priorities
                0x1000099c       0x1c complex/weatherstation/CMakeFiles/weatherstation.dir/C_/Program_Files/Raspberry_Pi/Pico_SDK_v1.5.1/pico-sdk/src/rp2_common/hardware_irq/irq.c.obj
                0x1000099c                irq_init_priorities
 .text.lock_init
                0x100009b8       0x10 complex/weatherstation/CMakeFiles/weatherstation.dir/C_/Program_Files/Raspberry_Pi/Pico_SDK_v1.5.1/pico-sdk/src/common/pico_sync/lock_core.c.obj
                0x100009b8                lock_init
 .text.mutex_init
                0x100009c8       0x1a complex/weatherstation/CMakeFiles/weatherstation.dir/C_/Program_Files/Raspberry_Pi/Pico_SDK_v1.5.1/pico-sdk/src/common/pico_sync/mutex.c.obj
                0x100009c8                mutex_init
 .text.recursive_mutex_init
                0x100009e2       0x1e complex/weatherstation/CMakeFiles/weatherstation.dir/C_/Program_Files/Raspberry_Pi/Pico_SDK_v1.5.1/pico-sdk/src/common/pico_sync/mutex.c.obj
                0x100009e2                recursive_mutex_init
 .text.alarm_pool_post_alloc_init
                0x10000a00       0x40 complex/weatherstation/CMakeFiles/weatherstation.dir/C_/Program_Files/Raspberry_Pi/Pico_SDK_v1.5.1/pico-sdk/src/common/pico_time/time.c.obj
 .text.sleep_until_callback
                0x10000a40       0x30 complex/weatherstation/CMakeFiles/weatherstation.dir/C_/Program_Files/Raspberry_Pi/Pico_SDK_v1.5.1/pico-sdk/src/common/pico_time/time.c.obj
 .text.timer_pool_entry_comparator
                0x10000a70       0x7c complex/weatherstation/CMakeFiles/weatherstation.dir/C_/Program_Files/Raspberry_Pi/Pico_SDK_v1.5.1/pico-sdk/src/common/pico_time/time.c.obj
                0x10000a70                timer_pool_entry_comparator
 .text.ph_add_child_node
                0x10000aec       0xa4 complex/weatherstation/CMakeFiles/weatherstation.dir/C_/Program_Files/Raspberry_Pi/Pico_SDK_v1.5.1/pico-sdk/src/common/pico_time/time.c.obj
 .text.ph_merge_nodes
                0x10000b90       0x3e complex/weatherstation/CMakeFiles/weatherstation.dir/C_/Program_Files/Raspberry_Pi/Pico_SDK_v1.5.1/pico-sdk/src/common/pico_time/time.c.obj
 *fill*         0x10000bce        0x2 
 .text.add_alarm_under_lock
                0x10000bd0      0x174 complex/weatherstation/CMakeFiles/weatherstation.dir/C_/Program_Files/Raspberry_Pi/Pico_SDK_v1.5.1/pico-sdk/src/common/pico_time/time.c.obj
 .text.alarm_pool_alarm_callback
                0x10000d44      0x33c complex/weatherstation/CMakeFiles/weatherstation.dir/C_/Program_Files/Raspberry_Pi/Pico_SDK_v1.5.1/pico-sdk/src/common/pico_time/time.c.obj
 .text.alarm_pool_init_default
                0x10001080       0x40 complex/weatherstation/CMakeFiles/weatherstation.dir/C_/Program_Files/Raspberry_Pi/Pico_SDK_v1.5.1/pico-sdk/src/common/pico_time/time.c.obj
                0x10001080                alarm_pool_init_default
 .text.alarm_pool_get_default
                0x100010c0       0x2c complex/weatherstation/CMakeFiles/weatherstation.dir/C_/Program_Files/Raspberry_Pi/Pico_SDK_v1.5.1/pico-sdk/src/common/pico_time/time.c.obj
                0x100010c0                alarm_pool_get_default
 .text.alarm_pool_add_alarm_at
                0x100010ec      0x168 complex/weatherstation/CMakeFiles/weatherstation.dir/C_/Program_Files/Raspberry_Pi/Pico_SDK_v1.5.1/pico-sdk/src/common/pico_time/time.c.obj
                0x100010ec                alarm_pool_add_alarm_at
 .text.alarm_pool_cancel_alarm
                0x10001254       0xf8 complex/weatherstation/CMakeFiles/weatherstation.dir/C_/Program_Files/Raspberry_Pi/Pico_SDK_v1.5.1/pico-sdk/src/common/pico_time/time.c.obj
                0x10001254                alarm_pool_cancel_alarm
 .text.sleep_until
                0x1000134c       0xfc complex/weatherstation/CMakeFiles/weatherstation.dir/C_/Program_Files/Raspberry_Pi/Pico_SDK_v1.5.1/pico-sdk/src/common/pico_time/time.c.obj
                0x1000134c                sleep_until
 .text.sleep_us
                0x10001448       0x58 complex/weatherstation/CMakeFiles/weatherstation.dir/C_/Program_Files/Raspberry_Pi/Pico_SDK_v1.5.1/pico-sdk/src/common/pico_time/time.c.obj
                0x10001448                sleep_us
 .text.sleep_ms
                0x100014a0       0x14 complex/weatherstation/CMakeFiles/weatherstation.dir/C_/Program_Files/Raspberry_Pi/Pico_SDK_v1.5.1/pico-sdk/src/common/pico_time/time.c.obj
                0x100014a0                sleep_ms
 .text.best_effort_wfe_or_timeout
                0x100014b4       0xac complex/weatherstation/CMakeFiles/weatherstation.dir/C_/Program_Files/Raspberry_Pi/Pico_SDK_v1.5.1/pico-sdk/src/common/pico_time/time.c.obj
                0x100014b4                best_effort_wfe_or_timeout
 .text.hardware_alarm_irq_handler
                0x10001560       0x90 complex/weatherstation/CMakeFiles/weatherstation.dir/C_/Program_Files/Raspberry_Pi/Pico_SDK_v1.5.1/pico-sdk/src/rp2_common/hardware_timer/timer.c.obj
 .text.hardware_alarm_claim
                0x100015f0       0x18 complex/weatherstation/CMakeFiles/weatherstation.dir/C_/Program_Files/Raspberry_Pi/Pico_SDK_v1.5.1/pico-sdk/src/rp2_common/hardware_timer/timer.c.obj
                0x100015f0                hardware_alarm_claim
 .text.time_us_64
                0x10001608       0x18 complex/weatherstation/CMakeFiles/weatherstation.dir/C_/Program_Files/Raspberry_Pi/Pico_SDK_v1.5.1/pico-sdk/src/rp2_common/hardware_timer/timer.c.obj
                0x10001608                time_us_64
 .text.busy_wait_until
                0x10001620       0x28 complex/weatherstation/CMakeFiles/weatherstation.dir/C_/Program_Files/Raspberry_Pi/Pico_SDK_v1.5.1/pico-sdk/src/rp2_common/hardware_timer/timer.c.obj
                0x10001620                busy_wait_until
 .text.hardware_alarm_set_callback
                0x10001648       0x90 complex/weatherstation/CMakeFiles/weatherstation.dir/C_/Program_Files/Raspberry_Pi/Pico_SDK_v1.5.1/pico-sdk/src/rp2_common/hardware_timer/timer.c.obj
                0x10001648                hardware_alarm_set_callback
 .text.hardware_alarm_set_target
                0x100016d8       0xe8 complex/weatherstation/CMakeFiles/weatherstation.dir/C_/Program_Files/Raspberry_Pi/Pico_SDK_v1.5.1/pico-sdk/src/rp2_common/hardware_timer/timer.c.obj
                0x100016d8                hardware_alarm_set_target
 .text.hardware_alarm_cancel
                0x100017c0       0x40 complex/weatherstation/CMakeFiles/weatherstation.dir/C_/Program_Files/Raspberry_Pi/Pico_SDK_v1.5.1/pico-sdk/src/rp2_common/hardware_timer/timer.c.obj
                0x100017c0                hardware_alarm_cancel
 .text.ph_add_child_node
                0x10001800       0xa4 complex/weatherstation/CMakeFiles/weatherstation.dir/C_/Program_Files/Raspberry_Pi/Pico_SDK_v1.5.1/pico-sdk/src/common/pico_util/pheap.c.obj
 .text.ph_merge_nodes
                0x100018a4       0x3e complex/weatherstation/CMakeFiles/weatherstation.dir/C_/Program_Files/Raspberry_Pi/Pico_SDK_v1.5.1/pico-sdk/src/common/pico_util/pheap.c.obj
 *fill*         0x100018e2        0x2 
 .text.ph_clear
                0x100018e4       0x70 complex/weatherstation/CMakeFiles/weatherstation.dir/C_/Program_Files/Raspberry_Pi/Pico_SDK_v1.5.1/pico-sdk/src/common/pico_util/pheap.c.obj
                0x100018e4                ph_clear
 .text.ph_post_alloc_init
                0x10001954        0xe complex/weatherstation/CMakeFiles/weatherstation.dir/C_/Program_Files/Raspberry_Pi/Pico_SDK_v1.5.1/pico-sdk/src/common/pico_util/pheap.c.obj
                0x10001954                ph_post_alloc_init
 *fill*         0x10001962        0x2 
 .text.ph_merge_two_pass
                0x10001964       0xa8 complex/weatherstation/CMakeFiles/weatherstation.dir/C_/Program_Files/Raspberry_Pi/Pico_SDK_v1.5.1/pico-sdk/src/common/pico_util/pheap.c.obj
                0x10001964                ph_merge_two_pass
 .text.ph_remove_any_head
                0x10001a0c      0x128 complex/weatherstation/CMakeFiles/weatherstation.dir/C_/Program_Files/Raspberry_Pi/Pico_SDK_v1.5.1/pico-sdk/src/common/pico_util/pheap.c.obj
 .text.ph_remove_head
                0x10001b34       0x14 complex/weatherstation/CMakeFiles/weatherstation.dir/C_/Program_Files/Raspberry_Pi/Pico_SDK_v1.5.1/pico-sdk/src/common/pico_util/pheap.c.obj
                0x10001b34                ph_remove_head
 .text.ph_remove_and_free_node
                0x10001b48       0xf8 complex/weatherstation/CMakeFiles/weatherstation.dir/C_/Program_Files/Raspberry_Pi/Pico_SDK_v1.5.1/pico-sdk/src/common/pico_util/pheap.c.obj
                0x10001b48                ph_remove_and_free_node
 .text.clock_configure
                0x10001c40      0x108 complex/weatherstation/CMakeFiles/weatherstation.dir/C_/Program_Files/Raspberry_Pi/Pico_SDK_v1.5.1/pico-sdk/src/rp2_common/hardware_clocks/clocks.c.obj
                0x10001c40                clock_configure
 .text.clocks_init
                0x10001d48      0x100 complex/weatherstation/CMakeFiles/weatherstation.dir/C_/Program_Files/Raspberry_Pi/Pico_SDK_v1.5.1/pico-sdk/src/rp2_common/hardware_clocks/clocks.c.obj
                0x10001d48                clocks_init
 .text.clock_get_hz
                0x10001e48        0xc complex/weatherstation/CMakeFiles/weatherstation.dir/C_/Program_Files/Raspberry_Pi/Pico_SDK_v1.5.1/pico-sdk/src/rp2_common/hardware_clocks/clocks.c.obj
                0x10001e48                clock_get_hz
 .text.pll_init
                0x10001e54      0x120 complex/weatherstation/CMakeFiles/weatherstation.dir/C_/Program_Files/Raspberry_Pi/Pico_SDK_v1.5.1/pico-sdk/src/rp2_common/hardware_pll/pll.c.obj
                0x10001e54                pll_init
 .text.watchdog_start_tick
                0x10001f74       0x10 complex/weatherstation/CMakeFiles/weatherstation.dir/C_/Program_Files/Raspberry_Pi/Pico_SDK_v1.5.1/pico-sdk/src/rp2_common/hardware_watchdog/watchdog.c.obj
                0x10001f74                watchdog_start_tick
 .text.xosc_init
                0x10001f84       0x28 complex/weatherstation/CMakeFiles/weatherstation.dir/C_/Program_Files/Raspberry_Pi/Pico_SDK_v1.5.1/pico-sdk/src/rp2_common/hardware_xosc/xosc.c.obj
                0x10001f84                xosc_init
 .text._exit    0x10001fac        0x4 complex/weatherstation/CMakeFiles/weatherstation.dir/C_/Program_Files/Raspberry_Pi/Pico_SDK_v1.5.1/pico-sdk/src/rp2_common/pico_runtime/runtime.c.obj
                0x10001fac                _exit
 .text.exit     0x10001fb0        0x6 complex/weatherstation/CMakeFiles/weatherstation.dir/C_/Program_Files/Raspberry_Pi/Pico_SDK_v1.5.1/pico-sdk/src/rp2_common/pico_runtime/runtime.c.obj
                0x10001fb0                exit
 *fill*         0x10001fb6        0x2 
 .text.__assert_func
                0x10001fb8       0x3c complex/weatherstation/CMakeFiles/weatherstation.dir/C_/Program_Files/Raspberry_Pi/Pico_SDK_v1.5.1/pico-sdk/src/rp2_common/pico_runtime/runtime.c.obj
                0x10001fb8                __assert_func
 .text.runtime_init
                0x10001ff4       0xf8 complex/weatherstation/CMakeFiles/weatherstation.dir/C_/Program_Files/Raspberry_Pi/Pico_SDK_v1.5.1/pico-sdk/src/rp2_common/pico_runtime/runtime.c.obj
                0x10001ff4                runtime_init
 .text.panic    0x100020ec       0x30 complex/weatherstation/CMakeFiles/weatherstation.dir/C_/Program_Files/Raspberry_Pi/Pico_SDK_v1.5.1/pico-sdk/src/rp2_common/pico_runtime/runtime.c.obj
                0x100020ec                panic
 .text._out_null
                0x1000211c        0x2 complex/weatherstation/CMakeFiles/weatherstation.dir/C_/Program_Files/Raspberry_Pi/Pico_SDK_v1.5.1/pico-sdk/src/rp2_common/pico_printf/printf.c.obj
 .text._out_fct
                0x1000211e        0xe complex/weatherstation/CMakeFiles/weatherstation.dir/C_/Program_Files/Raspberry_Pi/Pico_SDK_v1.5.1/pico-sdk/src/rp2_common/pico_printf/printf.c.obj
 .text._atoi    0x1000212c       0x24 complex/weatherstation/CMakeFiles/weatherstation.dir/C_/Program_Files/Raspberry_Pi/Pico_SDK_v1.5.1/pico-sdk/src/rp2_common/pico_printf/printf.c.obj
 .text._out_rev
                0x10002150       0xae complex/weatherstation/CMakeFiles/weatherstation.dir/C_/Program_Files/Raspberry_Pi/Pico_SDK_v1.5.1/pico-sdk/src/rp2_common/pico_printf/printf.c.obj
 .text._ntoa_format
                0x100021fe      0x112 complex/weatherstation/CMakeFiles/weatherstation.dir/C_/Program_Files/Raspberry_Pi/Pico_SDK_v1.5.1/pico-sdk/src/rp2_common/pico_printf/printf.c.obj
 .text._ntoa_long
                0x10002310       0xbc complex/weatherstation/CMakeFiles/weatherstation.dir/C_/Program_Files/Raspberry_Pi/Pico_SDK_v1.5.1/pico-sdk/src/rp2_common/pico_printf/printf.c.obj
 .text._ntoa_long_long
                0x100023cc       0xe2 complex/weatherstation/CMakeFiles/weatherstation.dir/C_/Program_Files/Raspberry_Pi/Pico_SDK_v1.5.1/pico-sdk/src/rp2_common/pico_printf/printf.c.obj
 *fill*         0x100024ae        0x2 
 .text._etoa    0x100024b0      0x414 complex/weatherstation/CMakeFiles/weatherstation.dir/C_/Program_Files/Raspberry_Pi/Pico_SDK_v1.5.1/pico-sdk/src/rp2_common/pico_printf/printf.c.obj
 .text._ftoa    0x100028c4      0x354 complex/weatherstation/CMakeFiles/weatherstation.dir/C_/Program_Files/Raspberry_Pi/Pico_SDK_v1.5.1/pico-sdk/src/rp2_common/pico_printf/printf.c.obj
 .text._vsnprintf
                0x10002c18      0x624 complex/weatherstation/CMakeFiles/weatherstation.dir/C_/Program_Files/Raspberry_Pi/Pico_SDK_v1.5.1/pico-sdk/src/rp2_common/pico_printf/printf.c.obj
 .text.vfctprintf
                0x1000323c       0x20 complex/weatherstation/CMakeFiles/weatherstation.dir/C_/Program_Files/Raspberry_Pi/Pico_SDK_v1.5.1/pico-sdk/src/rp2_common/pico_printf/printf.c.obj
                0x1000323c                vfctprintf
 .text          0x1000325c       0x10 complex/weatherstation/CMakeFiles/weatherstation.dir/C_/Program_Files/Raspberry_Pi/Pico_SDK_v1.5.1/pico-sdk/src/rp2_common/pico_bit_ops/bit_ops_aeabi.S.obj
 .text.rom_func_lookup
                0x1000326c       0x10 complex/weatherstation/CMakeFiles/weatherstation.dir/C_/Program_Files/Raspberry_Pi/Pico_SDK_v1.5.1/pico-sdk/src/rp2_common/pico_bootrom/bootrom.c.obj
                0x1000326c                rom_func_lookup
 .text.rom_data_lookup
                0x1000327c       0x10 complex/weatherstation/CMakeFiles/weatherstation.dir/C_/Program_Files/Raspberry_Pi/Pico_SDK_v1.5.1/pico-sdk/src/rp2_common/pico_bootrom/bootrom.c.obj
                0x1000327c                rom_data_lookup
 .text.rom_funcs_lookup
                0x1000328c       0x36 complex/weatherstation/CMakeFiles/weatherstation.dir/C_/Program_Files/Raspberry_Pi/Pico_SDK_v1.5.1/pico-sdk/src/rp2_common/pico_bootrom/bootrom.c.obj
                0x1000328c                rom_funcs_lookup
 *fill*         0x100032c2        0x2 
 .text.__wrap___aeabi_idiv
                0x100032c4       0x50 complex/weatherstation/CMakeFiles/weatherstation.dir/C_/Program_Files/Raspberry_Pi/Pico_SDK_v1.5.1/pico-sdk/src/rp2_common/pico_divider/divider.S.obj
                0x100032c4                __wrap___aeabi_idivmod
                0x100032c4                divmod_s32s32
                0x100032c4                div_s32s32
                0x100032c4                __wrap___aeabi_idiv
                0x100032cc                divmod_s32s32_unsafe
                0x100032f8                divmod_s32s32_savestate
 .text.__wrap___aeabi_uidiv
                0x10003314       0x4c complex/weatherstation/CMakeFiles/weatherstation.dir/C_/Program_Files/Raspberry_Pi/Pico_SDK_v1.5.1/pico-sdk/src/rp2_common/pico_divider/divider.S.obj
                0x10003314                __wrap___aeabi_uidiv
                0x10003314                __wrap___aeabi_uidivmod
                0x10003314                div_u32u32
                0x10003314                divmod_u32u32
                0x1000331c                divmod_u32u32_unsafe
                0x10003344                divmod_u32u32_savestate
 .text.__wrap___aeabi_ldiv
                0x10003360      0x424 complex/weatherstation/CMakeFiles/weatherstation.dir/C_/Program_Files/Raspberry_Pi/Pico_SDK_v1.5.1/pico-sdk/src/rp2_common/pico_divider/divider.S.obj
                0x10003360                div_s64s64
                0x10003360                divmod_s64s64
                0x10003360                __wrap___aeabi_ldivmod
                0x10003390                divmod_u64u64
                0x10003390                div_u64u64
                0x10003390                __wrap___aeabi_uldivmod
                0x100033a0                divmod_u64u64_savestate
                0x100033c0                divmod_s64s64_unsafe
                0x10003448                divmod_u64u64_unsafe
 .text.__wrap___aeabi_darithmetic
                0x10003784       0x80 complex/weatherstation/CMakeFiles/weatherstation.dir/C_/Program_Files/Raspberry_Pi/Pico_SDK_v1.5.1/pico-sdk/src/rp2_common/pico_double/double_aeabi.S.obj
                0x10003784                __wrap___aeabi_drsub
                0x1000378a                __wrap___aeabi_dsub
                0x1000379c                __wrap___aeabi_dadd
                0x100037ae                __wrap___aeabi_ddiv
                0x100037ea                __wrap___aeabi_dmul
 .text.__wrap___aeabi_cdcmple
                0x10003804       0x6c complex/weatherstation/CMakeFiles/weatherstation.dir/C_/Program_Files/Raspberry_Pi/Pico_SDK_v1.5.1/pico-sdk/src/rp2_common/pico_double/double_aeabi.S.obj
                0x10003804                __wrap___aeabi_cdrcmple
                0x10003814                __wrap___aeabi_cdcmpeq
                0x10003814                __wrap___aeabi_cdcmple
 .text.__wrap___aeabi_dcmplt
                0x10003870        0xc complex/weatherstation/CMakeFiles/weatherstation.dir/C_/Program_Files/Raspberry_Pi/Pico_SDK_v1.5.1/pico-sdk/src/rp2_common/pico_double/double_aeabi.S.obj
                0x10003870                __wrap___aeabi_dcmplt
 .text.__wrap___aeabi_dcmple
                0x1000387c       0x10 complex/weatherstation/CMakeFiles/weatherstation.dir/C_/Program_Files/Raspberry_Pi/Pico_SDK_v1.5.1/pico-sdk/src/rp2_common/pico_double/double_aeabi.S.obj
                0x1000387c                __wrap___aeabi_dcmple
 .text.__wrap___aeabi_dcmpge
                0x1000388c       0x10 complex/weatherstation/CMakeFiles/weatherstation.dir/C_/Program_Files/Raspberry_Pi/Pico_SDK_v1.5.1/pico-sdk/src/rp2_common/pico_double/double_aeabi.S.obj
                0x1000388c                __wrap___aeabi_dcmpge
 .text.__wrap___aeabi_dcmpgt
                0x1000389c        0xa complex/weatherstation/CMakeFiles/weatherstation.dir/C_/Program_Files/Raspberry_Pi/Pico_SDK_v1.5.1/pico-sdk/src/rp2_common/pico_double/double_aeabi.S.obj
                0x1000389c                __wrap___aeabi_dcmpgt
 .text.__wrap___aeabi_dcmpun
                0x100038a6       0x1c complex/weatherstation/CMakeFiles/weatherstation.dir/C_/Program_Files/Raspberry_Pi/Pico_SDK_v1.5.1/pico-sdk/src/rp2_common/pico_double/double_aeabi.S.obj
                0x100038a6                __wrap___aeabi_dcmpun
 *fill*         0x100038c2        0x2 
 .text.__wrap___aeabi_i2d
                0x100038c4       0x38 complex/weatherstation/CMakeFiles/weatherstation.dir/C_/Program_Files/Raspberry_Pi/Pico_SDK_v1.5.1/pico-sdk/src/rp2_common/pico_double/double_aeabi.S.obj
                0x100038c4                __wrap___aeabi_ui2d
                0x100038cc                __wrap___aeabi_i2d
 .text.__wrap___aeabi_d2iz
                0x100038fc       0x48 complex/weatherstation/CMakeFiles/weatherstation.dir/C_/Program_Files/Raspberry_Pi/Pico_SDK_v1.5.1/pico-sdk/src/rp2_common/pico_double/double_aeabi.S.obj
                0x100038fc                double2int_z
                0x100038fc                __wrap___aeabi_d2iz
 .text.__wrap___aeabi_d2uiz
                0x10003944       0x18 complex/weatherstation/CMakeFiles/weatherstation.dir/C_/Program_Files/Raspberry_Pi/Pico_SDK_v1.5.1/pico-sdk/src/rp2_common/pico_double/double_aeabi.S.obj
                0x10003944                __wrap___aeabi_d2uiz
                0x10003944                double2uint
 .text.__aeabi_double_init
                0x1000395c       0xc8 complex/weatherstation/CMakeFiles/weatherstation.dir/C_/Program_Files/Raspberry_Pi/Pico_SDK_v1.5.1/pico-sdk/src/rp2_common/pico_double/double_init_rom.c.obj
                0x1000395c                __aeabi_double_init
 .text.double_table_shim_on_use_helper
                0x10003a24       0x34 complex/weatherstation/CMakeFiles/weatherstation.dir/C_/Program_Files/Raspberry_Pi/Pico_SDK_v1.5.1/pico-sdk/src/rp2_common/pico_double/double_v1_rom_shim.S.obj
                0x10003a24                double_table_shim_on_use_helper
 .text.__wrap___aeabi_dsub
                0x10003a58       0x10 complex/weatherstation/CMakeFiles/weatherstation.dir/C_/Program_Files/Raspberry_Pi/Pico_SDK_v1.5.1/pico-sdk/src/rp2_common/pico_double/double_v1_rom_shim.S.obj
                0x10003a58                drsub_shim
                0x10003a5e                dsub_shim
 .text.dadd_shim
                0x10003a68      0x15c complex/weatherstation/CMakeFiles/weatherstation.dir/C_/Program_Files/Raspberry_Pi/Pico_SDK_v1.5.1/pico-sdk/src/rp2_common/pico_double/double_v1_rom_shim.S.obj
                0x10003a68                dadd_shim
 .text.dmul_shim
                0x10003bc4      0x15c complex/weatherstation/CMakeFiles/weatherstation.dir/C_/Program_Files/Raspberry_Pi/Pico_SDK_v1.5.1/pico-sdk/src/rp2_common/pico_double/double_v1_rom_shim.S.obj
                0x10003bc4                dmul_shim
 .text.ddiv_shim
                0x10003d20      0x1b0 complex/weatherstation/CMakeFiles/weatherstation.dir/C_/Program_Files/Raspberry_Pi/Pico_SDK_v1.5.1/pico-sdk/src/rp2_common/pico_double/double_v1_rom_shim.S.obj
                0x10003d20                ddiv_shim
 .text.double2uint_shim
                0x10003ed0        0xe complex/weatherstation/CMakeFiles/weatherstation.dir/C_/Program_Files/Raspberry_Pi/Pico_SDK_v1.5.1/pico-sdk/src/rp2_common/pico_double/double_v1_rom_shim.S.obj
                0x10003ed0                double2uint_shim
                0x10003ed2                double2ufix_shim
 *fill*         0x10003ede        0x2 
 .text.double2uint64_shim
                0x10003ee0       0x70 complex/weatherstation/CMakeFiles/weatherstation.dir/C_/Program_Files/Raspberry_Pi/Pico_SDK_v1.5.1/pico-sdk/src/rp2_common/pico_double/double_v1_rom_shim.S.obj
                0x10003ee0                double2uint64_shim
                0x10003ee2                double2ufix64_shim
                0x10003f02                d2fix_a
 .text.dunpacks
                0x10003f50       0x3c complex/weatherstation/CMakeFiles/weatherstation.dir/C_/Program_Files/Raspberry_Pi/Pico_SDK_v1.5.1/pico-sdk/src/rp2_common/pico_double/double_v1_rom_shim.S.obj
                0x10003f50                dunpacks
 .text.__aeabi_lmul
                0x10003f8c       0x32 complex/weatherstation/CMakeFiles/weatherstation.dir/C_/Program_Files/Raspberry_Pi/Pico_SDK_v1.5.1/pico-sdk/src/rp2_common/pico_int64_ops/pico_int64_ops_aeabi.S.obj
                0x10003f8c                __wrap___aeabi_lmul
 *fill*         0x10003fbe        0x2 
 .text.__wrap___aeabi_farithmetic
                0x10003fc0       0x58 complex/weatherstation/CMakeFiles/weatherstation.dir/C_/Program_Files/Raspberry_Pi/Pico_SDK_v1.5.1/pico-sdk/src/rp2_common/pico_float/float_aeabi.S.obj
                0x10003fc0                __wrap___aeabi_frsub
                0x10003fc6                __wrap___aeabi_fsub
                0x10003fd0                __wrap___aeabi_fadd
                0x10003fda                __wrap___aeabi_fdiv
                0x10004006                __wrap___aeabi_fmul
 .text.__wrap___aeabi_i2f
                0x10004018       0x44 complex/weatherstation/CMakeFiles/weatherstation.dir/C_/Program_Files/Raspberry_Pi/Pico_SDK_v1.5.1/pico-sdk/src/rp2_common/pico_float/float_aeabi.S.obj
                0x10004018                __wrap___aeabi_i2f
 .text.__wrap___aeabi_f2d
                0x1000405c       0x14 complex/weatherstation/CMakeFiles/weatherstation.dir/C_/Program_Files/Raspberry_Pi/Pico_SDK_v1.5.1/pico-sdk/src/rp2_common/pico_float/float_aeabi.S.obj
                0x1000405c                __wrap___aeabi_f2d
 .text.__aeabi_float_init
                0x10004070       0xfc complex/weatherstation/CMakeFiles/weatherstation.dir/C_/Program_Files/Raspberry_Pi/Pico_SDK_v1.5.1/pico-sdk/src/rp2_common/pico_float/float_init_rom.c.obj
                0x10004070                __aeabi_float_init
 .text.float_table_shim_on_use_helper
                0x1000416c       0x34 complex/weatherstation/CMakeFiles/weatherstation.dir/C_/Program_Files/Raspberry_Pi/Pico_SDK_v1.5.1/pico-sdk/src/rp2_common/pico_float/float_v1_rom_shim.S.obj
                0x1000416c                float_table_shim_on_use_helper
 .text.float2double_shim
                0x100041a0       0x30 complex/weatherstation/CMakeFiles/weatherstation.dir/C_/Program_Files/Raspberry_Pi/Pico_SDK_v1.5.1/pico-sdk/src/rp2_common/pico_float/float_v1_rom_shim.S.obj
                0x100041a0                float2double_shim
 .text          0x100041d0       0x10 complex/weatherstation/CMakeFiles/weatherstation.dir/C_/Program_Files/Raspberry_Pi/Pico_SDK_v1.5.1/pico-sdk/src/rp2_common/pico_mem_ops/mem_ops_aeabi.S.obj
                0x100041d0                __aeabi_mem_init
 .text.memset   0x100041e0        0xc complex/weatherstation/CMakeFiles/weatherstation.dir/C_/Program_Files/Raspberry_Pi/Pico_SDK_v1.5.1/pico-sdk/src/rp2_common/pico_mem_ops/mem_ops_aeabi.S.obj
                0x100041e0                __wrap_memset
 .text.memcpy   0x100041ec        0xc complex/weatherstation/CMakeFiles/weatherstation.dir/C_/Program_Files/Raspberry_Pi/Pico_SDK_v1.5.1/pico-sdk/src/rp2_common/pico_mem_ops/mem_ops_aeabi.S.obj
                0x100041ec                __wrap_memcpy
                0x100041ec                __wrap___aeabi_memcpy
 .text.stdio_out_chars_no_crlf
                0x100041f8        0xe complex/weatherstation/CMakeFiles/weatherstation.dir/C_/Program_Files/Raspberry_Pi/Pico_SDK_v1.5.1/pico-sdk/src/rp2_common/pico_stdio/stdio.c.obj
 *fill*         0x10004206        0x2 
 .text.stdio_out_chars_crlf
                0x10004208       0x80 complex/weatherstation/CMakeFiles/weatherstation.dir/C_/Program_Files/Raspberry_Pi/Pico_SDK_v1.5.1/pico-sdk/src/rp2_common/pico_stdio/stdio.c.obj
 .text.stdio_stack_buffer_flush
                0x10004288       0x44 complex/weatherstation/CMakeFiles/weatherstation.dir/C_/Program_Files/Raspberry_Pi/Pico_SDK_v1.5.1/pico-sdk/src/rp2_common/pico_stdio/stdio.c.obj
 .text.stdio_buffered_printer
                0x100042cc       0x20 complex/weatherstation/CMakeFiles/weatherstation.dir/C_/Program_Files/Raspberry_Pi/Pico_SDK_v1.5.1/pico-sdk/src/rp2_common/pico_stdio/stdio.c.obj
 .text.stdout_serialize_begin
                0x100042ec       0x5c complex/weatherstation/CMakeFiles/weatherstation.dir/C_/Program_Files/Raspberry_Pi/Pico_SDK_v1.5.1/pico-sdk/src/rp2_common/pico_stdio/stdio.c.obj
                0x100042ec                stdout_serialize_begin
 .text.stdout_serialize_end
                0x10004348       0x10 complex/weatherstation/CMakeFiles/weatherstation.dir/C_/Program_Files/Raspberry_Pi/Pico_SDK_v1.5.1/pico-sdk/src/rp2_common/pico_stdio/stdio.c.obj
                0x10004348                stdout_serialize_end
 .text.stdio_put_string
                0x10004358       0x98 complex/weatherstation/CMakeFiles/weatherstation.dir/C_/Program_Files/Raspberry_Pi/Pico_SDK_v1.5.1/pico-sdk/src/rp2_common/pico_stdio/stdio.c.obj
 .text.stdio_flush
                0x100043f0       0x20 complex/weatherstation/CMakeFiles/weatherstation.dir/C_/Program_Files/Raspberry_Pi/Pico_SDK_v1.5.1/pico-sdk/src/rp2_common/pico_stdio/stdio.c.obj
                0x100043f0                stdio_flush
 .text.__wrap_puts
                0x10004410       0x1e complex/weatherstation/CMakeFiles/weatherstation.dir/C_/Program_Files/Raspberry_Pi/Pico_SDK_v1.5.1/pico-sdk/src/rp2_common/pico_stdio/stdio.c.obj
                0x10004410                __wrap_puts
 *fill*         0x1000442e        0x2 
 .text.__wrap_vprintf
                0x10004430       0x40 complex/weatherstation/CMakeFiles/weatherstation.dir/C_/Program_Files/Raspberry_Pi/Pico_SDK_v1.5.1/pico-sdk/src/rp2_common/pico_stdio/stdio.c.obj
                0x10004430                __wrap_vprintf
 .text.__wrap_printf
                0x10004470       0x18 complex/weatherstation/CMakeFiles/weatherstation.dir/C_/Program_Files/Raspberry_Pi/Pico_SDK_v1.5.1/pico-sdk/src/rp2_common/pico_stdio/stdio.c.obj
                0x10004470                __wrap_printf
 .text._retrieve_unique_id_on_boot
                0x10004488       0x10 complex/weatherstation/CMakeFiles/weatherstation.dir/C_/Program_Files/Raspberry_Pi/Pico_SDK_v1.5.1/pico-sdk/src/rp2_common/pico_unique_id/unique_id.c.obj
 .text.flash_get_unique_id
                0x10004498       0x46 complex/weatherstation/CMakeFiles/weatherstation.dir/C_/Program_Files/Raspberry_Pi/Pico_SDK_v1.5.1/pico-sdk/src/rp2_common/hardware_flash/flash.c.obj
                0x10004498                flash_get_unique_id
 .text.i2c_write_blocking_internal
                0x100044de      0x140 complex/weatherstation/CMakeFiles/weatherstation.dir/C_/Program_Files/Raspberry_Pi/Pico_SDK_v1.5.1/pico-sdk/src/rp2_common/hardware_i2c/i2c.c.obj
 .text.i2c_read_blocking_internal
                0x1000461e       0xe6 complex/weatherstation/CMakeFiles/weatherstation.dir/C_/Program_Files/Raspberry_Pi/Pico_SDK_v1.5.1/pico-sdk/src/rp2_common/hardware_i2c/i2c.c.obj
 .text.i2c_set_baudrate
                0x10004704       0xf0 complex/weatherstation/CMakeFiles/weatherstation.dir/C_/Program_Files/Raspberry_Pi/Pico_SDK_v1.5.1/pico-sdk/src/rp2_common/hardware_i2c/i2c.c.obj
                0x10004704                i2c_set_baudrate
 .text.i2c_init
                0x100047f4       0x58 complex/weatherstation/CMakeFiles/weatherstation.dir/C_/Program_Files/Raspberry_Pi/Pico_SDK_v1.5.1/pico-sdk/src/rp2_common/hardware_i2c/i2c.c.obj
                0x100047f4                i2c_init
 .text.i2c_write_blocking
                0x1000484c       0x18 complex/weatherstation/CMakeFiles/weatherstation.dir/C_/Program_Files/Raspberry_Pi/Pico_SDK_v1.5.1/pico-sdk/src/rp2_common/hardware_i2c/i2c.c.obj
                0x1000484c                i2c_write_blocking
 .text.i2c_read_blocking
                0x10004864       0x18 complex/weatherstation/CMakeFiles/weatherstation.dir/C_/Program_Files/Raspberry_Pi/Pico_SDK_v1.5.1/pico-sdk/src/rp2_common/hardware_i2c/i2c.c.obj
                0x10004864                i2c_read_blocking
 .text.i2c_write_byte
                0x1000487c       0x20 complex/weatherstation/CMakeFiles/weatherstation.dir/lcd_library/lcd_1602_i2c.c.obj
                0x1000487c                i2c_write_byte
 .text.lcd_toggle_enable
                0x1000489c       0x38 complex/weatherstation/CMakeFiles/weatherstation.dir/lcd_library/lcd_1602_i2c.c.obj
                0x1000489c                lcd_toggle_enable
 .text.lcd_send_byte
                0x100048d4       0x38 complex/weatherstation/CMakeFiles/weatherstation.dir/lcd_library/lcd_1602_i2c.c.obj
                0x100048d4                lcd_send_byte
 .text.lcd_clear
                0x1000490c        0xc complex/weatherstation/CMakeFiles/weatherstation.dir/lcd_library/lcd_1602_i2c.c.obj
                0x1000490c                lcd_clear
 .text.lcd_set_cursor
                0x10004918       0x1a complex/weatherstation/CMakeFiles/weatherstation.dir/lcd_library/lcd_1602_i2c.c.obj
                0x10004918                lcd_set_cursor
 .text.lcd_string
                0x10004932       0x16 complex/weatherstation/CMakeFiles/weatherstation.dir/lcd_library/lcd_1602_i2c.c.obj
                0x10004932                lcd_string
 .text.lcd_init
                0x10004948       0x40 complex/weatherstation/CMakeFiles/weatherstation.dir/lcd_library/lcd_1602_i2c.c.obj
                0x10004948                lcd_init
 .text.bmp280_init
                0x10004988       0x40 complex/weatherstation/CMakeFiles/weatherstation.dir/bmp_library/bmp280_i2c.c.obj
                0x10004988                bmp280_init
 .text.bmp280_read_raw
                0x100049c8       0x5c complex/weatherstation/CMakeFiles/weatherstation.dir/bmp_library/bmp280_i2c.c.obj
                0x100049c8                bmp280_read_raw
 .text.bmp280_convert
                0x10004a24       0x26 complex/weatherstation/CMakeFiles/weatherstation.dir/bmp_library/bmp280_i2c.c.obj
                0x10004a24                bmp280_convert
 .text.bmp280_convert_temp
                0x10004a4a       0x12 complex/weatherstation/CMakeFiles/weatherstation.dir/bmp_library/bmp280_i2c.c.obj
                0x10004a4a                bmp280_convert_temp
 .text.bmp280_convert_pressure
                0x10004a5c       0xb8 complex/weatherstation/CMakeFiles/weatherstation.dir/bmp_library/bmp280_i2c.c.obj
                0x10004a5c                bmp280_convert_pressure
 .text.bmp280_get_calib_params
                0x10004b14       0xd0 complex/weatherstation/CMakeFiles/weatherstation.dir/bmp_library/bmp280_i2c.c.obj
                0x10004b14                bmp280_get_calib_params
 .text.strlen   0x10004be4       0x5c c:/progra~1/raspbe~1/picosd~1.1/gcc-ar~1/bin/../lib/gcc/arm-none-eabi/10.3.1/../../../../arm-none-eabi/lib/thumb/v6-m/nofp\libg.a(lib_a-strlen-stub.o)
                0x10004be4                strlen
 *(.fini)
 .fini          0x10004c40        0x4 c:/progra~1/raspbe~1/picosd~1.1/gcc-ar~1/bin/../lib/gcc/arm-none-eabi/10.3.1/thumb/v6-m/nofp/crti.o
                0x10004c40                _fini
 *fill*         0x10004c44        0x4 
 .fini.__stub   0x10004c48       0x50 linker stubs
 *crtbegin.o(.ctors)
 *crtbegin?.o(.ctors)
 *(EXCLUDE_FILE(*crtend.o *crtend?.o) .ctors)
 *(SORT_BY_NAME(.ctors.*))
 *(.ctors)
 *crtbegin.o(.dtors)
 *crtbegin?.o(.dtors)
 *(EXCLUDE_FILE(*crtend.o *crtend?.o) .dtors)
 *(SORT_BY_NAME(.dtors.*))
 *(.dtors)
 *(.eh_frame*)
 .eh_frame      0x10004c98        0x0 c:/progra~1/raspbe~1/picosd~1.1/gcc-ar~1/bin/../lib/gcc/arm-none-eabi/10.3.1/thumb/v6-m/nofp/crtbegin.o
                0x10004c98                . = ALIGN (0x4)

.glue_7         0x10004c98        0x0
 .glue_7        0x10004c98        0x0 linker stubs

.glue_7t        0x10004c98        0x0
 .glue_7t       0x10004c98        0x0 linker stubs

.vfp11_veneer   0x10004c98        0x0
 .vfp11_veneer  0x10004c98        0x0 linker stubs

.v4_bx          0x10004c98        0x0
 .v4_bx         0x10004c98        0x0 linker stubs

.iplt           0x10004c98        0x0
 .iplt          0x10004c98        0x0 c:/progra~1/raspbe~1/picosd~1.1/gcc-ar~1/bin/../lib/gcc/arm-none-eabi/10.3.1/thumb/v6-m/nofp/crtbegin.o

.rodata         0x10004c98     0x130c
 *(EXCLUDE_FILE(*libm.a: *libc.a:*lib_a-mem*.o *libgcc.a:) .rodata*)
 .rodata.main.str1.4
                0x10004c98       0x43 complex/weatherstation/CMakeFiles/weatherstation.dir/weatherstation.c.obj
 *fill*         0x10004cdb        0x1 
 .rodata.str1.4
                0x10004cdc       0x4e complex/weatherstation/CMakeFiles/weatherstation.dir/weatherstation.c.obj
 *fill*         0x10004d2a        0x2 
 .rodata.__bi_30.0
                0x10004d2c        0x8 complex/weatherstation/CMakeFiles/weatherstation.dir/weatherstation.c.obj
 .rodata.message.1
                0x10004d34       0x18 complex/weatherstation/CMakeFiles/weatherstation.dir/weatherstation.c.obj
 .rodata.make_branch.str1.4
                0x10004d4c       0x89 complex/weatherstation/CMakeFiles/weatherstation.dir/C_/Program_Files/Raspberry_Pi/Pico_SDK_v1.5.1/pico-sdk/src/rp2_common/hardware_irq/irq.c.obj
 *fill*         0x10004dd5        0x3 
 .rodata.insert_branch_and_link.str1.4
                0x10004dd8       0x10 complex/weatherstation/CMakeFiles/weatherstation.dir/C_/Program_Files/Raspberry_Pi/Pico_SDK_v1.5.1/pico-sdk/src/rp2_common/hardware_irq/irq.c.obj
 .rodata.irq_set_exclusive_handler.str1.4
                0x10004de8       0x36 complex/weatherstation/CMakeFiles/weatherstation.dir/C_/Program_Files/Raspberry_Pi/Pico_SDK_v1.5.1/pico-sdk/src/rp2_common/hardware_irq/irq.c.obj
 *fill*         0x10004e1e        0x2 
 .rodata.irq_add_shared_handler.str1.4
                0x10004e20       0xd9 complex/weatherstation/CMakeFiles/weatherstation.dir/C_/Program_Files/Raspberry_Pi/Pico_SDK_v1.5.1/pico-sdk/src/rp2_common/hardware_irq/irq.c.obj
 *fill*         0x10004ef9        0x3 
 .rodata.irq_remove_handler.str1.4
                0x10004efc       0x3a complex/weatherstation/CMakeFiles/weatherstation.dir/C_/Program_Files/Raspberry_Pi/Pico_SDK_v1.5.1/pico-sdk/src/rp2_common/hardware_irq/irq.c.obj
 *fill*         0x10004f36        0x2 
 .rodata.irq_add_tail_to_free_list.str1.4
                0x10004f38       0x3a complex/weatherstation/CMakeFiles/weatherstation.dir/C_/Program_Files/Raspberry_Pi/Pico_SDK_v1.5.1/pico-sdk/src/rp2_common/hardware_irq/irq.c.obj
 *fill*         0x10004f72        0x2 
 .rodata.__func__.0
                0x10004f74       0x1a complex/weatherstation/CMakeFiles/weatherstation.dir/C_/Program_Files/Raspberry_Pi/Pico_SDK_v1.5.1/pico-sdk/src/rp2_common/hardware_irq/irq.c.obj
 *fill*         0x10004f8e        0x2 
 .rodata.__func__.1
                0x10004f90       0x17 complex/weatherstation/CMakeFiles/weatherstation.dir/C_/Program_Files/Raspberry_Pi/Pico_SDK_v1.5.1/pico-sdk/src/rp2_common/hardware_irq/irq.c.obj
 *fill*         0x10004fa7        0x1 
 .rodata.__func__.2
                0x10004fa8       0x13 complex/weatherstation/CMakeFiles/weatherstation.dir/C_/Program_Files/Raspberry_Pi/Pico_SDK_v1.5.1/pico-sdk/src/rp2_common/hardware_irq/irq.c.obj
 *fill*         0x10004fbb        0x1 
 .rodata.__func__.3
                0x10004fbc        0xc complex/weatherstation/CMakeFiles/weatherstation.dir/C_/Program_Files/Raspberry_Pi/Pico_SDK_v1.5.1/pico-sdk/src/rp2_common/hardware_irq/irq.c.obj
 .rodata.__func__.4
                0x10004fc8        0xf complex/weatherstation/CMakeFiles/weatherstation.dir/C_/Program_Files/Raspberry_Pi/Pico_SDK_v1.5.1/pico-sdk/src/rp2_common/hardware_irq/irq.c.obj
 *fill*         0x10004fd7        0x1 
 .rodata.__func__.6
                0x10004fd8       0x1a complex/weatherstation/CMakeFiles/weatherstation.dir/C_/Program_Files/Raspberry_Pi/Pico_SDK_v1.5.1/pico-sdk/src/rp2_common/hardware_irq/irq.c.obj
 *fill*         0x10004ff2        0x2 
 .rodata.str1.4
                0x10004ff4      0x125 complex/weatherstation/CMakeFiles/weatherstation.dir/C_/Program_Files/Raspberry_Pi/Pico_SDK_v1.5.1/pico-sdk/src/common/pico_sync/mutex.c.obj
 *fill*         0x10005119        0x3 
 .rodata.__func__.1
                0x1000511c        0xb complex/weatherstation/CMakeFiles/weatherstation.dir/C_/Program_Files/Raspberry_Pi/Pico_SDK_v1.5.1/pico-sdk/src/common/pico_sync/mutex.c.obj
 *fill*         0x10005127        0x1 
 .rodata.__func__.3
                0x10005128       0x18 complex/weatherstation/CMakeFiles/weatherstation.dir/C_/Program_Files/Raspberry_Pi/Pico_SDK_v1.5.1/pico-sdk/src/common/pico_sync/mutex.c.obj
 .rodata.repeating_timer_callback.str1.4
                0x10005140       0x67 complex/weatherstation/CMakeFiles/weatherstation.dir/C_/Program_Files/Raspberry_Pi/Pico_SDK_v1.5.1/pico-sdk/src/common/pico_time/time.c.obj
 *fill*         0x100051a7        0x1 
 .rodata.timer_pool_entry_comparator.str1.4
                0x100051a8       0x22 complex/weatherstation/CMakeFiles/weatherstation.dir/C_/Program_Files/Raspberry_Pi/Pico_SDK_v1.5.1/pico-sdk/src/common/pico_time/time.c.obj
 *fill*         0x100051ca        0x2 
 .rodata.ph_add_child_node.str1.4
                0x100051cc       0xb2 complex/weatherstation/CMakeFiles/weatherstation.dir/C_/Program_Files/Raspberry_Pi/Pico_SDK_v1.5.1/pico-sdk/src/common/pico_time/time.c.obj
 *fill*         0x1000527e        0x2 
 .rodata.add_alarm_under_lock.str1.4
                0x10005280       0x28 complex/weatherstation/CMakeFiles/weatherstation.dir/C_/Program_Files/Raspberry_Pi/Pico_SDK_v1.5.1/pico-sdk/src/common/pico_time/time.c.obj
                                 0x2b (size before relaxing)
 .rodata.alarm_pool_alarm_callback.str1.4
                0x100052a8       0x98 complex/weatherstation/CMakeFiles/weatherstation.dir/C_/Program_Files/Raspberry_Pi/Pico_SDK_v1.5.1/pico-sdk/src/common/pico_time/time.c.obj
                                0x118 (size before relaxing)
 .rodata.alarm_pool_get_default.str1.4
                0x10005340       0x21 complex/weatherstation/CMakeFiles/weatherstation.dir/C_/Program_Files/Raspberry_Pi/Pico_SDK_v1.5.1/pico-sdk/src/common/pico_time/time.c.obj
 *fill*         0x10005361        0x3 
 .rodata.alarm_pool_cancel_alarm.str1.4
                0x10005364       0x27 complex/weatherstation/CMakeFiles/weatherstation.dir/C_/Program_Files/Raspberry_Pi/Pico_SDK_v1.5.1/pico-sdk/src/common/pico_time/time.c.obj
 *fill*         0x1000538b        0x1 
 .rodata.sleep_until.str1.4
                0x1000538c       0x4d complex/weatherstation/CMakeFiles/weatherstation.dir/C_/Program_Files/Raspberry_Pi/Pico_SDK_v1.5.1/pico-sdk/src/common/pico_time/time.c.obj
 *fill*         0x100053d9        0x3 
 .rodata.__func__.1
                0x100053dc       0x18 complex/weatherstation/CMakeFiles/weatherstation.dir/C_/Program_Files/Raspberry_Pi/Pico_SDK_v1.5.1/pico-sdk/src/common/pico_time/time.c.obj
 .rodata.__func__.10
                0x100053f4       0x15 complex/weatherstation/CMakeFiles/weatherstation.dir/C_/Program_Files/Raspberry_Pi/Pico_SDK_v1.5.1/pico-sdk/src/common/pico_time/time.c.obj
 *fill*         0x10005409        0x3 
 .rodata.__func__.11
                0x1000540c       0x1a complex/weatherstation/CMakeFiles/weatherstation.dir/C_/Program_Files/Raspberry_Pi/Pico_SDK_v1.5.1/pico-sdk/src/common/pico_time/time.c.obj
 *fill*         0x10005426        0x2 
 .rodata.__func__.12
                0x10005428        0xa complex/weatherstation/CMakeFiles/weatherstation.dir/C_/Program_Files/Raspberry_Pi/Pico_SDK_v1.5.1/pico-sdk/src/common/pico_time/time.c.obj
 *fill*         0x10005432        0x2 
 .rodata.__func__.3
                0x10005434       0x17 complex/weatherstation/CMakeFiles/weatherstation.dir/C_/Program_Files/Raspberry_Pi/Pico_SDK_v1.5.1/pico-sdk/src/common/pico_time/time.c.obj
 *fill*         0x1000544b        0x1 
 .rodata.__func__.4
                0x1000544c       0x12 complex/weatherstation/CMakeFiles/weatherstation.dir/C_/Program_Files/Raspberry_Pi/Pico_SDK_v1.5.1/pico-sdk/src/common/pico_time/time.c.obj
 *fill*         0x1000545e        0x2 
 .rodata.__func__.5
                0x10005460        0xd complex/weatherstation/CMakeFiles/weatherstation.dir/C_/Program_Files/Raspberry_Pi/Pico_SDK_v1.5.1/pico-sdk/src/common/pico_time/time.c.obj
 *fill*         0x1000546d        0x3 
 .rodata.__func__.6
                0x10005470       0x12 complex/weatherstation/CMakeFiles/weatherstation.dir/C_/Program_Files/Raspberry_Pi/Pico_SDK_v1.5.1/pico-sdk/src/common/pico_time/time.c.obj
 *fill*         0x10005482        0x2 
 .rodata.__func__.7
                0x10005484        0xf complex/weatherstation/CMakeFiles/weatherstation.dir/C_/Program_Files/Raspberry_Pi/Pico_SDK_v1.5.1/pico-sdk/src/common/pico_time/time.c.obj
 *fill*         0x10005493        0x1 
 .rodata.__func__.8
                0x10005494        0xc complex/weatherstation/CMakeFiles/weatherstation.dir/C_/Program_Files/Raspberry_Pi/Pico_SDK_v1.5.1/pico-sdk/src/common/pico_time/time.c.obj
 .rodata.__func__.9
                0x100054a0       0x15 complex/weatherstation/CMakeFiles/weatherstation.dir/C_/Program_Files/Raspberry_Pi/Pico_SDK_v1.5.1/pico-sdk/src/common/pico_time/time.c.obj
 *fill*         0x100054b5        0x3 
 .rodata.hardware_alarm_claim.str1.4
                0x100054b8       0x22 complex/weatherstation/CMakeFiles/weatherstation.dir/C_/Program_Files/Raspberry_Pi/Pico_SDK_v1.5.1/pico-sdk/src/rp2_common/hardware_timer/timer.c.obj
 *fill*         0x100054da        0x2 
 .rodata.hardware_alarm_set_target.str1.4
                0x100054dc       0x81 complex/weatherstation/CMakeFiles/weatherstation.dir/C_/Program_Files/Raspberry_Pi/Pico_SDK_v1.5.1/pico-sdk/src/rp2_common/hardware_timer/timer.c.obj
 *fill*         0x1000555d        0x3 
 .rodata.__func__.0
                0x10005560       0x1a complex/weatherstation/CMakeFiles/weatherstation.dir/C_/Program_Files/Raspberry_Pi/Pico_SDK_v1.5.1/pico-sdk/src/rp2_common/hardware_timer/timer.c.obj
 .rodata.ph_add_child_node.str1.4
                0x1000557a       0xb2 complex/weatherstation/CMakeFiles/weatherstation.dir/C_/Program_Files/Raspberry_Pi/Pico_SDK_v1.5.1/pico-sdk/src/common/pico_util/pheap.c.obj
 *fill*         0x1000557a        0x2 
 .rodata.ph_remove_any_head.str1.4
                0x1000557c       0xa8 complex/weatherstation/CMakeFiles/weatherstation.dir/C_/Program_Files/Raspberry_Pi/Pico_SDK_v1.5.1/pico-sdk/src/common/pico_util/pheap.c.obj
                                 0xbc (size before relaxing)
 .rodata.ph_remove_and_free_node.str1.4
                0x10005624       0x1e complex/weatherstation/CMakeFiles/weatherstation.dir/C_/Program_Files/Raspberry_Pi/Pico_SDK_v1.5.1/pico-sdk/src/common/pico_util/pheap.c.obj
                                 0x26 (size before relaxing)
 *fill*         0x10005642        0x2 
 .rodata.__func__.0
                0x10005644       0x18 complex/weatherstation/CMakeFiles/weatherstation.dir/C_/Program_Files/Raspberry_Pi/Pico_SDK_v1.5.1/pico-sdk/src/common/pico_util/pheap.c.obj
 .rodata.__func__.1
                0x1000565c       0x13 complex/weatherstation/CMakeFiles/weatherstation.dir/C_/Program_Files/Raspberry_Pi/Pico_SDK_v1.5.1/pico-sdk/src/common/pico_util/pheap.c.obj
 *fill*         0x1000566f        0x1 
 .rodata.__func__.2
                0x10005670       0x12 complex/weatherstation/CMakeFiles/weatherstation.dir/C_/Program_Files/Raspberry_Pi/Pico_SDK_v1.5.1/pico-sdk/src/common/pico_util/pheap.c.obj
 *fill*         0x10005682        0x2 
 .rodata.__func__.3
                0x10005684        0xc complex/weatherstation/CMakeFiles/weatherstation.dir/C_/Program_Files/Raspberry_Pi/Pico_SDK_v1.5.1/pico-sdk/src/common/pico_util/pheap.c.obj
 .rodata.clock_configure.str1.4
                0x10005690       0x73 complex/weatherstation/CMakeFiles/weatherstation.dir/C_/Program_Files/Raspberry_Pi/Pico_SDK_v1.5.1/pico-sdk/src/rp2_common/hardware_clocks/clocks.c.obj
 *fill*         0x10005703        0x1 
 .rodata.__func__.1
                0x10005704       0x10 complex/weatherstation/CMakeFiles/weatherstation.dir/C_/Program_Files/Raspberry_Pi/Pico_SDK_v1.5.1/pico-sdk/src/rp2_common/hardware_clocks/clocks.c.obj
 .rodata.pll_init.str1.4
                0x10005714      0x140 complex/weatherstation/CMakeFiles/weatherstation.dir/C_/Program_Files/Raspberry_Pi/Pico_SDK_v1.5.1/pico-sdk/src/rp2_common/hardware_pll/pll.c.obj
 .rodata.__func__.0
                0x10005854        0x9 complex/weatherstation/CMakeFiles/weatherstation.dir/C_/Program_Files/Raspberry_Pi/Pico_SDK_v1.5.1/pico-sdk/src/rp2_common/hardware_pll/pll.c.obj
 *fill*         0x1000585d        0x3 
 .rodata.__assert_func.str1.4
                0x10005860       0x3f complex/weatherstation/CMakeFiles/weatherstation.dir/C_/Program_Files/Raspberry_Pi/Pico_SDK_v1.5.1/pico-sdk/src/rp2_common/pico_runtime/runtime.c.obj
                                 0x43 (size before relaxing)
 *fill*         0x1000589f        0x1 
 .rodata.runtime_init.str1.4
                0x100058a0       0x7d complex/weatherstation/CMakeFiles/weatherstation.dir/C_/Program_Files/Raspberry_Pi/Pico_SDK_v1.5.1/pico-sdk/src/rp2_common/pico_runtime/runtime.c.obj
 *fill*         0x1000591d        0x3 
 .rodata.panic.str1.4
                0x10005920       0x12 complex/weatherstation/CMakeFiles/weatherstation.dir/C_/Program_Files/Raspberry_Pi/Pico_SDK_v1.5.1/pico-sdk/src/rp2_common/pico_runtime/runtime.c.obj
 *fill*         0x10005932        0x2 
 .rodata.__func__.2
                0x10005934        0xd complex/weatherstation/CMakeFiles/weatherstation.dir/C_/Program_Files/Raspberry_Pi/Pico_SDK_v1.5.1/pico-sdk/src/rp2_common/pico_runtime/runtime.c.obj
 *fill*         0x10005941        0x3 
 .rodata._ftoa.str1.4
                0x10005944       0x15 complex/weatherstation/CMakeFiles/weatherstation.dir/C_/Program_Files/Raspberry_Pi/Pico_SDK_v1.5.1/pico-sdk/src/rp2_common/pico_printf/printf.c.obj
 *fill*         0x10005959        0x3 
 .rodata._vsnprintf
                0x1000595c      0x1e0 complex/weatherstation/CMakeFiles/weatherstation.dir/C_/Program_Files/Raspberry_Pi/Pico_SDK_v1.5.1/pico-sdk/src/rp2_common/pico_printf/printf.c.obj
 *fill*         0x10005b3c        0x4 
 .rodata.pow10.0
                0x10005b40       0x50 complex/weatherstation/CMakeFiles/weatherstation.dir/C_/Program_Files/Raspberry_Pi/Pico_SDK_v1.5.1/pico-sdk/src/rp2_common/pico_printf/printf.c.obj
 .rodata.__aeabi_double_init.str1.4
                0x10005b90       0xb8 complex/weatherstation/CMakeFiles/weatherstation.dir/C_/Program_Files/Raspberry_Pi/Pico_SDK_v1.5.1/pico-sdk/src/rp2_common/pico_double/double_init_rom.c.obj
 .rodata.__func__.0
                0x10005c48       0x14 complex/weatherstation/CMakeFiles/weatherstation.dir/C_/Program_Files/Raspberry_Pi/Pico_SDK_v1.5.1/pico-sdk/src/rp2_common/pico_double/double_init_rom.c.obj
 .rodata.__aeabi_float_init.str1.4
                0x10005c5c       0x96 complex/weatherstation/CMakeFiles/weatherstation.dir/C_/Program_Files/Raspberry_Pi/Pico_SDK_v1.5.1/pico-sdk/src/rp2_common/pico_float/float_init_rom.c.obj
                                 0x9a (size before relaxing)
 *fill*         0x10005cf2        0x2 
 .rodata.__func__.0
                0x10005cf4       0x13 complex/weatherstation/CMakeFiles/weatherstation.dir/C_/Program_Files/Raspberry_Pi/Pico_SDK_v1.5.1/pico-sdk/src/rp2_common/pico_float/float_init_rom.c.obj
 *fill*         0x10005d07        0x1 
 .rodata.str1.4
                0x10005d08       0x44 complex/weatherstation/CMakeFiles/weatherstation.dir/C_/Program_Files/Raspberry_Pi/Pico_SDK_v1.5.1/pico-sdk/src/rp2_common/pico_standard_link/binary_info.c.obj
 .rodata.__bi_44
                0x10005d4c        0xc complex/weatherstation/CMakeFiles/weatherstation.dir/C_/Program_Files/Raspberry_Pi/Pico_SDK_v1.5.1/pico-sdk/src/rp2_common/pico_standard_link/binary_info.c.obj
 .rodata.__bi_75
                0x10005d58        0xc complex/weatherstation/CMakeFiles/weatherstation.dir/C_/Program_Files/Raspberry_Pi/Pico_SDK_v1.5.1/pico-sdk/src/rp2_common/pico_standard_link/binary_info.c.obj
 .rodata.__bi_81
                0x10005d64        0xc complex/weatherstation/CMakeFiles/weatherstation.dir/C_/Program_Files/Raspberry_Pi/Pico_SDK_v1.5.1/pico-sdk/src/rp2_common/pico_standard_link/binary_info.c.obj
 .rodata.stdout_serialize_begin.str1.4
                0x10005d70       0x7d complex/weatherstation/CMakeFiles/weatherstation.dir/C_/Program_Files/Raspberry_Pi/Pico_SDK_v1.5.1/pico-sdk/src/rp2_common/pico_stdio/stdio.c.obj
 .rodata.__func__.3
                0x10005d70       0x15 complex/weatherstation/CMakeFiles/weatherstation.dir/C_/Program_Files/Raspberry_Pi/Pico_SDK_v1.5.1/pico-sdk/src/rp2_common/pico_stdio/stdio.c.obj
 *fill*         0x10005d85        0x3 
 .rodata.crlf_str.2
                0x10005d88        0x2 complex/weatherstation/CMakeFiles/weatherstation.dir/C_/Program_Files/Raspberry_Pi/Pico_SDK_v1.5.1/pico-sdk/src/rp2_common/pico_stdio/stdio.c.obj
 *fill*         0x10005d8a        0x2 
 .rodata.str1.4
                0x10005d8c      0x176 complex/weatherstation/CMakeFiles/weatherstation.dir/C_/Program_Files/Raspberry_Pi/Pico_SDK_v1.5.1/pico-sdk/src/rp2_common/hardware_flash/flash.c.obj
 *fill*         0x10005f02        0x2 
 .rodata.__func__.0
                0x10005f04        0xd complex/weatherstation/CMakeFiles/weatherstation.dir/C_/Program_Files/Raspberry_Pi/Pico_SDK_v1.5.1/pico-sdk/src/rp2_common/hardware_flash/flash.c.obj
 *fill*         0x10005f11        0x3 
 .rodata.i2c_set_baudrate.str1.4
                0x10005f14       0x79 complex/weatherstation/CMakeFiles/weatherstation.dir/C_/Program_Files/Raspberry_Pi/Pico_SDK_v1.5.1/pico-sdk/src/rp2_common/hardware_i2c/i2c.c.obj
 *fill*         0x10005f8d        0x3 
 .rodata.__func__.0
                0x10005f90       0x11 complex/weatherstation/CMakeFiles/weatherstation.dir/C_/Program_Files/Raspberry_Pi/Pico_SDK_v1.5.1/pico-sdk/src/rp2_common/hardware_i2c/i2c.c.obj
                0x10005fa4                . = ALIGN (0x4)
 *fill*         0x10005fa1        0x3 
 *(SORT_BY_ALIGNMENT(SORT_BY_NAME(.flashdata*)))
                0x10005fa4                . = ALIGN (0x4)

.ARM.extab
 *(.ARM.extab* .gnu.linkonce.armextab.*)
                0x10005fa4                __exidx_start = .

.ARM.exidx
 *(.ARM.exidx* .gnu.linkonce.armexidx.*)
                0x10005fa4                __exidx_end = .
                0x10005fa4                . = ALIGN (0x4)
                0x10005fa4                __binary_info_start = .

.binary_info    0x10005fa4       0x20
 *(.binary_info.keep.*)
 .binary_info.keep.__bi_ptr30
                0x10005fa4        0x4 complex/weatherstation/CMakeFiles/weatherstation.dir/weatherstation.c.obj
 .binary_info.keep.__bi_ptr22
                0x10005fa8        0x4 complex/weatherstation/CMakeFiles/weatherstation.dir/C_/Program_Files/Raspberry_Pi/Pico_SDK_v1.5.1/pico-sdk/src/rp2_common/pico_standard_link/binary_info.c.obj
 .binary_info.keep.__bi_ptr30
                0x10005fac        0x4 complex/weatherstation/CMakeFiles/weatherstation.dir/C_/Program_Files/Raspberry_Pi/Pico_SDK_v1.5.1/pico-sdk/src/rp2_common/pico_standard_link/binary_info.c.obj
 .binary_info.keep.__bi_ptr38
                0x10005fb0        0x4 complex/weatherstation/CMakeFiles/weatherstation.dir/C_/Program_Files/Raspberry_Pi/Pico_SDK_v1.5.1/pico-sdk/src/rp2_common/pico_standard_link/binary_info.c.obj
 .binary_info.keep.__bi_ptr44
                0x10005fb4        0x4 complex/weatherstation/CMakeFiles/weatherstation.dir/C_/Program_Files/Raspberry_Pi/Pico_SDK_v1.5.1/pico-sdk/src/rp2_common/pico_standard_link/binary_info.c.obj
 .binary_info.keep.__bi_ptr50
                0x10005fb8        0x4 complex/weatherstation/CMakeFiles/weatherstation.dir/C_/Program_Files/Raspberry_Pi/Pico_SDK_v1.5.1/pico-sdk/src/rp2_common/pico_standard_link/binary_info.c.obj
 .binary_info.keep.__bi_ptr75
                0x10005fbc        0x4 complex/weatherstation/CMakeFiles/weatherstation.dir/C_/Program_Files/Raspberry_Pi/Pico_SDK_v1.5.1/pico-sdk/src/rp2_common/pico_standard_link/binary_info.c.obj
 .binary_info.keep.__bi_ptr81
                0x10005fc0        0x4 complex/weatherstation/CMakeFiles/weatherstation.dir/C_/Program_Files/Raspberry_Pi/Pico_SDK_v1.5.1/pico-sdk/src/rp2_common/pico_standard_link/binary_info.c.obj
 *(.binary_info.*)
                0x10005fc4                __binary_info_end = .

.rel.dyn        0x10005fc4        0x0
 .rel.iplt      0x10005fc4        0x0 c:/progra~1/raspbe~1/picosd~1.1/gcc-ar~1/bin/../lib/gcc/arm-none-eabi/10.3.1/thumb/v6-m/nofp/crtbegin.o
                0x10005fc4                . = ALIGN (0x4)

.ram_vector_table
                0x20000000       0xc0
 *(.ram_vector_table)
 .ram_vector_table
                0x20000000       0xc0 complex/weatherstation/CMakeFiles/weatherstation.dir/C_/Program_Files/Raspberry_Pi/Pico_SDK_v1.5.1/pico-sdk/src/rp2_common/pico_runtime/runtime.c.obj
                0x20000000                ram_vector_table

.data           0x200000c0      0x378 load address 0x10005fc4
                0x200000c0                __data_start__ = .
 *(vtable)
 *(.time_critical*)
 .time_critical.mutex_try_enter
                0x200000c0       0x46 complex/weatherstation/CMakeFiles/weatherstation.dir/C_/Program_Files/Raspberry_Pi/Pico_SDK_v1.5.1/pico-sdk/src/common/pico_sync/mutex.c.obj
                0x200000c0                mutex_try_enter
 *fill*         0x20000106        0x2 
 .time_critical.mutex_enter_block_until
                0x20000108       0x8c complex/weatherstation/CMakeFiles/weatherstation.dir/C_/Program_Files/Raspberry_Pi/Pico_SDK_v1.5.1/pico-sdk/src/common/pico_sync/mutex.c.obj
                0x20000108                mutex_enter_block_until
 .time_critical.mutex_try_enter_block_until
                0x20000194       0x34 complex/weatherstation/CMakeFiles/weatherstation.dir/C_/Program_Files/Raspberry_Pi/Pico_SDK_v1.5.1/pico-sdk/src/common/pico_sync/mutex.c.obj
                0x20000194                mutex_try_enter_block_until
 .time_critical.mutex_exit
                0x200001c8       0x4c complex/weatherstation/CMakeFiles/weatherstation.dir/C_/Program_Files/Raspberry_Pi/Pico_SDK_v1.5.1/pico-sdk/src/common/pico_sync/mutex.c.obj
                0x200001c8                mutex_exit
 .time_critical.flash_init_boot2_copyout
                0x20000214       0x30 complex/weatherstation/CMakeFiles/weatherstation.dir/C_/Program_Files/Raspberry_Pi/Pico_SDK_v1.5.1/pico-sdk/src/rp2_common/hardware_flash/flash.c.obj
 .time_critical.flash_enable_xip_via_boot2
                0x20000244       0x10 complex/weatherstation/CMakeFiles/weatherstation.dir/C_/Program_Files/Raspberry_Pi/Pico_SDK_v1.5.1/pico-sdk/src/rp2_common/hardware_flash/flash.c.obj
 .time_critical.flash_cs_force
                0x20000254       0x28 complex/weatherstation/CMakeFiles/weatherstation.dir/C_/Program_Files/Raspberry_Pi/Pico_SDK_v1.5.1/pico-sdk/src/rp2_common/hardware_flash/flash.c.obj
 .time_critical.flash_do_cmd
                0x2000027c       0xd8 complex/weatherstation/CMakeFiles/weatherstation.dir/C_/Program_Files/Raspberry_Pi/Pico_SDK_v1.5.1/pico-sdk/src/rp2_common/hardware_flash/flash.c.obj
                0x2000027c                flash_do_cmd
 *(.text*)
 .text          0x20000354        0x4 c:/progra~1/raspbe~1/picosd~1.1/gcc-ar~1/bin/../lib/gcc/arm-none-eabi/10.3.1/thumb/v6-m/nofp\libgcc.a(_dvmd_tls.o)
                0x20000354                __aeabi_idiv0
                0x20000354                __aeabi_ldiv0
 .text.__stub   0x20000358       0x20 linker stubs
                0x20000378                . = ALIGN (0x4)
 *(.rodata*)
                0x20000378                . = ALIGN (0x4)
 *(.data*)
 .data.striped_spin_lock_num
                0x20000378        0x1 complex/weatherstation/CMakeFiles/weatherstation.dir/C_/Program_Files/Raspberry_Pi/Pico_SDK_v1.5.1/pico-sdk/src/rp2_common/hardware_sync/sync.c.obj
 *fill*         0x20000379        0x3 
 .data          0x2000037c       0x48 complex/weatherstation/CMakeFiles/weatherstation.dir/C_/Program_Files/Raspberry_Pi/Pico_SDK_v1.5.1/pico-sdk/src/rp2_common/hardware_irq/irq_handler_chain.S.obj
                0x2000037c                irq_handler_chain_slots
                0x200003ac                irq_handler_chain_first_slot
                0x200003b6                irq_handler_chain_remove_tail
 .data.default_alarm_pool
                0x200003c4       0x18 complex/weatherstation/CMakeFiles/weatherstation.dir/C_/Program_Files/Raspberry_Pi/Pico_SDK_v1.5.1/pico-sdk/src/common/pico_time/time.c.obj
 .data.default_alarm_pool_heap
                0x200003dc       0x10 complex/weatherstation/CMakeFiles/weatherstation.dir/C_/Program_Files/Raspberry_Pi/Pico_SDK_v1.5.1/pico-sdk/src/common/pico_time/time.c.obj
 *fill*         0x200003ec        0x4 
 .data.aeabi_bits_funcs
                0x200003f0       0x10 complex/weatherstation/CMakeFiles/weatherstation.dir/C_/Program_Files/Raspberry_Pi/Pico_SDK_v1.5.1/pico-sdk/src/rp2_common/pico_bit_ops/bit_ops_aeabi.S.obj
                0x200003f0                aeabi_bits_funcs
                0x20000400                aeabi_bits_funcs_end
 .data.aeabi_mem_funcs
                0x20000400       0x10 complex/weatherstation/CMakeFiles/weatherstation.dir/C_/Program_Files/Raspberry_Pi/Pico_SDK_v1.5.1/pico-sdk/src/rp2_common/pico_mem_ops/mem_ops_aeabi.S.obj
                0x20000400                aeabi_mem_funcs
                0x20000410                aeabi_mem_funcs_end
 .data.i2c0_inst
                0x20000410        0x8 complex/weatherstation/CMakeFiles/weatherstation.dir/C_/Program_Files/Raspberry_Pi/Pico_SDK_v1.5.1/pico-sdk/src/rp2_common/hardware_i2c/i2c.c.obj
                0x20000410                i2c0_inst
                0x20000418                . = ALIGN (0x4)
 *(.after_data.*)
                0x20000418                . = ALIGN (0x4)
                0x20000418                PROVIDE (__mutex_array_start = .)
 *(SORT_BY_NAME(.mutex_array.*))
 *(.mutex_array)
 .mutex_array   0x20000418        0x8 complex/weatherstation/CMakeFiles/weatherstation.dir/C_/Program_Files/Raspberry_Pi/Pico_SDK_v1.5.1/pico-sdk/src/rp2_common/pico_stdio/stdio.c.obj
                0x20000420                PROVIDE (__mutex_array_end = .)
                0x20000420                . = ALIGN (0x4)
                0x20000420                PROVIDE (__preinit_array_start = .)
 *(SORT_BY_NAME(.preinit_array.*))
 .preinit_array.00001
                0x20000420        0x4 complex/weatherstation/CMakeFiles/weatherstation.dir/C_/Program_Files/Raspberry_Pi/Pico_SDK_v1.5.1/pico-sdk/src/rp2_common/pico_mem_ops/mem_ops_aeabi.S.obj
 .preinit_array.00010
                0x20000424        0x4 complex/weatherstation/CMakeFiles/weatherstation.dir/C_/Program_Files/Raspberry_Pi/Pico_SDK_v1.5.1/pico-sdk/src/rp2_common/pico_bit_ops/bit_ops_aeabi.S.obj
 .preinit_array.00020
                0x20000428        0x4 complex/weatherstation/CMakeFiles/weatherstation.dir/C_/Program_Files/Raspberry_Pi/Pico_SDK_v1.5.1/pico-sdk/src/rp2_common/pico_double/double_aeabi.S.obj
 .preinit_array.00020
                0x2000042c        0x4 complex/weatherstation/CMakeFiles/weatherstation.dir/C_/Program_Files/Raspberry_Pi/Pico_SDK_v1.5.1/pico-sdk/src/rp2_common/pico_float/float_aeabi.S.obj
 *(.preinit_array)
                0x20000430                PROVIDE (__preinit_array_end = .)
                0x20000430                . = ALIGN (0x4)
                0x20000430                PROVIDE (__init_array_start = .)
 *(SORT_BY_NAME(.init_array.*))
 *(.init_array)
 .init_array    0x20000430        0x4 c:/progra~1/raspbe~1/picosd~1.1/gcc-ar~1/bin/../lib/gcc/arm-none-eabi/10.3.1/thumb/v6-m/nofp/crtbegin.o
 .init_array    0x20000434        0x4 complex/weatherstation/CMakeFiles/weatherstation.dir/C_/Program_Files/Raspberry_Pi/Pico_SDK_v1.5.1/pico-sdk/src/rp2_common/pico_unique_id/unique_id.c.obj
                0x20000438                PROVIDE (__init_array_end = .)
                0x20000438                . = ALIGN (0x4)
                [!provide]                PROVIDE (__fini_array_start = .)
 *(SORT_BY_NAME(.fini_array.*))
 *(.fini_array)
                [!provide]                PROVIDE (__fini_array_end = .)
 *(.jcr)
                0x20000438                . = ALIGN (0x4)
                0x20000438                __data_end__ = .
                0x10005fc4                __etext = LOADADDR (.data)

.igot.plt       0x20000438        0x0 load address 0x1000633c
 .igot.plt      0x20000438        0x0 c:/progra~1/raspbe~1/picosd~1.1/gcc-ar~1/bin/../lib/gcc/arm-none-eabi/10.3.1/thumb/v6-m/nofp/crtbegin.o

.uninitialized_data
                0x20000438        0x0 load address 0x1000633c
                0x20000438                . = ALIGN (0x4)
 *(.uninitialized_data*)

.scratch_x      0x20040000        0x0 load address 0x1000633c
                0x20040000                __scratch_x_start__ = .
 *(.scratch_x.*)
                0x20040000                . = ALIGN (0x4)
                0x20040000                __scratch_x_end__ = .
                0x1000633c                __scratch_x_source__ = LOADADDR (.scratch_x)

.scratch_y      0x20041000        0x0 load address 0x1000633c
                0x20041000                __scratch_y_start__ = .
 *(.scratch_y.*)
                0x20041000                . = ALIGN (0x4)
                0x20041000                __scratch_y_end__ = .
                0x1000633c                __scratch_y_source__ = LOADADDR (.scratch_y)

.bss            0x20000438      0x4d0
                0x20000438                . = ALIGN (0x4)
                0x20000438                __bss_start__ = .
 *(SORT_BY_ALIGNMENT(SORT_BY_NAME(.bss*)))
 .bss.default_alarm_pool_entries
                0x20000438      0x100 complex/weatherstation/CMakeFiles/weatherstation.dir/C_/Program_Files/Raspberry_Pi/Pico_SDK_v1.5.1/pico-sdk/src/common/pico_time/time.c.obj
 .bss           0x20000538       0x1c c:/progra~1/raspbe~1/picosd~1.1/gcc-ar~1/bin/../lib/gcc/arm-none-eabi/10.3.1/thumb/v6-m/nofp/crtbegin.o
 .bss.alarm_callbacks
                0x20000554       0x10 complex/weatherstation/CMakeFiles/weatherstation.dir/C_/Program_Files/Raspberry_Pi/Pico_SDK_v1.5.1/pico-sdk/src/rp2_common/hardware_timer/timer.c.obj
 .bss.boot2_copyout
                0x20000564      0x100 complex/weatherstation/CMakeFiles/weatherstation.dir/C_/Program_Files/Raspberry_Pi/Pico_SDK_v1.5.1/pico-sdk/src/rp2_common/hardware_flash/flash.c.obj
 .bss.configured_freq
                0x20000664       0x28 complex/weatherstation/CMakeFiles/weatherstation.dir/C_/Program_Files/Raspberry_Pi/Pico_SDK_v1.5.1/pico-sdk/src/rp2_common/hardware_clocks/clocks.c.obj
 .bss.default_alarm_pool_entry_ids_high
                0x2000068c       0x10 complex/weatherstation/CMakeFiles/weatherstation.dir/C_/Program_Files/Raspberry_Pi/Pico_SDK_v1.5.1/pico-sdk/src/common/pico_time/time.c.obj
 .bss.default_alarm_pool_heap_nodes
                0x2000069c       0x30 complex/weatherstation/CMakeFiles/weatherstation.dir/C_/Program_Files/Raspberry_Pi/Pico_SDK_v1.5.1/pico-sdk/src/common/pico_time/time.c.obj
 .bss.drivers   0x200006cc        0x4 complex/weatherstation/CMakeFiles/weatherstation.dir/C_/Program_Files/Raspberry_Pi/Pico_SDK_v1.5.1/pico-sdk/src/rp2_common/pico_stdio/stdio.c.obj
 .bss.filter    0x200006d0        0x4 complex/weatherstation/CMakeFiles/weatherstation.dir/C_/Program_Files/Raspberry_Pi/Pico_SDK_v1.5.1/pico-sdk/src/rp2_common/pico_stdio/stdio.c.obj
 .bss.pools     0x200006d4       0x10 complex/weatherstation/CMakeFiles/weatherstation.dir/C_/Program_Files/Raspberry_Pi/Pico_SDK_v1.5.1/pico-sdk/src/common/pico_time/time.c.obj
 .bss.retrieved_id
                0x200006e4        0x8 complex/weatherstation/CMakeFiles/weatherstation.dir/C_/Program_Files/Raspberry_Pi/Pico_SDK_v1.5.1/pico-sdk/src/rp2_common/pico_unique_id/unique_id.c.obj
 .bss.sd_table  0x200006ec      0x100 complex/weatherstation/CMakeFiles/weatherstation.dir/C_/Program_Files/Raspberry_Pi/Pico_SDK_v1.5.1/pico-sdk/src/rp2_common/pico_double/double_init_rom.c.obj
                0x200006ec                sd_table
 .bss.sf_clz_func
                0x200007ec        0x4 complex/weatherstation/CMakeFiles/weatherstation.dir/C_/Program_Files/Raspberry_Pi/Pico_SDK_v1.5.1/pico-sdk/src/rp2_common/pico_double/double_init_rom.c.obj
                0x200007ec                sf_clz_func
 .bss.sf_table  0x200007f0      0x100 complex/weatherstation/CMakeFiles/weatherstation.dir/C_/Program_Files/Raspberry_Pi/Pico_SDK_v1.5.1/pico-sdk/src/rp2_common/pico_float/float_init_rom.c.obj
                0x200007f0                sf_table
 .bss.sleep_notifier
                0x200008f0        0x4 complex/weatherstation/CMakeFiles/weatherstation.dir/C_/Program_Files/Raspberry_Pi/Pico_SDK_v1.5.1/pico-sdk/src/common/pico_time/time.c.obj
 .bss.target_hi
                0x200008f4       0x10 complex/weatherstation/CMakeFiles/weatherstation.dir/C_/Program_Files/Raspberry_Pi/Pico_SDK_v1.5.1/pico-sdk/src/rp2_common/hardware_timer/timer.c.obj
 .bss.boot2_copyout_valid
                0x20000904        0x1 complex/weatherstation/CMakeFiles/weatherstation.dir/C_/Program_Files/Raspberry_Pi/Pico_SDK_v1.5.1/pico-sdk/src/rp2_common/hardware_flash/flash.c.obj
 .bss.claimed   0x20000905        0x1 complex/weatherstation/CMakeFiles/weatherstation.dir/C_/Program_Files/Raspberry_Pi/Pico_SDK_v1.5.1/pico-sdk/src/rp2_common/hardware_timer/timer.c.obj
 .bss.irq_hander_chain_free_slot_head
                0x20000906        0x1 complex/weatherstation/CMakeFiles/weatherstation.dir/C_/Program_Files/Raspberry_Pi/Pico_SDK_v1.5.1/pico-sdk/src/rp2_common/hardware_irq/irq.c.obj
 .bss.timer_callbacks_pending
                0x20000907        0x1 complex/weatherstation/CMakeFiles/weatherstation.dir/C_/Program_Files/Raspberry_Pi/Pico_SDK_v1.5.1/pico-sdk/src/rp2_common/hardware_timer/timer.c.obj
 *(COMMON)
                0x20000908                . = ALIGN (0x4)
                0x20000908                __bss_end__ = .

.heap           0x20000908      0x800
                0x20000908                __end__ = .
                0x20000908                end = __end__
 *(.heap*)
 .heap          0x20000908      0x800 complex/weatherstation/CMakeFiles/weatherstation.dir/C_/Program_Files/Raspberry_Pi/Pico_SDK_v1.5.1/pico-sdk/src/rp2_common/pico_standard_link/crt0.S.obj
                0x20001108                __HeapLimit = .

.stack1_dummy   0x20040000        0x0
 *(.stack1*)

.stack_dummy    0x20041000      0x800
 *(.stack*)
 .stack         0x20041000      0x800 complex/weatherstation/CMakeFiles/weatherstation.dir/C_/Program_Files/Raspberry_Pi/Pico_SDK_v1.5.1/pico-sdk/src/rp2_common/pico_standard_link/crt0.S.obj

.flash_end      0x1000633c        0x0
                0x1000633c                PROVIDE (__flash_binary_end = .)
                0x20040000                __StackLimit = (ORIGIN (RAM) + LENGTH (RAM))
                0x20041000                __StackOneTop = (ORIGIN (SCRATCH_X) + LENGTH (SCRATCH_X))
                0x20042000                __StackTop = (ORIGIN (SCRATCH_Y) + LENGTH (SCRATCH_Y))
                0x20041000                __StackOneBottom = (__StackOneTop - SIZEOF (.stack1_dummy))
                0x20041800                __StackBottom = (__StackTop - SIZEOF (.stack_dummy))
                0x20042000                PROVIDE (__stack = __StackTop)
                0x00000001                ASSERT ((__StackLimit >= __HeapLimit), region RAM overflowed)
                0x00000001                ASSERT (((__binary_info_header_end - __logical_binary_start) <= 0x100), Binary info must be in first 256 bytes of the binary)
LOAD complex/weatherstation/CMakeFiles/weatherstation.dir/weatherstation.c.obj
LOAD complex/weatherstation/CMakeFiles/weatherstation.dir/C_/Program_Files/Raspberry_Pi/Pico_SDK_v1.5.1/pico-sdk/src/rp2_common/pico_stdlib/stdlib.c.obj
LOAD complex/weatherstation/CMakeFiles/weatherstation.dir/C_/Program_Files/Raspberry_Pi/Pico_SDK_v1.5.1/pico-sdk/src/rp2_common/hardware_gpio/gpio.c.obj
LOAD complex/weatherstation/CMakeFiles/weatherstation.dir/C_/Program_Files/Raspberry_Pi/Pico_SDK_v1.5.1/pico-sdk/src/rp2_common/pico_platform/platform.c.obj
LOAD complex/weatherstation/CMakeFiles/weatherstation.dir/C_/Program_Files/Raspberry_Pi/Pico_SDK_v1.5.1/pico-sdk/src/rp2_common/hardware_claim/claim.c.obj
LOAD complex/weatherstation/CMakeFiles/weatherstation.dir/C_/Program_Files/Raspberry_Pi/Pico_SDK_v1.5.1/pico-sdk/src/rp2_common/hardware_sync/sync.c.obj
LOAD complex/weatherstation/CMakeFiles/weatherstation.dir/C_/Program_Files/Raspberry_Pi/Pico_SDK_v1.5.1/pico-sdk/src/rp2_common/hardware_irq/irq.c.obj
LOAD complex/weatherstation/CMakeFiles/weatherstation.dir/C_/Program_Files/Raspberry_Pi/Pico_SDK_v1.5.1/pico-sdk/src/rp2_common/hardware_irq/irq_handler_chain.S.obj
LOAD complex/weatherstation/CMakeFiles/weatherstation.dir/C_/Program_Files/Raspberry_Pi/Pico_SDK_v1.5.1/pico-sdk/src/common/pico_sync/sem.c.obj
LOAD complex/weatherstation/CMakeFiles/weatherstation.dir/C_/Program_Files/Raspberry_Pi/Pico_SDK_v1.5.1/pico-sdk/src/common/pico_sync/lock_core.c.obj
LOAD complex/weatherstation/CMakeFiles/weatherstation.dir/C_/Program_Files/Raspberry_Pi/Pico_SDK_v1.5.1/pico-sdk/src/common/pico_sync/mutex.c.obj
LOAD complex/weatherstation/CMakeFiles/weatherstation.dir/C_/Program_Files/Raspberry_Pi/Pico_SDK_v1.5.1/pico-sdk/src/common/pico_sync/critical_section.c.obj
LOAD complex/weatherstation/CMakeFiles/weatherstation.dir/C_/Program_Files/Raspberry_Pi/Pico_SDK_v1.5.1/pico-sdk/src/common/pico_time/time.c.obj
LOAD complex/weatherstation/CMakeFiles/weatherstation.dir/C_/Program_Files/Raspberry_Pi/Pico_SDK_v1.5.1/pico-sdk/src/common/pico_time/timeout_helper.c.obj
LOAD complex/weatherstation/CMakeFiles/weatherstation.dir/C_/Program_Files/Raspberry_Pi/Pico_SDK_v1.5.1/pico-sdk/src/rp2_common/hardware_timer/timer.c.obj
LOAD complex/weatherstation/CMakeFiles/weatherstation.dir/C_/Program_Files/Raspberry_Pi/Pico_SDK_v1.5.1/pico-sdk/src/common/pico_util/datetime.c.obj
LOAD complex/weatherstation/CMakeFiles/weatherstation.dir/C_/Program_Files/Raspberry_Pi/Pico_SDK_v1.5.1/pico-sdk/src/common/pico_util/pheap.c.obj
LOAD complex/weatherstation/CMakeFiles/weatherstation.dir/C_/Program_Files/Raspberry_Pi/Pico_SDK_v1.5.1/pico-sdk/src/common/pico_util/queue.c.obj
LOAD complex/weatherstation/CMakeFiles/weatherstation.dir/C_/Program_Files/Raspberry_Pi/Pico_SDK_v1.5.1/pico-sdk/src/rp2_common/hardware_uart/uart.c.obj
LOAD complex/weatherstation/CMakeFiles/weatherstation.dir/C_/Program_Files/Raspberry_Pi/Pico_SDK_v1.5.1/pico-sdk/src/rp2_common/hardware_clocks/clocks.c.obj
LOAD complex/weatherstation/CMakeFiles/weatherstation.dir/C_/Program_Files/Raspberry_Pi/Pico_SDK_v1.5.1/pico-sdk/src/rp2_common/hardware_pll/pll.c.obj
LOAD complex/weatherstation/CMakeFiles/weatherstation.dir/C_/Program_Files/Raspberry_Pi/Pico_SDK_v1.5.1/pico-sdk/src/rp2_common/hardware_vreg/vreg.c.obj
LOAD complex/weatherstation/CMakeFiles/weatherstation.dir/C_/Program_Files/Raspberry_Pi/Pico_SDK_v1.5.1/pico-sdk/src/rp2_common/hardware_watchdog/watchdog.c.obj
LOAD complex/weatherstation/CMakeFiles/weatherstation.dir/C_/Program_Files/Raspberry_Pi/Pico_SDK_v1.5.1/pico-sdk/src/rp2_common/hardware_xosc/xosc.c.obj
LOAD complex/weatherstation/CMakeFiles/weatherstation.dir/C_/Program_Files/Raspberry_Pi/Pico_SDK_v1.5.1/pico-sdk/src/rp2_common/hardware_divider/divider.S.obj
LOAD complex/weatherstation/CMakeFiles/weatherstation.dir/C_/Program_Files/Raspberry_Pi/Pico_SDK_v1.5.1/pico-sdk/src/rp2_common/pico_runtime/runtime.c.obj
LOAD complex/weatherstation/CMakeFiles/weatherstation.dir/C_/Program_Files/Raspberry_Pi/Pico_SDK_v1.5.1/pico-sdk/src/rp2_common/pico_printf/printf.c.obj
LOAD complex/weatherstation/CMakeFiles/weatherstation.dir/C_/Program_Files/Raspberry_Pi/Pico_SDK_v1.5.1/pico-sdk/src/rp2_common/pico_bit_ops/bit_ops_aeabi.S.obj
LOAD complex/weatherstation/CMakeFiles/weatherstation.dir/C_/Program_Files/Raspberry_Pi/Pico_SDK_v1.5.1/pico-sdk/src/rp2_common/pico_bootrom/bootrom.c.obj
LOAD complex/weatherstation/CMakeFiles/weatherstation.dir/C_/Program_Files/Raspberry_Pi/Pico_SDK_v1.5.1/pico-sdk/src/rp2_common/pico_divider/divider.S.obj
LOAD complex/weatherstation/CMakeFiles/weatherstation.dir/C_/Program_Files/Raspberry_Pi/Pico_SDK_v1.5.1/pico-sdk/src/rp2_common/pico_double/double_aeabi.S.obj
LOAD complex/weatherstation/CMakeFiles/weatherstation.dir/C_/Program_Files/Raspberry_Pi/Pico_SDK_v1.5.1/pico-sdk/src/rp2_common/pico_double/double_init_rom.c.obj
LOAD complex/weatherstation/CMakeFiles/weatherstation.dir/C_/Program_Files/Raspberry_Pi/Pico_SDK_v1.5.1/pico-sdk/src/rp2_common/pico_double/double_math.c.obj
LOAD complex/weatherstation/CMakeFiles/weatherstation.dir/C_/Program_Files/Raspberry_Pi/Pico_SDK_v1.5.1/pico-sdk/src/rp2_common/pico_double/double_v1_rom_shim.S.obj
LOAD complex/weatherstation/CMakeFiles/weatherstation.dir/C_/Program_Files/Raspberry_Pi/Pico_SDK_v1.5.1/pico-sdk/src/rp2_common/pico_int64_ops/pico_int64_ops_aeabi.S.obj
LOAD complex/weatherstation/CMakeFiles/weatherstation.dir/C_/Program_Files/Raspberry_Pi/Pico_SDK_v1.5.1/pico-sdk/src/rp2_common/pico_float/float_aeabi.S.obj
LOAD complex/weatherstation/CMakeFiles/weatherstation.dir/C_/Program_Files/Raspberry_Pi/Pico_SDK_v1.5.1/pico-sdk/src/rp2_common/pico_float/float_init_rom.c.obj
LOAD complex/weatherstation/CMakeFiles/weatherstation.dir/C_/Program_Files/Raspberry_Pi/Pico_SDK_v1.5.1/pico-sdk/src/rp2_common/pico_float/float_math.c.obj
LOAD complex/weatherstation/CMakeFiles/weatherstation.dir/C_/Program_Files/Raspberry_Pi/Pico_SDK_v1.5.1/pico-sdk/src/rp2_common/pico_float/float_v1_rom_shim.S.obj
LOAD complex/weatherstation/CMakeFiles/weatherstation.dir/C_/Program_Files/Raspberry_Pi/Pico_SDK_v1.5.1/pico-sdk/src/rp2_common/pico_malloc/pico_malloc.c.obj
LOAD complex/weatherstation/CMakeFiles/weatherstation.dir/C_/Program_Files/Raspberry_Pi/Pico_SDK_v1.5.1/pico-sdk/src/rp2_common/pico_mem_ops/mem_ops_aeabi.S.obj
LOAD complex/weatherstation/CMakeFiles/weatherstation.dir/C_/Program_Files/Raspberry_Pi/Pico_SDK_v1.5.1/pico-sdk/src/rp2_common/pico_standard_link/crt0.S.obj
LOAD complex/weatherstation/CMakeFiles/weatherstation.dir/C_/Program_Files/Raspberry_Pi/Pico_SDK_v1.5.1/pico-sdk/src/rp2_common/pico_standard_link/new_delete.cpp.obj
LOAD complex/weatherstation/CMakeFiles/weatherstation.dir/C_/Program_Files/Raspberry_Pi/Pico_SDK_v1.5.1/pico-sdk/src/rp2_common/pico_standard_link/binary_info.c.obj
LOAD complex/weatherstation/CMakeFiles/weatherstation.dir/C_/Program_Files/Raspberry_Pi/Pico_SDK_v1.5.1/pico-sdk/src/rp2_common/pico_stdio/stdio.c.obj
LOAD complex/weatherstation/CMakeFiles/weatherstation.dir/C_/Program_Files/Raspberry_Pi/Pico_SDK_v1.5.1/pico-sdk/src/rp2_common/pico_stdio_usb/reset_interface.c.obj
LOAD complex/weatherstation/CMakeFiles/weatherstation.dir/C_/Program_Files/Raspberry_Pi/Pico_SDK_v1.5.1/pico-sdk/src/rp2_common/pico_stdio_usb/stdio_usb.c.obj
LOAD complex/weatherstation/CMakeFiles/weatherstation.dir/C_/Program_Files/Raspberry_Pi/Pico_SDK_v1.5.1/pico-sdk/src/rp2_common/pico_stdio_usb/stdio_usb_descriptors.c.obj
LOAD complex/weatherstation/CMakeFiles/weatherstation.dir/C_/Program_Files/Raspberry_Pi/Pico_SDK_v1.5.1/pico-sdk/src/rp2_common/pico_unique_id/unique_id.c.obj
LOAD complex/weatherstation/CMakeFiles/weatherstation.dir/C_/Program_Files/Raspberry_Pi/Pico_SDK_v1.5.1/pico-sdk/src/rp2_common/hardware_flash/flash.c.obj
LOAD complex/weatherstation/CMakeFiles/weatherstation.dir/C_/Program_Files/Raspberry_Pi/Pico_SDK_v1.5.1/pico-sdk/lib/tinyusb/src/portable/raspberrypi/rp2040/dcd_rp2040.c.obj
LOAD complex/weatherstation/CMakeFiles/weatherstation.dir/C_/Program_Files/Raspberry_Pi/Pico_SDK_v1.5.1/pico-sdk/lib/tinyusb/src/portable/raspberrypi/rp2040/rp2040_usb.c.obj
LOAD complex/weatherstation/CMakeFiles/weatherstation.dir/C_/Program_Files/Raspberry_Pi/Pico_SDK_v1.5.1/pico-sdk/lib/tinyusb/src/device/usbd.c.obj
LOAD complex/weatherstation/CMakeFiles/weatherstation.dir/C_/Program_Files/Raspberry_Pi/Pico_SDK_v1.5.1/pico-sdk/lib/tinyusb/src/device/usbd_control.c.obj
LOAD complex/weatherstation/CMakeFiles/weatherstation.dir/C_/Program_Files/Raspberry_Pi/Pico_SDK_v1.5.1/pico-sdk/lib/tinyusb/src/class/audio/audio_device.c.obj
LOAD complex/weatherstation/CMakeFiles/weatherstation.dir/C_/Program_Files/Raspberry_Pi/Pico_SDK_v1.5.1/pico-sdk/lib/tinyusb/src/class/cdc/cdc_device.c.obj
LOAD complex/weatherstation/CMakeFiles/weatherstation.dir/C_/Program_Files/Raspberry_Pi/Pico_SDK_v1.5.1/pico-sdk/lib/tinyusb/src/class/dfu/dfu_device.c.obj
LOAD complex/weatherstation/CMakeFiles/weatherstation.dir/C_/Program_Files/Raspberry_Pi/Pico_SDK_v1.5.1/pico-sdk/lib/tinyusb/src/class/dfu/dfu_rt_device.c.obj
LOAD complex/weatherstation/CMakeFiles/weatherstation.dir/C_/Program_Files/Raspberry_Pi/Pico_SDK_v1.5.1/pico-sdk/lib/tinyusb/src/class/hid/hid_device.c.obj
LOAD complex/weatherstation/CMakeFiles/weatherstation.dir/C_/Program_Files/Raspberry_Pi/Pico_SDK_v1.5.1/pico-sdk/lib/tinyusb/src/class/midi/midi_device.c.obj
LOAD complex/weatherstation/CMakeFiles/weatherstation.dir/C_/Program_Files/Raspberry_Pi/Pico_SDK_v1.5.1/pico-sdk/lib/tinyusb/src/class/msc/msc_device.c.obj
LOAD complex/weatherstation/CMakeFiles/weatherstation.dir/C_/Program_Files/Raspberry_Pi/Pico_SDK_v1.5.1/pico-sdk/lib/tinyusb/src/class/net/ecm_rndis_device.c.obj
LOAD complex/weatherstation/CMakeFiles/weatherstation.dir/C_/Program_Files/Raspberry_Pi/Pico_SDK_v1.5.1/pico-sdk/lib/tinyusb/src/class/net/ncm_device.c.obj
LOAD complex/weatherstation/CMakeFiles/weatherstation.dir/C_/Program_Files/Raspberry_Pi/Pico_SDK_v1.5.1/pico-sdk/lib/tinyusb/src/class/usbtmc/usbtmc_device.c.obj
LOAD complex/weatherstation/CMakeFiles/weatherstation.dir/C_/Program_Files/Raspberry_Pi/Pico_SDK_v1.5.1/pico-sdk/lib/tinyusb/src/class/vendor/vendor_device.c.obj
LOAD complex/weatherstation/CMakeFiles/weatherstation.dir/C_/Program_Files/Raspberry_Pi/Pico_SDK_v1.5.1/pico-sdk/lib/tinyusb/src/class/video/video_device.c.obj
LOAD complex/weatherstation/CMakeFiles/weatherstation.dir/C_/Program_Files/Raspberry_Pi/Pico_SDK_v1.5.1/pico-sdk/lib/tinyusb/src/portable/raspberrypi/pio_usb/dcd_pio_usb.c.obj
LOAD complex/weatherstation/CMakeFiles/weatherstation.dir/C_/Program_Files/Raspberry_Pi/Pico_SDK_v1.5.1/pico-sdk/lib/tinyusb/src/tusb.c.obj
LOAD complex/weatherstation/CMakeFiles/weatherstation.dir/C_/Program_Files/Raspberry_Pi/Pico_SDK_v1.5.1/pico-sdk/lib/tinyusb/src/common/tusb_fifo.c.obj
LOAD complex/weatherstation/CMakeFiles/weatherstation.dir/C_/Program_Files/Raspberry_Pi/Pico_SDK_v1.5.1/pico-sdk/src/rp2_common/pico_fix/rp2040_usb_device_enumeration/rp2040_usb_device_enumeration.c.obj
LOAD complex/weatherstation/CMakeFiles/weatherstation.dir/C_/Program_Files/Raspberry_Pi/Pico_SDK_v1.5.1/pico-sdk/src/rp2_common/hardware_i2c/i2c.c.obj
LOAD complex/weatherstation/CMakeFiles/weatherstation.dir/lcd_library/lcd_1602_i2c.c.obj
LOAD complex/weatherstation/CMakeFiles/weatherstation.dir/bmp_library/bmp280_i2c.c.obj
LOAD C:\Users\Britt\AppData\Local\Temp\ccy5Domo.o
LOAD c:/progra~1/raspbe~1/picosd~1.1/gcc-ar~1/bin/../lib/gcc/arm-none-eabi/10.3.1/../../../../arm-none-eabi/lib/thumb/v6-m/nofp\libstdc++.a
LOAD c:/progra~1/raspbe~1/picosd~1.1/gcc-ar~1/bin/../lib/gcc/arm-none-eabi/10.3.1/../../../../arm-none-eabi/lib/thumb/v6-m/nofp\libm.a
START GROUP
LOAD c:/progra~1/raspbe~1/picosd~1.1/gcc-ar~1/bin/../lib/gcc/arm-none-eabi/10.3.1/thumb/v6-m/nofp\libgcc.a
LOAD c:/progra~1/raspbe~1/picosd~1.1/gcc-ar~1/bin/../lib/gcc/arm-none-eabi/10.3.1/../../../../arm-none-eabi/lib/thumb/v6-m/nofp\libg.a
LOAD c:/progra~1/raspbe~1/picosd~1.1/gcc-ar~1/bin/../lib/gcc/arm-none-eabi/10.3.1/../../../../arm-none-eabi/lib/thumb/v6-m/nofp\libc.a
END GROUP
START GROUP
LOAD c:/progra~1/raspbe~1/picosd~1.1/gcc-ar~1/bin/../lib/gcc/arm-none-eabi/10.3.1/thumb/v6-m/nofp\libgcc.a
LOAD c:/progra~1/raspbe~1/picosd~1.1/gcc-ar~1/bin/../lib/gcc/arm-none-eabi/10.3.1/../../../../arm-none-eabi/lib/thumb/v6-m/nofp\libc.a
LOAD c:/progra~1/raspbe~1/picosd~1.1/gcc-ar~1/bin/../lib/gcc/arm-none-eabi/10.3.1/../../../../arm-none-eabi/lib/thumb/v6-m/nofp\libnosys.a
END GROUP
LOAD c:/progra~1/raspbe~1/picosd~1.1/gcc-ar~1/bin/../lib/gcc/arm-none-eabi/10.3.1/thumb/v6-m/nofp/crtend.o
LOAD c:/progra~1/raspbe~1/picosd~1.1/gcc-ar~1/bin/../lib/gcc/arm-none-eabi/10.3.1/thumb/v6-m/nofp/crtn.o
OUTPUT(complex\weatherstation\weatherstation.elf elf32-littlearm)
LOAD linker stubs

.ARM.attributes
                0x00000000       0x28
 .ARM.attributes
                0x00000000       0x1e c:/progra~1/raspbe~1/picosd~1.1/gcc-ar~1/bin/../lib/gcc/arm-none-eabi/10.3.1/thumb/v6-m/nofp/crti.o
 .ARM.attributes
                0x0000001e       0x2c c:/progra~1/raspbe~1/picosd~1.1/gcc-ar~1/bin/../lib/gcc/arm-none-eabi/10.3.1/thumb/v6-m/nofp/crtbegin.o
 .ARM.attributes
                0x0000004a       0x2c complex/weatherstation/CMakeFiles/weatherstation.dir/weatherstation.c.obj
 .ARM.attributes
                0x00000076       0x2c complex/weatherstation/CMakeFiles/weatherstation.dir/C_/Program_Files/Raspberry_Pi/Pico_SDK_v1.5.1/pico-sdk/src/rp2_common/hardware_gpio/gpio.c.obj
 .ARM.attributes
                0x000000a2       0x2c complex/weatherstation/CMakeFiles/weatherstation.dir/C_/Program_Files/Raspberry_Pi/Pico_SDK_v1.5.1/pico-sdk/src/rp2_common/pico_platform/platform.c.obj
 .ARM.attributes
                0x000000ce       0x2c complex/weatherstation/CMakeFiles/weatherstation.dir/C_/Program_Files/Raspberry_Pi/Pico_SDK_v1.5.1/pico-sdk/src/rp2_common/hardware_claim/claim.c.obj
 .ARM.attributes
                0x000000fa       0x2c complex/weatherstation/CMakeFiles/weatherstation.dir/C_/Program_Files/Raspberry_Pi/Pico_SDK_v1.5.1/pico-sdk/src/rp2_common/hardware_sync/sync.c.obj
 .ARM.attributes
                0x00000126       0x2c complex/weatherstation/CMakeFiles/weatherstation.dir/C_/Program_Files/Raspberry_Pi/Pico_SDK_v1.5.1/pico-sdk/src/rp2_common/hardware_irq/irq.c.obj
 .ARM.attributes
                0x00000152       0x22 complex/weatherstation/CMakeFiles/weatherstation.dir/C_/Program_Files/Raspberry_Pi/Pico_SDK_v1.5.1/pico-sdk/src/rp2_common/hardware_irq/irq_handler_chain.S.obj
 .ARM.attributes
                0x00000174       0x2c complex/weatherstation/CMakeFiles/weatherstation.dir/C_/Program_Files/Raspberry_Pi/Pico_SDK_v1.5.1/pico-sdk/src/common/pico_sync/lock_core.c.obj
 .ARM.attributes